# M4.2 三架构 check-layout 全量复跑 2026-09-22T23:45:11+08:00
# cmd: bash os/kernel-image/check-layout.sh all（每架构内部各自 cargo build --target ... --features fw-*-none --release）
== x86_64：/home/xzhao/github/minix-rs/os/target/x86_64-unknown-none/release/kernel
  [L0] PASS  x86_64.ld 里 KERNEL_HIGH_BASE/KERNEL_PHYS_BASE 各恰好一处声明且等于 0xffff800000000000/0x200000（命中 1/1 处：ffff800000000000 | 200000）
  [L1] PASS  ELF 类型 = EXEC（实得 EXEC）
  [L2] PASS  机器类型含 "Advanced Micro Devices X86-64"（实得 Advanced Micro Devices X86-64）
  [L3a] PASS  PT_LOAD 段数 >= 1（实得 5）
  [L3b] PASS  首段 VMA = 0xffff800000200000（实得 0xffff800000200000）
  [L3c] PASS  首段 LMA = 0x200000（实得 0x0000000000200000）
  [L4] PASS  所有 PT_LOAD 的 vaddr-paddr 平移量一致（= 0xffff800000000000，违例 0 段）
  [L5] PASS  镜像跨距 2 MiB 且 2MiB 对齐（余 0 字节）
  [L6a] PASS  入口 = 0xffff800000200000（实得 0xffff800000200000）
  [L6b] PASS  符号 _start = 入口（实得 ffff800000200000）
  [L6c] PASS  入口 0xffff800000200000 落在首段 [0xffff800000200000, +0x3933e) 内
  [L7] PASS  引导栈 64 KiB（实得 65536 字节）且落在末段 [0xffff800000305000, +0xffff800000400000)（bottom=0xffff80000038bc00）
  [L8] PASS  minix_kernel::arch_boot 在镜像里（命中 1 个符号）
== aarch64：/home/xzhao/github/minix-rs/os/target/aarch64-unknown-none/release/kernel
  [L0] PASS  aarch64.ld 里 KERNEL_VIRT_BASE/KERNEL_PHYS_BASE 各恰好一处声明且等于 0xffff800000000000/0x40200000（命中 1/1 处：ffff800000000000 | 40200000）
  [L1] PASS  ELF 类型 = EXEC（实得 EXEC）
  [L2] PASS  机器类型含 "AArch64"（实得 AArch64）
  [L3a] PASS  PT_LOAD 段数 >= 1（实得 4）
  [L3b] PASS  首段 VMA = 0xffff800000000000（实得 0xffff800000000000）
  [L3c] PASS  首段 LMA = 0x40200000（实得 0x0000000040200000）
  [L4] PASS  所有 PT_LOAD 的 vaddr-paddr 平移量一致（= 0xffff7fffbfe00000，违例 0 段）
  [L5] PASS  镜像跨距 2 MiB 且 2MiB 对齐（余 0 字节）
  [L6a] PASS  入口 = 0xffff800000000000（实得 0xffff800000000000）
  [L6b] PASS  符号 _start = 入口（实得 ffff800000000000）
  [L6c] PASS  入口 0xffff800000000000 落在首段 [0xffff800000000000, +0x2e994) 内
  [L7] PASS  引导栈 64 KiB（实得 65536 字节）且落在末段 [0xffff8000000fe000, +0xffff800000200000)（bottom=0xffff800000142f00）
  [L8] PASS  minix_kernel::arch_boot 在镜像里（命中 1 个符号）
== riscv64：/home/xzhao/github/minix-rs/os/target/riscv64gc-unknown-none-elf/release/kernel
  [L0] PASS  riscv64.ld 里 KERNEL_VIRT_BASE/KERNEL_PHYS_BASE 各恰好一处声明且等于 0xffffffc000000000/0x80200000（命中 1/1 处：ffffffc000000000 | 80200000）
  [L1] PASS  ELF 类型 = EXEC（实得 EXEC）
  [L2] PASS  机器类型含 "RISC-V"（实得 RISC-V）
  [L3a] PASS  PT_LOAD 段数 >= 1（实得 4）
  [L3b] PASS  首段 VMA = 0xffffffc000000000（实得 0xffffffc000000000）
  [L3c] PASS  首段 LMA = 0x80200000（实得 0x0000000080200000）
  [L4] PASS  所有 PT_LOAD 的 vaddr-paddr 平移量一致（= 0xffffffbf7fe00000，违例 0 段）
  [L5] PASS  镜像跨距 2 MiB 且 2MiB 对齐（余 0 字节）
  [L6a] PASS  入口 = 0xffffffc000000000（实得 0xffffffc000000000）
  [L6b] PASS  符号 _start = 入口（实得 ffffffc000000000）
  [L6c] PASS  入口 0xffffffc000000000 落在首段 [0xffffffc000000000, +0x22eca) 内
  [L7] PASS  引导栈 64 KiB（实得 65536 字节）且落在末段 [0xffffffc0000e0000, +0xffffffc000200000)（bottom=0xffffffc000124f00）
  [L8] PASS  minix_kernel::arch_boot 在镜像里（命中 1 个符号）
CHECK-LAYOUT=PASS（all）
ALL-EXIT=0
