# NK4-B P4 M4.3 前置件复查（更正 M4.1 的探测清单）
# 日期 2026-09-22
# 结论先行：test-riscv64-uboot.sh 的真实依赖是 mkimage(u-boot-tools) + U-Boot 固件 blob
#   (/usr/lib/u-boot/**)，**不含 dtc**（M4.1 那次探的是 mkimage/dtc + 四个目录，
#   dtc 属错误探针）。dosfstools/mtools 本机已装，所以缺项精确到 2 个。
#   OpenSBI 腿（-bios default -kernel）零新增依赖，M4.3 因此可先行。

== 宿主 ==
mkimage                MISSING
mkfs.vfat              /usr/sbin/mkfs.vfat
mmd                    /usr/bin/mmd
mcopy                  /usr/bin/mcopy
dtc                    MISSING
qemu-system-riscv64    /usr/bin/qemu-system-riscv64

== 宿主 dpkg 命中 ==
ii  dosfstools                                       4.2-1.1build1                                    amd64        utilities for making and checking MS-DOS FAT filesystems
ii  mtools                                           4.0.43-1build1                                   amd64        Tools for manipulating MSDOS files

== 宿主固件 blob 候选路径 ==
/usr/lib/u-boot/qemu-riscv64_smode/uboot.elf   ABSENT
/usr/lib/u-boot/qemu-riscv64/uboot.elf         ABSENT
/usr/lib/u-boot/qemu-riscv64/u-boot.bin        ABSENT
