# NK4-B P4 M4.3 反例1（提交态脚本复跑）：喂 x86_64 生产工件
# 命令: SKIP_BUILD=1 RUN=m43revX2 TIMEOUT_BOOT=20 bash os/qemu-tests/
#       test-kernel-image-riscv64.sh os/target/x86_64-unknown-none/release/kernel
# 实测: EXIT=1；A1 假 PASS(固件回退平台约定址，恰等 .ld 的 KERNEL_PHYS_BASE)、
#       A2 FAIL、A3 FAIL；成因提示 = 'QEMU 跑到超时，横幅未出现'
expected next-address (from riscv64.ld): 0x0000000080200000
qemu-system-riscv64: terminating on signal 15 from pid 1415143 (timeout)
--- A1 固件跳入地址 = .ld 的 KERNEL_PHYS_BASE：
    PASS（0x0000000080200000）
--- A2 镜像入口横幅出现：
    FAIL（未出现 '### minix-rs kernel image: entry reached'）
--- A3 横幅排在 Next Address 之后（行号 无 > 40）：
    FAIL
### TEST_RESULT: FAIL test-kernel-image-riscv64 ###
--- 成因提示：QEMU 跑到超时，横幅未出现
--- 串口尾部 20 行：
Domain0 Region01          : 0x0000000080040000-0x000000008005ffff M: (R,W) S/U: ()
Domain0 Region02          : 0x0000000080000000-0x000000008003ffff M: (R,X) S/U: ()
Domain0 Region03          : 0x0000000000000000-0xffffffffffffffff M: (R,W,X) S/U: (R,W,X)
Domain0 Next Address      : 0x0000000080200000
Domain0 Next Arg1         : 0x000000008fe00000
Domain0 Next Mode         : S-mode
Domain0 SysReset          : yes
Domain0 SysSuspend        : yes

Boot HART ID              : 0
Boot HART Domain          : root
Boot HART Priv Version    : v1.12
Boot HART Base ISA        : rv64imafdch
Boot HART ISA Extensions  : time,sstc
Boot HART PMP Count       : 16
Boot HART PMP Granularity : 4
Boot HART PMP Address Bits: 54
Boot HART MHPM Count      : 16
Boot HART MIDELEG         : 0x0000000000001666
Boot HART MEDELEG         : 0x0000000000f0b509
