# NK4-B P3 M3.3 决策四：xtask 按架构取 UEFI 四常量（commit 2b6d98ffd）

## 1) 宿主测试（CI 镜像 minix-ci:1.94，cargo test -j 1 -p xtask）
  test result: ok. 11 passed; 0 failed; 0 ignored; 0 measured; 0 filtered out; finished in 0.01s
  基线（HEAD~1）: 10 passed（git grep -c '#\[test\]' 对 image.rs 等 5 个文件求和）→ 现 11 passed

## 2) 真机装：aarch64 镜像组装
  IMG-EXIT=0（tmp/nk4a/img-a64-1.log 全量）
  ✅ 镜像就绪：/home/xzhao/github/minix-rs/os/target/image/aarch64/minix.img
     布局：/EFI/BOOT/BOOTAA64.EFI + /EFI/minix/{kernel.elf, imgrd, modules/×12}
  ESP /EFI/BOOT 目录：
    BOOTAA64 EFI    924160 2026-09-22  21:46
    
  startup.nsh（cat -A，^M=CR）：
    echo -off^M$
    FS0:^M$
    cd EFI\BOOT\^M$
    BOOTAA64.EFI^M$
  盘内 kernel.elf / modules/init 架构与入口：
    kernel.snap: ELF 64-bit LSB executable, ARM aarch64, version 1 (GNU/Linux), statically linked, not stripped
    init.snap:   ELF 64-bit LSB executable, ARM aarch64, version 1 (SYSV), statically linked, not stripped
      Machine:                           AArch64
      Entry point address:               0xffff800000000000

## 3) x86_64 腿不回归
  IMG-EXIT=0（tmp/nk4a/img-x64-1.log）
  ✅ 镜像就绪：/home/xzhao/github/minix-rs/os/target/image/x86_64/minix.img
     布局：/EFI/BOOT/BOOTX64.EFI + /EFI/minix/{kernel.elf, imgrd, modules/×12}
  BOOTX64  EFI    946176 2026-09-22  21:47 

## 4) 格式与 clippy（宿主 rustfmt 1.94.1 / CI 镜像 clippy）
  cargo fmt -p xtask -- --check（格式化前）：唯一需要格式化的文件就是本笔改动的 image.rs，无牵动他包
    Diff in /home/xzhao/github/minix-rs/os/xtask/src/image.rs
  格式化后 --check EXIT=0（tmp/nk4a/fmt-xtask-host.txt 重跑为空）
  cargo clippy -j 1 -p xtask --all-targets：CLP-EXIT=0，告警全部来自 minix-types（既有，非本笔）
    warning: large size difference between variants
    warning: this function has too many arguments (8/7)
    warning: `minix-types` (lib) generated 2 warnings
    warning: `minix-types` (lib) generated 2 warnings (2 duplicates)
