# NK4-B P4 M4.2 评审闭环节：改注释后的三架构布局断言复跑
# 日期 2026-09-22  命令: cd os && (ulimit -v 3145728; bash kernel-image/check-layout.sh all)
# 动机: 评审提出 4 条 P2 引用漂移, 自查追加 1 条 (riscv64.ld 头注释 link.ld 行号),
#       其中一处改动落在 riscv64.ld 本体 (纯注释), 故重跑全部三架构断言而非仅 riscv64。
# 结果: CL-EXIT=0; 39 条断言全 PASS, FAIL=0
#       可复跑锚点（对本归档文件与对命令原始 stdout 同为 39/0）:
#         grep -cE '^ {2}\[[L][0-9a-c]*\] PASS'  → 39
#         grep -cE '^ {2}\[[L][0-9a-c]*\] FAIL'  → 0
#       为何不能图省事写 grep -c 'PASS'：本头注释自己就含 PASS/FAIL 字样，会被
#       同计。实测教训：上一版写的 grep -c PASS = 40 只对命令 stdout 成立，
#       对本文件跑出来是 42；改成 grep -c '\] PASS' 后本文件又得 40/1（因为
#       连那一行注释本身也被计入）。必须行首锁定格式，不锁定字串。
#       （勘误 2026-09-22，M4.3 评审闭环节；命令输出本体未改，只改头注释。）
# ---
== x86_64：/home/xzhao/github/minix-rs/os/target/x86_64-unknown-none/release/kernel
  [L0] PASS  x86_64.ld 里 KERNEL_HIGH_BASE/KERNEL_PHYS_BASE 各恰好一处声明且等于 0xffff800000000000/0x200000（命中 1/1 处：ffff800000000000 | 200000）
  [L1] PASS  ELF 类型 = EXEC（实得 EXEC）
  [L2] PASS  机器类型含 "Advanced Micro Devices X86-64"（实得 Advanced Micro Devices X86-64）
  [L3a] PASS  PT_LOAD 段数 >= 1（实得 5）
  [L3b] PASS  首段 VMA = 0xffff800000200000（实得 0xffff800000200000）
  [L3c] PASS  首段 LMA = 0x200000（实得 0x0000000000200000）
  [L4] PASS  所有 PT_LOAD 的 vaddr-paddr 平移量一致（= 0xffff800000000000，违例 0 段）
  [L5] PASS  镜像跨距 2 MiB 且 2MiB 对齐（余 0 字节）
  [L6a] PASS  入口 = 0xffff800000200000（实得 0xffff800000200000）
  [L6b] PASS  符号 _start = 入口（实得 ffff800000200000）
  [L6c] PASS  入口 0xffff800000200000 落在首段 [0xffff800000200000, +0x3933e) 内
  [L7] PASS  引导栈 64 KiB（实得 65536 字节）且落在末段 [0xffff800000305000, +0xffff800000400000)（bottom=0xffff80000038bc00）
  [L8] PASS  minix_kernel::arch_boot 在镜像里（命中 1 个符号）
== aarch64：/home/xzhao/github/minix-rs/os/target/aarch64-unknown-none/release/kernel
  [L0] PASS  aarch64.ld 里 KERNEL_VIRT_BASE/KERNEL_PHYS_BASE 各恰好一处声明且等于 0xffff800000000000/0x40200000（命中 1/1 处：ffff800000000000 | 40200000）
  [L1] PASS  ELF 类型 = EXEC（实得 EXEC）
  [L2] PASS  机器类型含 "AArch64"（实得 AArch64）
  [L3a] PASS  PT_LOAD 段数 >= 1（实得 4）
  [L3b] PASS  首段 VMA = 0xffff800000000000（实得 0xffff800000000000）
  [L3c] PASS  首段 LMA = 0x40200000（实得 0x0000000040200000）
  [L4] PASS  所有 PT_LOAD 的 vaddr-paddr 平移量一致（= 0xffff7fffbfe00000，违例 0 段）
  [L5] PASS  镜像跨距 2 MiB 且 2MiB 对齐（余 0 字节）
  [L6a] PASS  入口 = 0xffff800000000000（实得 0xffff800000000000）
  [L6b] PASS  符号 _start = 入口（实得 ffff800000000000）
  [L6c] PASS  入口 0xffff800000000000 落在首段 [0xffff800000000000, +0x2e994) 内
  [L7] PASS  引导栈 64 KiB（实得 65536 字节）且落在末段 [0xffff8000000fe000, +0xffff800000200000)（bottom=0xffff800000142f00）
  [L8] PASS  minix_kernel::arch_boot 在镜像里（命中 1 个符号）
== riscv64：/home/xzhao/github/minix-rs/os/target/riscv64gc-unknown-none-elf/release/kernel
  [L0] PASS  riscv64.ld 里 KERNEL_VIRT_BASE/KERNEL_PHYS_BASE 各恰好一处声明且等于 0xffffffc000000000/0x80200000（命中 1/1 处：ffffffc000000000 | 80200000）
  [L1] PASS  ELF 类型 = EXEC（实得 EXEC）
  [L2] PASS  机器类型含 "RISC-V"（实得 RISC-V）
  [L3a] PASS  PT_LOAD 段数 >= 1（实得 4）
  [L3b] PASS  首段 VMA = 0xffffffc000000000（实得 0xffffffc000000000）
  [L3c] PASS  首段 LMA = 0x80200000（实得 0x0000000080200000）
  [L4] PASS  所有 PT_LOAD 的 vaddr-paddr 平移量一致（= 0xffffffbf7fe00000，违例 0 段）
  [L5] PASS  镜像跨距 2 MiB 且 2MiB 对齐（余 0 字节）
  [L6a] PASS  入口 = 0xffffffc000000000（实得 0xffffffc000000000）
  [L6b] PASS  符号 _start = 入口（实得 ffffffc000000000）
  [L6c] PASS  入口 0xffffffc000000000 落在首段 [0xffffffc000000000, +0x22eca) 内
  [L7] PASS  引导栈 64 KiB（实得 65536 字节）且落在末段 [0xffffffc0000e0000, +0xffffffc000200000)（bottom=0xffffffc000124f00）
  [L8] PASS  minix_kernel::arch_boot 在镜像里（命中 1 个符号）
CHECK-LAYOUT=PASS（all）
