warning: field `sswi_setip_base` is never read
  --> libs/minix-platform/src/device_tree.rs:77:5
   |
63 | pub struct DeviceTreeDesc {
   |            -------------- field in this struct
...
77 |     sswi_setip_base: Option<usize>,
   |     ^^^^^^^^^^^^^^^
   |
   = note: `DeviceTreeDesc` has a derived impl for the trait `Clone`, but this is intentionally ignored during dead code analysis
   = note: `#[warn(dead_code)]` (part of `#[warn(unused)]`) on by default

warning: constant `MADT_TYPE_GICC` is never used
  --> libs/minix-platform/src/acpi.rs:66:7
   |
66 | const MADT_TYPE_GICC: u8 = 11;
   |       ^^^^^^^^^^^^^^

warning: constant `MADT_TYPE_GICD` is never used
  --> libs/minix-platform/src/acpi.rs:70:7
   |
70 | const MADT_TYPE_GICD: u8 = 12;
   |       ^^^^^^^^^^^^^^

warning: unnecessary parentheses around assigned value
   --> arch/src/arch/boot.rs:423:34
    |
423 |             let seg_bytes_here = (((seg.memsz - page_off as u64) as usize)
    |                                  ^
424 |                 .min(page_size as usize - seg_start_in_page));
    |                                                             ^
    |
    = note: `#[warn(unused_parens)]` (part of `#[warn(unused)]`) on by default
help: remove these parentheses
    |
423 ~             let seg_bytes_here = ((seg.memsz - page_off as u64) as usize)
424 ~                 .min(page_size as usize - seg_start_in_page);
    |

warning: unused import: `core::mem::offset_of`
  --> arch/src/x86_64/trap_stub.rs:52:5
   |
52 | use core::mem::offset_of;
   |     ^^^^^^^^^^^^^^^^^^^^
   |
   = note: `#[warn(unused_imports)]` (part of `#[warn(unused)]`) on by default

warning: unused import: `crate::DirectMapArch`
  --> arch/src/x86_64/ap_early_entry.rs:28:5
   |
28 | use crate::DirectMapArch;
   |     ^^^^^^^^^^^^^^^^^^^^

warning: unused import: `minix_types::PhysBytes`
  --> arch/src/x86_64/ap_early_entry.rs:30:5
   |
30 | use minix_types::PhysBytes;
   |     ^^^^^^^^^^^^^^^^^^^^^^

warning: unused import: `crate::X86_64DirectMap`
  --> arch/src/x86_64/ap_early_entry.rs:31:5
   |
31 | use crate::X86_64DirectMap;
   |     ^^^^^^^^^^^^^^^^^^^^^^

warning: unused variable: `period_ms`
  --> arch/src/x86_64/clock.rs:69:36
   |
69 |     fn init_local_timer(&mut self, period_ms: u32, tsc_per_ms: u64, _cpu_id: u32) -> u32 {
   |                                    ^^^^^^^^^ help: if this is intentional, prefix it with an underscore: `_period_ms`
   |
   = note: `#[warn(unused_variables)]` (part of `#[warn(unused)]`) on by default

warning: unused variable: `bootstrap_pa`
   --> arch/src/x86_64/ap_early_entry.rs:273:41
    |
273 | pub unsafe extern "C" fn ap_early_entry(bootstrap_pa: usize) -> ! {
    |                                         ^^^^^^^^^^^^ help: if this is intentional, prefix it with an underscore: `_bootstrap_pa`

warning: constant `GDT_DESC_BYTES` is never used
  --> arch/src/x86_64/ap_early_entry.rs:81:7
   |
81 | const GDT_DESC_BYTES: [u8; 10] =
   |       ^^^^^^^^^^^^^^
   |
   = note: `#[warn(dead_code)]` (part of `#[warn(unused)]`) on by default

warning: unused import: `minix_arch::CpuContextArch as _`
    --> kernel/src/proc.rs:1766:9
     |
1766 |     use minix_arch::CpuContextArch as _;
     |         ^^^^^^^^^^^^^^^^^^^^^^^^^^^^^^^
     |
     = note: `#[warn(unused_imports)]` (part of `#[warn(unused)]`) on by default

warning: unused imports: `CurrentDirectMap` and `DirectMapArch`
    --> kernel/src/syscall.rs:2763:30
     |
2763 |             use minix_arch::{CurrentDirectMap, DirectMapArch};
     |                              ^^^^^^^^^^^^^^^^  ^^^^^^^^^^^^^

warning: unused import: `minix_arch::DirectMapArch as _`
    --> kernel/src/syscall.rs:3305:13
     |
3305 |         use minix_arch::DirectMapArch as _;
     |             ^^^^^^^^^^^^^^^^^^^^^^^^^^^^^^

warning: unused import: `minix_arch::DirectMapArch as _`
    --> kernel/src/syscall.rs:3308:17
     |
3308 |             use minix_arch::DirectMapArch as _;
     |                 ^^^^^^^^^^^^^^^^^^^^^^^^^^^^^^

warning: unused import: `crate::sched::Scheduler`
  --> kernel/src/smp.rs:55:5
   |
55 | use crate::sched::Scheduler;
   |     ^^^^^^^^^^^^^^^^^^^^^^^

warning: unused import: `minix_arch::smp::SmpArch as _`
   --> kernel/src/smp.rs:921:13
    |
921 |         use minix_arch::smp::SmpArch as _;
    |             ^^^^^^^^^^^^^^^^^^^^^^^^^^^^^

warning: unused imports: `AP_STARTUP_VECTOR` and `ProtectionArch`
   --> kernel/src/smp.rs:924:45
    |
924 | ...       fill_bootstrap, install_at, AP_STARTUP_VECTOR, SCRATCH_LIN,
    |                                       ^^^^^^^^^^^^^^^^^
925 | ...   },
926 | ...   CurrentSmpArch, ProtectionArch, SmpArch,
    |                       ^^^^^^^^^^^^^^

warning: unused imports: `AtomicUsize` and `Ordering`
  --> kernel/src/kmess.rs:21:26
   |
21 | use core::sync::atomic::{AtomicUsize, Ordering};
   |                          ^^^^^^^^^^^  ^^^^^^^^

warning: unused import: `CrossSpaceResult`
   --> kernel/src/kmess.rs:170:33
    |
170 |     use crate::vm::{AddressRef, CrossSpaceResult};
    |                                 ^^^^^^^^^^^^^^^^

warning: unused import: `PhysBytes`
   --> kernel/src/kmess.rs:172:23
    |
172 |     use minix_types::{PhysBytes, VirBytes};
    |                       ^^^^^^^^^

warning: unused import: `core::ptr::addr_of`
    --> kernel/src/misc.rs:2457:21
     |
2457 |                 use core::ptr::addr_of;
     |                     ^^^^^^^^^^^^^^^^^^

warning: unused import: `core::ptr::addr_of`
    --> kernel/src/misc.rs:2488:25
     |
2488 |                     use core::ptr::addr_of;
     |                         ^^^^^^^^^^^^^^^^^^

warning: unused import: `AtomicBool`
  --> kernel/src/krandom.rs:31:26
   |
31 | use core::sync::atomic::{AtomicBool, Ordering};
   |                          ^^^^^^^^^^

warning: unused import: `AtomicI32`
  --> kernel/src/globals.rs:16:38
   |
16 | use core::sync::atomic::{AtomicBool, AtomicI32, AtomicU64};
   |                                      ^^^^^^^^^

warning: unused import: `minix_platform::platform_desc`
   --> kernel/src/lib.rs:530:9
    |
530 |     use minix_platform::platform_desc;
    |         ^^^^^^^^^^^^^^^^^^^^^^^^^^^^^

warning: unused import: `VmLoadError`
    --> kernel/src/lib.rs:1325:22
     |
1325 |         load_vm_elf, VmLoadError,
     |                      ^^^^^^^^^^^

warning: unused import: `ProcName`
    --> kernel/src/lib.rs:1327:31
     |
1327 |     use crate::proc::{ProcNr, ProcName, RtsFlagsBits, proc_nr, KERNEL_...
     |                               ^^^^^^^^

warning: unused import: `crate::proc_table::NR_TASKS`
    --> kernel/src/lib.rs:1328:9
     |
1328 |     use crate::proc_table::NR_TASKS;
     |         ^^^^^^^^^^^^^^^^^^^^^^^^^^^

warning: unused import: `VmBootRegions`
    --> kernel/src/lib.rs:1544:78
     |
1544 | ...otAllocator, VmBootRegion, VmBootRegions};
     |                               ^^^^^^^^^^^^^

warning: unused import: `PlatformDesc`
   --> kernel/src/smp.rs:929:45
    |
929 |         use minix_platform::{platform_desc, PlatformDesc};
    |                                             ^^^^^^^^^^^^

warning: unused import: `PlatformDesc`
   --> kernel/src/lib.rs:849:41
    |
849 |     use minix_platform::{platform_desc, PlatformDesc};
    |                                         ^^^^^^^^^^^^

warning: unused import: `PlatformDesc`
    --> kernel/src/lib.rs:1237:41
     |
1237 |     use minix_platform::{platform_desc, PlatformDesc};
     |                                         ^^^^^^^^^^^^

warning: unused import: `PlatformDesc`
    --> kernel/src/lib.rs:2439:41
     |
2439 |     use minix_platform::{platform_desc, PlatformDesc};
     |                                         ^^^^^^^^^^^^

warning[E0133]: dereference of raw pointer is unsafe and requires unsafe block
   --> kernel/src/proc_table.rs:724:14
    |
724 |         &mut *core::ptr::addr_of_mut!(self.procs[idx])
    |              ^^^^^^^^^^^^^^^^^^^^^^^^^^^^^^^^^^^^^^^^^ dereference of raw pointer
    |
    = note: for more information, see <https://doc.rust-lang.org/edition-guide/rust-2024/unsafe-op-in-unsafe-fn.html>
    = note: raw pointers may be null, dangling or unaligned; they can violate aliasing rules and cause data races: all of these are undefined behavior
note: an unsafe function restricts its caller, but its body is safe by default
   --> kernel/src/proc_table.rs:715:5
    |
715 |     pub unsafe fn caller_slot_mut<'a>(&mut self, nr: ProcNr) -> &'a mut KProcess {
    |     ^^^^^^^^^^^^^^^^^^^^^^^^^^^^^^^^^^^^^^^^^^^^^^^^^^^^^^^^^^^^^^^^^^^^^^^^^^^^
    = note: `#[warn(unsafe_op_in_unsafe_fn)]` (part of `#[warn(rust_2024_compatibility)]`) on by default

warning[E0133]: call to unsafe function `trap_dispatch::x86_ipc_dispatch_body` is unsafe and requires unsafe block
   --> kernel/src/trap_dispatch.rs:463:9
    |
463 |         x86_ipc_dispatch_body(frame, cur_nr);
    |         ^^^^^^^^^^^^^^^^^^^^^^^^^^^^^^^^^^^^ call to unsafe function
    |
    = note: for more information, see <https://doc.rust-lang.org/edition-guide/rust-2024/unsafe-op-in-unsafe-fn.html>
    = note: consult the function's documentation for information on how to avoid undefined behavior
note: an unsafe function restricts its caller, but its body is safe by default
   --> kernel/src/trap_dispatch.rs:364:1
    |
364 | pub unsafe extern "C" fn x86_trap_dispatch_body(frame: &mut TrapFrame) {
    | ^^^^^^^^^^^^^^^^^^^^^^^^^^^^^^^^^^^^^^^^^^^^^^^^^^^^^^^^^^^^^^^^^^^^^^

warning: unused variable: `priv_table`
   --> kernel/src/clock.rs:614:5
    |
614 |     priv_table: &crate::kpriv::PrivTable,
    |     ^^^^^^^^^^ help: if this is intentional, prefix it with an underscore: `_priv_table`
    |
    = note: `#[warn(unused_variables)]` (part of `#[warn(unused)]`) on by default

warning: unused variable: `kernel_info`
   --> kernel/src/lib.rs:529:14
    |
529 | pub fn kmain(kernel_info: &KernelInfo) -> ! {
    |              ^^^^^^^^^^^ help: if this is intentional, prefix it with an underscore: `_kernel_info`

warning: variable does not need to be mutable
    --> kernel/src/lib.rs:1245:9
     |
1245 |     let mut clock = ClockState::new();
     |         ----^^^^^
     |         |
     |         help: remove this `mut`
     |
     = note: `#[warn(unused_mut)]` (part of `#[warn(unused)]`) on by default

warning: function `riscv64_timer_arm` is never used
    --> kernel/src/trap_dispatch.rs:1483:4
     |
1483 | fn riscv64_timer_arm() {
     |    ^^^^^^^^^^^^^^^^^
     |
     = note: `#[warn(dead_code)]` (part of `#[warn(unused)]`) on by default

warning: function `copy_msg_to_user` is never used
    --> kernel/src/syscall.rs:3174:4
     |
3174 | fn copy_msg_to_user(caller_nr: ProcNr, proc_table: &mut crate::proc_ta...
     |    ^^^^^^^^^^^^^^^^

warning: constant `CP_CPUSTATES` is never used
   --> kernel/src/clock.rs:603:18
    |
603 | pub(crate) const CP_CPUSTATES: usize = 5;
    |                  ^^^^^^^^^^^^

warning: method `write_str` is never used
  --> kernel/src/kmess.rs:66:12
   |
49 | impl KmessRing {
   | -------------- method in this implementation
...
66 |     pub fn write_str(&mut self, s: &str) {
   |            ^^^^^^^^^

warning: function `record_str` is never used
   --> kernel/src/kmess.rs:109:8
    |
109 | pub fn record_str(s: &str) {
    |        ^^^^^^^^^^

warning: function `console_write_str` is never used
   --> kernel/src/kmess.rs:130:8
    |
130 | pub fn console_write_str(s: &str) {
    |        ^^^^^^^^^^^^^^^^^

warning: function `cursor` is never used
   --> kernel/src/kmess.rs:149:8
    |
149 | pub fn cursor() -> (usize, usize) {
    |        ^^^^^^

warning: constant `EFAULT` is never used
   --> kernel/src/kmess.rs:175:11
    |
175 |     const EFAULT: i32 = 14;
    |           ^^^^^^

warning: static `CLOCK_UPTIME` is never used
   --> kernel/src/globals.rs:513:19
    |
513 | pub(crate) static CLOCK_UPTIME: core::sync::atomic::AtomicU64 =
    |                   ^^^^^^^^^^^^

warning: static `CLOCK_REALTIME` is never used
   --> kernel/src/globals.rs:518:19
    |
518 | pub(crate) static CLOCK_REALTIME: core::sync::atomic::AtomicU64 =
    |                   ^^^^^^^^^^^^^^

warning: static `CLOCK_BOOTTIME` is never used
   --> kernel/src/globals.rs:524:19
    |
524 | pub(crate) static CLOCK_BOOTTIME: core::sync::atomic::AtomicU64 =
    |                   ^^^^^^^^^^^^^^

warning: direct cast of function item into an integer
   --> kernel/src/smp.rs:978:83
    |
978 | ...ap_early_entry::ap_early_entry as u64,
    |                                   ^^^^^^
    |
    = note: `#[warn(function_casts_as_integer)]` on by default
help: first cast to a pointer `as *const ()`
    |
978 |                 rust_entry_va: minix_arch::x86_64::ap_early_entry::ap_early_entry as *const () as u64,
    |                                                                                   ++++++++++++

For more information about this error, try `rustc --explain E0133`.
