--- tailcomment / new（退出码 1）---
14: * `KERNEL_VIRT_BASE - KERNEL_PHYS_BASE`；AT() 表达式按此写，保证所有段
39:KERNEL_PHYS_BASE = 0x40200000;   /* 2MiB-aligned, inside QEMU virt RAM */
45:    .text ALIGN(4K) : AT(ADDR(.text) - KERNEL_VIRT_BASE + KERNEL_PHYS_BASE)
[L0] PASS  aarch64.ld 里 KERNEL_VIRT_BASE/KERNEL_PHYS_BASE 各恰好一处声明且等于 0xffff800000000000/0x40200000（命中 1/1 处：ffff800000000000 | 40200000）
--- tailcomment / old（退出码 1）---
14: * `KERNEL_VIRT_BASE - KERNEL_PHYS_BASE`；AT() 表达式按此写，保证所有段
39:KERNEL_PHYS_BASE = 0x40200000;   /* 2MiB-aligned, inside QEMU virt RAM */
45:    .text ALIGN(4K) : AT(ADDR(.text) - KERNEL_VIRT_BASE + KERNEL_PHYS_BASE)
[L0] PASS  aarch64.ld 里 KERNEL_VIRT_BASE/KERNEL_PHYS_BASE 各恰好一处声明且等于 0xffff800000000000/0x40200000（命中 1/1 处：ffff800000000000 | 40200000）
--- flushdecoy / new（退出码 1）---
14: * `KERNEL_VIRT_BASE - KERNEL_PHYS_BASE`；AT() 表达式按此写，保证所有段
39:KERNEL_PHYS_BASE = 0x0;
40:KERNEL_PHYS_BASE = 0x40200000;
[L0] FAIL  aarch64.ld 里 KERNEL_VIRT_BASE/KERNEL_PHYS_BASE 各恰好一处声明且等于 0xffff800000000000/0x40200000（命中 1/2 处：ffff800000000000 | 0 40200000）
--- flushdecoy / old（退出码 1）---
14: * `KERNEL_VIRT_BASE - KERNEL_PHYS_BASE`；AT() 表达式按此写，保证所有段
39:KERNEL_PHYS_BASE = 0x0;
40:KERNEL_PHYS_BASE = 0x40200000;
[L0] FAIL  aarch64.ld 里 KERNEL_VIRT_BASE/KERNEL_PHYS_BASE 各恰好一处声明且等于 0xffff800000000000/0x40200000（命中 1/2 处：ffff800000000000 | 0 40200000）
--- decoy-after / new（退出码 1）---
14: * `KERNEL_VIRT_BASE - KERNEL_PHYS_BASE`；AT() 表达式按此写，保证所有段
39:KERNEL_PHYS_BASE = 0x40200000;
40:KERNEL_PHYS_BASE = 0x0;
[L0] FAIL  aarch64.ld 里 KERNEL_VIRT_BASE/KERNEL_PHYS_BASE 各恰好一处声明且等于 0xffff800000000000/0x40200000（命中 1/2 处：ffff800000000000 | 40200000 0）
--- decoy-after / old（退出码 1）---
14: * `KERNEL_VIRT_BASE - KERNEL_PHYS_BASE`；AT() 表达式按此写，保证所有段
39:KERNEL_PHYS_BASE = 0x40200000;
40:KERNEL_PHYS_BASE = 0x0;
[L0] PASS  aarch64.ld 里 KERNEL_VIRT_BASE/KERNEL_PHYS_BASE 各恰好一处声明且等于 0xffff800000000000/0x40200000（命中 1/2 处：ffff800000000000 | 40200000 0）
--- stardecoy / new（退出码 1）---
14: * `KERNEL_VIRT_BASE - KERNEL_PHYS_BASE`；AT() 表达式按此写，保证所有段
39: * KERNEL_PHYS_BASE = 0x0;
40:    KERNEL_PHYS_BASE = 0x40200000;
[L0] PASS  aarch64.ld 里 KERNEL_VIRT_BASE/KERNEL_PHYS_BASE 各恰好一处声明且等于 0xffff800000000000/0x40200000（命中 1/1 处：ffff800000000000 | 40200000）
--- stardecoy / old（退出码 1）---
14: * `KERNEL_VIRT_BASE - KERNEL_PHYS_BASE`；AT() 表达式按此写，保证所有段
39: * KERNEL_PHYS_BASE = 0x0;
40:    KERNEL_PHYS_BASE = 0x40200000;
[L0] PASS  aarch64.ld 里 KERNEL_VIRT_BASE/KERNEL_PHYS_BASE 各恰好一处声明且等于 0xffff800000000000/0x40200000（命中 1/1 处：ffff800000000000 | 40200000）
--- missing / new（退出码 1）---
14: * `KERNEL_VIRT_BASE - KERNEL_PHYS_BASE`；AT() 表达式按此写，保证所有段
39:KERNEL_PHYS_BASE_RENAMED = 0x40200000;
45:    .text ALIGN(4K) : AT(ADDR(.text) - KERNEL_VIRT_BASE + KERNEL_PHYS_BASE)
[L0] FAIL  aarch64.ld 里 KERNEL_VIRT_BASE/KERNEL_PHYS_BASE 各恰好一处声明且等于 0xffff800000000000/0x40200000（命中 1/0 处：ffff800000000000 | 无）
--- missing / old（退出码 1）---
14: * `KERNEL_VIRT_BASE - KERNEL_PHYS_BASE`；AT() 表达式按此写，保证所有段
39:KERNEL_PHYS_BASE_RENAMED = 0x40200000;
45:    .text ALIGN(4K) : AT(ADDR(.text) - KERNEL_VIRT_BASE + KERNEL_PHYS_BASE)
[L0] FAIL  aarch64.ld 里 KERNEL_VIRT_BASE/KERNEL_PHYS_BASE 各恰好一处声明且等于 0xffff800000000000/0x40200000（命中 1/0 处：ffff800000000000 | 无）
