### 0) 派生单变量副本（diff 只应有一行）
125c125
<             -machine virt
---
>             -machine virt,gic-version=3
### 1) 构建测试内核（aarch64-unknown-uefi / fw-aarch64-uefi）
  BUILD-EXIT=0
### 2) 腿 A：-machine virt（QEMU 默认 gic-version=2）
### LEG-A gic-version=default (runner=/home/xzhao/github/minix-rs/os/qemu-tests/run_qemu.sh, EXIT=1)
      platform sources: 0x0000000000000001^M
      diag: AcpiParseError = GicVersionUnsupported(0x0000000000000002)^M
    ### FAIL: platform source parse failed^M
### 3) 腿 B：-machine virt,gic-version=3（生产载体用的那个）
### LEG-B gic-version=3 (runner=/home/xzhao/github/minix-rs/tmp/nk4a/run_qemu_gic3.sh, EXIT=1)
      platform sources: 0x0000000000000001^M
      diag: AcpiParseError = GicrNotFound^M
    ### FAIL: platform source parse failed^M
### 4) 腿 A 复跑（同机时两次独立取证，排除偶发）
### LEG-A rerun (runner=/home/xzhao/github/minix-rs/os/qemu-tests/run_qemu.sh, EXIT=1)
      platform sources: 0x0000000000000001^M
      diag: AcpiParseError = GicVersionUnsupported(0x0000000000000002)^M
    ### FAIL: platform source parse failed^M
