assembling bootable image (xtask image --arch x86_64 --release)…
📦 装配 X86_64 镜像…
  [cargo] 装配清单模块构建
warning: unnecessary `unsafe` block
   --> servers/ds/src/server.rs:431:39
    |
431 |             RetrieveHit::Number(v) => unsafe { message.m_u.m_ds_reply.val_out = DsVal::number(v) },
    |                                       ^^^^^^ unnecessary `unsafe` block
    |
    = note: `#[warn(unused_unsafe)]` (part of `#[warn(unused)]`) on by default

warning: unnecessary `unsafe` block
   --> servers/ds/src/server.rs:432:39
    |
432 |             RetrieveHit::Label(ep) => unsafe {
    |                                       ^^^^^^ unnecessary `unsafe` block

warning: function `was_live_wide` is never used
   --> servers/ds/src/server.rs:716:4
    |
716 | fn was_live_wide(store: &DsStore, slot: EntrySlot) -> bool {
    |    ^^^^^^^^^^^^^
    |
    = note: `#[warn(dead_code)]` (part of `#[warn(unused)]`) on by default

warning: `minix-ds` (lib) generated 3 warnings
    Finished `release` profile [optimized] target(s) in 0.20s
  [cargo] 装配清单模块构建
    Finished `release` profile [optimized] target(s) in 0.06s
  [cargo] 装配清单模块构建
warning: unused variable: `groups_ptr`
   --> servers/pm/src/ipc/calls.rs:818:22
    |
818 |             let (ep, groups_ptr, ngroups) = super::decode::getepinfo(msg);
    |                      ^^^^^^^^^^ help: if this is intentional, prefix it with an underscore: `_groups_ptr`
    |
    = note: `#[warn(unused_variables)]` (part of `#[warn(unused)]`) on by default

warning: unused variable: `value`
   --> servers/pm/src/ipc/calls.rs:845:35
    |
845 |             let (req, field, len, value) = super::decode::sysuname(msg);
    |                                   ^^^^^ help: if this is intentional, prefix it with an underscore: `_value`

warning: unused variable: `mem_size`
   --> servers/pm/src/misc.rs:405:9
    |
405 |         mem_size: usize,
    |         ^^^^^^^^ help: if this is intentional, prefix it with an underscore: `_mem_size`

warning: unused variable: `ctl`
   --> servers/pm/src/misc.rs:486:5
    |
486 |     ctl: &dyn SysInfoCtl,
    |     ^^^ help: if this is intentional, prefix it with an underscore: `_ctl`

warning: field `stats` is never read
   --> servers/pm/src/ipc/calls.rs:969:17
    |
968 |             struct StatsCtl<'a> {
    |                    -------- field in this struct
969 |                 stats: &'a [u8],
    |                 ^^^^^
    |
    = note: `#[warn(dead_code)]` (part of `#[warn(unused)]`) on by default

warning: `minix-pm` (lib) generated 5 warnings (run `cargo fix --lib -p minix-pm` to apply 4 suggestions)
    Finished `release` profile [optimized] target(s) in 0.06s
  [cargo] 装配清单模块构建
    Finished `release` profile [optimized] target(s) in 0.05s
  [cargo] 装配清单模块构建
warning: unused import: `crate::fproc::OPEN_MAX`
    --> servers/vfs/src/syscalls.rs:4981:5
     |
4981 | use crate::fproc::OPEN_MAX;
     |     ^^^^^^^^^^^^^^^^^^^^^^
     |
     = note: `#[warn(unused_imports)]` (part of `#[warn(unused)]`) on by default

warning: value assigned to `raw_out` is never read
    --> servers/vfs/src/main_loop.rs:3175:47
     |
3175 | ...                   let mut raw_out = [0u8; crate::socket::MSGHDR_SIZE];
     |                                         ^^^^^^^^^^^^^^^^^^^^^^^^^^^^^^^^^
     |
     = help: maybe it is overwritten before being read?
     = note: `#[warn(unused_assignments)]` (part of `#[warn(unused)]`) on by default

warning: variable does not need to be mutable
    --> servers/vfs/src/syscalls.rs:2336:21
     |
2336 |                 let mut ctx = crate::filedes::CopyFdCtx {
     |                     ----^^^
     |                     |
     |                     help: remove this `mut`
     |
     = note: `#[warn(unused_mut)]` (part of `#[warn(unused)]`) on by default

warning: `minix-vfs` (lib) generated 3 warnings (run `cargo fix --lib -p minix-vfs` to apply 2 suggestions)
    Finished `release` profile [optimized] target(s) in 0.06s
  [cargo] 装配清单模块构建
warning: unused imports: `BAD_MINOR` and `NOT_DISK`
  --> libs/minix-blockdriver/src/driver.rs:11:5
   |
11 |     BAD_MINOR, BdevRequest, BlockDriverType, DeviceExtent, DeviceId, DeviceMinor, NO_IOCTL_HOOK,
   |     ^^^^^^^^^
12 |     NO_TRANSFER_HOOK, NOT_DISK, OpenDeviceSet, PartitionGeometry, PartitionStyle, RequestId,
   |                       ^^^^^^^^
   |
   = note: `#[warn(unused_imports)]` (part of `#[warn(unused)]`) on by default

warning: unused imports: `EINVAL` and `OK`
  --> libs/minix-blockdriver/src/driver.rs:15:19
   |
15 | use minix_types::{EINVAL, OK};
   |                   ^^^^^^  ^^

warning: `minix-blockdriver` (lib) generated 2 warnings (run `cargo fix --lib -p minix-blockdriver` to apply 2 suggestions)
    Finished `release` profile [optimized] target(s) in 0.06s
  [cargo] 装配清单模块构建
warning: constant `NUM_LOCK` is never used
  --> drivers/tty/tty/src/keyboard.rs:35:15
   |
35 |     pub const NUM_LOCK: u32 = 0x2;
   |               ^^^^^^^^
   |
   = note: `#[warn(dead_code)]` (part of `#[warn(unused)]`) on by default

warning: constant `CAPS_LOCK` is never used
  --> drivers/tty/tty/src/keyboard.rs:36:15
   |
36 |     pub const CAPS_LOCK: u32 = 0x4;
   |               ^^^^^^^^^

warning: constant `SCROLL_LOCK` is never used
  --> drivers/tty/tty/src/keyboard.rs:37:15
   |
37 |     pub const SCROLL_LOCK: u32 = 0x8;
   |               ^^^^^^^^^^^

warning: `minix-driver-tty` (lib) generated 3 warnings
    Finished `release` profile [optimized] target(s) in 0.06s
  [cargo] 装配清单模块构建
    Finished `release` profile [optimized] target(s) in 0.06s
  [cargo] 装配清单模块构建
warning: field `sswi_setip_base` is never read
  --> libs/minix-platform/src/device_tree.rs:77:5
   |
63 | pub struct DeviceTreeDesc {
   |            -------------- field in this struct
...
77 |     sswi_setip_base: Option<usize>,
   |     ^^^^^^^^^^^^^^^
   |
   = note: `DeviceTreeDesc` has a derived impl for the trait `Clone`, but this is intentionally ignored during dead code analysis
   = note: `#[warn(dead_code)]` (part of `#[warn(unused)]`) on by default

warning: constant `MADT_TYPE_GICC` is never used
  --> libs/minix-platform/src/acpi.rs:66:7
   |
66 | const MADT_TYPE_GICC: u8 = 11;
   |       ^^^^^^^^^^^^^^

warning: constant `MADT_TYPE_GICD` is never used
  --> libs/minix-platform/src/acpi.rs:70:7
   |
70 | const MADT_TYPE_GICD: u8 = 12;
   |       ^^^^^^^^^^^^^^

warning: `minix-platform` (lib) generated 3 warnings
warning: unnecessary parentheses around assigned value
   --> arch/src/arch/boot.rs:423:34
    |
423 |             let seg_bytes_here = (((seg.memsz - page_off as u64) as usize)
    |                                  ^
424 |                 .min(page_size as usize - seg_start_in_page));
    |                                                             ^
    |
    = note: `#[warn(unused_parens)]` (part of `#[warn(unused)]`) on by default
help: remove these parentheses
    |
423 ~             let seg_bytes_here = ((seg.memsz - page_off as u64) as usize)
424 ~                 .min(page_size as usize - seg_start_in_page);
    |

warning: unused import: `core::mem::offset_of`
  --> arch/src/x86_64/trap_stub.rs:52:5
   |
52 | use core::mem::offset_of;
   |     ^^^^^^^^^^^^^^^^^^^^
   |
   = note: `#[warn(unused_imports)]` (part of `#[warn(unused)]`) on by default

warning: unused import: `crate::DirectMapArch`
  --> arch/src/x86_64/ap_early_entry.rs:28:5
   |
28 | use crate::DirectMapArch;
   |     ^^^^^^^^^^^^^^^^^^^^

warning: unused import: `minix_types::PhysBytes`
  --> arch/src/x86_64/ap_early_entry.rs:30:5
   |
30 | use minix_types::PhysBytes;
   |     ^^^^^^^^^^^^^^^^^^^^^^

warning: unused import: `crate::X86_64DirectMap`
  --> arch/src/x86_64/ap_early_entry.rs:31:5
   |
31 | use crate::X86_64DirectMap;
   |     ^^^^^^^^^^^^^^^^^^^^^^

warning: unused variable: `period_ms`
  --> arch/src/x86_64/clock.rs:69:36
   |
69 |     fn init_local_timer(&mut self, period_ms: u32, tsc_per_ms: u64, _cpu_id: u32) -> u32 {
   |                                    ^^^^^^^^^ help: if this is intentional, prefix it with an underscore: `_period_ms`
   |
   = note: `#[warn(unused_variables)]` (part of `#[warn(unused)]`) on by default

warning: unused variable: `bootstrap_pa`
   --> arch/src/x86_64/ap_early_entry.rs:273:41
    |
273 | pub unsafe extern "C" fn ap_early_entry(bootstrap_pa: usize) -> ! {
    |                                         ^^^^^^^^^^^^ help: if this is intentional, prefix it with an underscore: `_bootstrap_pa`

warning: constant `GDT_DESC_BYTES` is never used
  --> arch/src/x86_64/ap_early_entry.rs:81:7
   |
81 | const GDT_DESC_BYTES: [u8; 10] =
   |       ^^^^^^^^^^^^^^
   |
   = note: `#[warn(dead_code)]` (part of `#[warn(unused)]`) on by default

warning: `minix-arch` (lib) generated 8 warnings (run `cargo fix --lib -p minix-arch` to apply 7 suggestions)
warning: unexpected `cfg` condition value: `mock`
    --> servers/vm/src/vm_server.rs:1344:31
     |
1344 |                     #[cfg(not(feature = "mock"))]
     |                               ^^^^^^^^^^^^^^^^
     |
     = note: expected values for `feature` are: `bitmap_alloc`, `buddy_alloc`, `default`, `sanity_checks`, `segment_tree_alloc`, `vm_acl_audit`, and `vmstats`
     = help: consider adding `mock` as a feature in `Cargo.toml`
     = note: see <https://doc.rust-lang.org/nightly/rustc/check-cfg/cargo-specifics.html> for more information about checking conditional configuration
     = note: `#[warn(unexpected_cfgs)]` on by default

warning: unexpected `cfg` condition value: `mock`
    --> servers/vm/src/vm_server.rs:1365:31
     |
1365 |                     #[cfg(not(feature = "mock"))]
     |                               ^^^^^^^^^^^^^^^^
     |
     = note: expected values for `feature` are: `bitmap_alloc`, `buddy_alloc`, `default`, `sanity_checks`, `segment_tree_alloc`, `vm_acl_audit`, and `vmstats`
     = help: consider adding `mock` as a feature in `Cargo.toml`
     = note: see <https://doc.rust-lang.org/nightly/rustc/check-cfg/cargo-specifics.html> for more information about checking conditional configuration

warning: unnecessary `unsafe` block
    --> servers/vm/src/global.rs:1044:23
     |
1044 |             Ok(va) => unsafe { Self::align_up(va as usize, align) as *mut u8 },
     |                       ^^^^^^ unnecessary `unsafe` block
     |
     = note: `#[warn(unused_unsafe)]` (part of `#[warn(unused)]`) on by default

warning: `minix-vm` (lib) generated 3 warnings
    Finished `release` profile [optimized] target(s) in 0.07s
  [cargo] 装配清单模块构建
    Finished `release` profile [optimized] target(s) in 0.06s
  [cargo] 装配清单模块构建
warning: value assigned to `new_file` is never read
   --> fs/mfs/src/link.rs:501:13
    |
501 |             new_file = None;
    |             ^^^^^^^^^^^^^^^
    |
    = help: maybe it is overwritten before being read?
    = note: `#[warn(unused_assignments)]` (part of `#[warn(unused)]`) on by default

warning: `minix-fs-mfs` (lib) generated 1 warning
    Finished `release` profile [optimized] target(s) in 0.06s
  [cargo] 装配清单模块构建
warning: unused import: `core::panic::PanicInfo`
  --> libs/minix-rt/src/lib.rs:68:5
   |
68 | use core::panic::PanicInfo;
   |     ^^^^^^^^^^^^^^^^^^^^^^
   |
   = note: `#[warn(unused_imports)]` (part of `#[warn(unused)]`) on by default

warning: `minix-rt` (lib) generated 1 warning (run `cargo fix --lib -p minix-rt` to apply 1 suggestion)
warning: unused import: `WaitStatus`
  --> commands/sbin/init/src/runcom.rs:20:46
   |
20 | use crate::wait::{EINTR, WNOHANG, WUNTRACED, WaitStatus};
   |                                              ^^^^^^^^^^
   |
   = note: `#[warn(unused_imports)]` (part of `#[warn(unused)]`) on by default

warning: unused imports: `SIGNAL_CONTINUE` and `SIGNAL_KILL`
  --> commands/sbin/init/src/state_machine.rs:15:33
   |
15 |     SIGNAL_ABORT, SIGNAL_ALARM, SIGNAL_CONTINUE, SIGNAL_HANGUP, SIGNAL_KILL,
   |                                 ^^^^^^^^^^^^^^^                 ^^^^^^^^^^^

warning: function `request_for` is never used
  --> commands/sbin/init/src/contracts.rs:23:8
   |
23 | pub fn request_for(signum: i32) -> Option<ShutdownRequest> {
   |        ^^^^^^^^^^^
   |
   = note: `#[warn(dead_code)]` (part of `#[warn(unused)]`) on by default

warning: function `shutdown_argv` is never used
  --> commands/sbin/init/src/contracts.rs:36:8
   |
36 | pub fn shutdown_argv(request: ShutdownRequest) -> ParsedCommand {
   |        ^^^^^^^^^^^^^

warning: constant `SHUTDOWN_PATH` is never used
  --> commands/sbin/init/src/contracts.rs:54:11
   |
54 | pub const SHUTDOWN_PATH: &str = "/sbin/shutdown";
   |           ^^^^^^^^^^^^^

warning: function `boot_argv` is never used
  --> commands/sbin/init/src/contracts.rs:57:8
   |
57 | pub fn boot_argv() -> Vec<String> {
   |        ^^^^^^^^^

warning: fields `boot_args` and `console_ok` are never read
  --> commands/sbin/init/src/driver.rs:42:9
   |
40 | pub struct DriverState {
   |            ----------- fields in this struct
41 |     /// Parsed boot flags (C: the `-s` seed and `runcom_mode`).
42 |     pub boot_args: crate::entry::BootArgs,
   |         ^^^^^^^^^
...
46 |     pub console_ok: bool,
   |         ^^^^^^^^^^

warning: method `collector` is never used
  --> commands/sbin/init/src/driver.rs:85:12
   |
73 | impl DriverState {
   | ---------------- method in this implementation
...
85 |     pub fn collector(&mut self) -> ChildCollector<'_> {
   |            ^^^^^^^^^

warning: struct `ScriptHost` is never constructed
   --> commands/sbin/init/src/host.rs:557:12
    |
557 | pub struct ScriptHost {
    |            ^^^^^^^^^^

warning: associated function `parent_only` is never used
   --> commands/sbin/init/src/host.rs:604:12
    |
601 | impl ScriptHost {
    | --------------- associated function in this implementation
...
604 |     pub fn parent_only() -> ScriptHost {
    |            ^^^^^^^^^^^

warning: enum `DisasterAction` is never used
  --> commands/sbin/init/src/log.rs:46:10
   |
46 | pub enum DisasterAction {
   |          ^^^^^^^^^^^^^^

warning: function `disaster` is never used
  --> commands/sbin/init/src/log.rs:57:8
   |
57 | pub fn disaster(host: &mut dyn InitHost, sig: Signal) -> DisasterAction {
   |        ^^^^^^^^

warning: function `setctty` is never used
  --> commands/sbin/init/src/multi_user.rs:52:8
   |
52 | pub fn setctty(host: &mut dyn InitHost, device: &str) {
   |        ^^^^^^^

warning: function `scheme_has_backend` is never used
  --> commands/sbin/init/src/password.rs:65:8
   |
65 | pub fn scheme_has_backend(hash: &PasswordHash) -> bool {
   |        ^^^^^^^^^^^^^^^^^^

warning: associated function `empty` is never used
  --> commands/sbin/init/src/session.rs:20:12
   |
19 | impl SessionFlags {
   | ----------------- associated function in this implementation
20 |     pub fn empty() -> Self {
   |            ^^^^^

warning: enum `DbError` is never used
  --> commands/sbin/init/src/session_db.rs:14:10
   |
14 | pub enum DbError {
   |          ^^^^^^^

warning: methods `open` and `is_open` are never used
  --> commands/sbin/init/src/session_db.rs:20:8
   |
19 | pub trait SessionDb {
   |           --------- methods in this trait
20 |     fn open(&mut self) -> Result<(), DbError>;
   |        ^^^^
...
24 |     fn is_open(&self) -> bool;
   |        ^^^^^^^

warning: struct `FakeDb` is never constructed
  --> commands/sbin/init/src/session_db.rs:67:12
   |
67 | pub struct FakeDb {
   |            ^^^^^^

warning: methods `take_shutdown_request` and `take_clang` are never used
   --> commands/sbin/init/src/signal_state.rs:82:12
    |
 35 | impl SignalState {
    | ---------------- methods in this implementation
...
 82 |     pub fn take_shutdown_request(&self) -> Option<ShutdownRequest> {
    |            ^^^^^^^^^^^^^^^^^^^^^
...
113 |     pub fn take_clang(&self) -> bool {
    |            ^^^^^^^^^^

warning: methods `signum` and `name` are never used
  --> commands/sbin/init/src/state_machine.rs:78:12
   |
76 | impl Signal {
   | ----------- methods in this implementation
77 |     /// The Minix3 signum of this signal.
78 |     pub fn signum(self) -> i32 {
   |            ^^^^^^
...
92 |     pub fn name(self) -> String {
   |            ^^^^

warning: variant `Disaster` is never constructed
   --> commands/sbin/init/src/state_machine.rs:126:5
    |
121 | pub enum HandlerKind {
    |          ----------- variant in this enum
...
126 |     Disaster,
    |     ^^^^^^^^
    |
    = note: `HandlerKind` has derived impls for the traits `Clone` and `Debug`, but these are intentionally ignored during dead code analysis

warning: function `get_securitylevel` is never used
  --> commands/sbin/init/src/sysctl.rs:18:8
   |
18 | pub fn get_securitylevel(host: &dyn InitHost) -> Option<i32> {
   |        ^^^^^^^^^^^^^^^^^

warning: function `set_securitylevel` is never used
  --> commands/sbin/init/src/sysctl.rs:28:8
   |
28 | pub fn set_securitylevel(host: &mut dyn InitHost, level: i32) -> bool {
   |        ^^^^^^^^^^^^^^^^^

warning: variant `Login` is never constructed
  --> commands/sbin/init/src/utmp.rs:34:5
   |
30 | pub enum RecordType {
   |          ---------- variant in this enum
...
34 |     Login,
   |     ^^^^^
   |
   = note: `RecordType` has derived impls for the traits `Clone` and `Debug`, but these are intentionally ignored during dead code analysis

warning: method `as_number` is never used
  --> commands/sbin/init/src/utmp.rs:43:12
   |
41 | impl RecordType {
   | --------------- method in this implementation
42 |     /// The C numeric value (`utmpx.h:57-64`).
43 |     pub fn as_number(self) -> i32 {
   |            ^^^^^^^^^

warning: function `session_utmpx` is never used
   --> commands/sbin/init/src/utmp.rs:109:8
    |
109 | pub fn session_utmpx(
    |        ^^^^^^^^^^^^^

warning: function `clear_session_logs` is never used
   --> commands/sbin/init/src/utmp.rs:189:8
    |
189 | pub fn clear_session_logs(host: &mut dyn InitHost, device: &str, pid: i32, status: &WaitStatus, tv_secs: i64) -> bool {
    |        ^^^^^^^^^^^^^^^^^^

warning: direct cast of function item into an integer
   --> commands/sbin/init/src/signal_state.rs:136:16
    |
136 |     trampoline as usize
    |                ^^^^^^^^
    |
    = note: `#[warn(function_casts_as_integer)]` on by default
help: first cast to a pointer `as *const ()`
    |
136 |     trampoline as *const () as usize
    |                ++++++++++++

warning: `minix-init` (bin "minix-init") generated 28 warnings (run `cargo fix --bin "minix-init" -p minix-init` to apply 3 suggestions)
    Finished `release` profile [optimized] target(s) in 0.06s
  [cargo] boot-shim UEFI 载体构建（生产开关）
warning: field `sswi_setip_base` is never read
  --> libs/minix-platform/src/device_tree.rs:77:5
   |
63 | pub struct DeviceTreeDesc {
   |            -------------- field in this struct
...
77 |     sswi_setip_base: Option<usize>,
   |     ^^^^^^^^^^^^^^^
   |
   = note: `DeviceTreeDesc` has a derived impl for the trait `Clone`, but this is intentionally ignored during dead code analysis
   = note: `#[warn(dead_code)]` (part of `#[warn(unused)]`) on by default

warning: constant `MADT_TYPE_GICC` is never used
  --> libs/minix-platform/src/acpi.rs:66:7
   |
66 | const MADT_TYPE_GICC: u8 = 11;
   |       ^^^^^^^^^^^^^^

warning: constant `MADT_TYPE_GICD` is never used
  --> libs/minix-platform/src/acpi.rs:70:7
   |
70 | const MADT_TYPE_GICD: u8 = 12;
   |       ^^^^^^^^^^^^^^

warning: `minix-platform` (lib) generated 3 warnings
warning: unnecessary parentheses around assigned value
   --> arch/src/arch/boot.rs:423:34
    |
423 |             let seg_bytes_here = (((seg.memsz - page_off as u64) as usize)
    |                                  ^
424 |                 .min(page_size as usize - seg_start_in_page));
    |                                                             ^
    |
    = note: `#[warn(unused_parens)]` (part of `#[warn(unused)]`) on by default
help: remove these parentheses
    |
423 ~             let seg_bytes_here = ((seg.memsz - page_off as u64) as usize)
424 ~                 .min(page_size as usize - seg_start_in_page);
    |

warning: unused import: `core::mem::offset_of`
  --> arch/src/x86_64/trap_stub.rs:52:5
   |
52 | use core::mem::offset_of;
   |     ^^^^^^^^^^^^^^^^^^^^
   |
   = note: `#[warn(unused_imports)]` (part of `#[warn(unused)]`) on by default

warning: unused import: `crate::DirectMapArch`
  --> arch/src/x86_64/ap_early_entry.rs:28:5
   |
28 | use crate::DirectMapArch;
   |     ^^^^^^^^^^^^^^^^^^^^

warning: unused import: `minix_types::PhysBytes`
  --> arch/src/x86_64/ap_early_entry.rs:30:5
   |
30 | use minix_types::PhysBytes;
   |     ^^^^^^^^^^^^^^^^^^^^^^

warning: unused import: `crate::X86_64DirectMap`
  --> arch/src/x86_64/ap_early_entry.rs:31:5
   |
31 | use crate::X86_64DirectMap;
   |     ^^^^^^^^^^^^^^^^^^^^^^

warning: unused variable: `period_ms`
  --> arch/src/x86_64/clock.rs:69:36
   |
69 |     fn init_local_timer(&mut self, period_ms: u32, tsc_per_ms: u64, _cpu_id: u32) -> u32 {
   |                                    ^^^^^^^^^ help: if this is intentional, prefix it with an underscore: `_period_ms`
   |
   = note: `#[warn(unused_variables)]` (part of `#[warn(unused)]`) on by default

warning: unused variable: `bootstrap_pa`
   --> arch/src/x86_64/ap_early_entry.rs:273:41
    |
273 | pub unsafe extern "C" fn ap_early_entry(bootstrap_pa: usize) -> ! {
    |                                         ^^^^^^^^^^^^ help: if this is intentional, prefix it with an underscore: `_bootstrap_pa`

warning: constant `GDT_DESC_BYTES` is never used
  --> arch/src/x86_64/ap_early_entry.rs:81:7
   |
81 | const GDT_DESC_BYTES: [u8; 10] =
   |       ^^^^^^^^^^^^^^
   |
   = note: `#[warn(dead_code)]` (part of `#[warn(unused)]`) on by default

warning: `minix-arch` (lib) generated 8 warnings (run `cargo fix --lib -p minix-arch` to apply 7 suggestions)
warning: unused import: `minix_arch::CpuContextArch as _`
    --> kernel/src/proc.rs:1766:9
     |
1766 |     use minix_arch::CpuContextArch as _;
     |         ^^^^^^^^^^^^^^^^^^^^^^^^^^^^^^^
     |
     = note: `#[warn(unused_imports)]` (part of `#[warn(unused)]`) on by default

warning: unused imports: `CurrentDirectMap` and `DirectMapArch`
    --> kernel/src/syscall.rs:2763:30
     |
2763 |             use minix_arch::{CurrentDirectMap, DirectMapArch};
     |                              ^^^^^^^^^^^^^^^^  ^^^^^^^^^^^^^

warning: unused import: `minix_arch::DirectMapArch as _`
    --> kernel/src/syscall.rs:3305:13
     |
3305 |         use minix_arch::DirectMapArch as _;
     |             ^^^^^^^^^^^^^^^^^^^^^^^^^^^^^^

warning: unused import: `minix_arch::DirectMapArch as _`
    --> kernel/src/syscall.rs:3308:17
     |
3308 |             use minix_arch::DirectMapArch as _;
     |                 ^^^^^^^^^^^^^^^^^^^^^^^^^^^^^^

warning: unused import: `crate::sched::Scheduler`
  --> kernel/src/smp.rs:55:5
   |
55 | use crate::sched::Scheduler;
   |     ^^^^^^^^^^^^^^^^^^^^^^^

warning: unused import: `minix_arch::smp::SmpArch as _`
   --> kernel/src/smp.rs:921:13
    |
921 |         use minix_arch::smp::SmpArch as _;
    |             ^^^^^^^^^^^^^^^^^^^^^^^^^^^^^

warning: unused imports: `AP_STARTUP_VECTOR` and `ProtectionArch`
   --> kernel/src/smp.rs:924:45
    |
924 |                 fill_bootstrap, install_at, AP_STARTUP_VECTOR, SCRATCH_LIN,
    |                                             ^^^^^^^^^^^^^^^^^
925 |             },
926 |             CurrentSmpArch, ProtectionArch, SmpArch,
    |                             ^^^^^^^^^^^^^^

warning: unused imports: `AtomicUsize` and `Ordering`
  --> kernel/src/kmess.rs:21:26
   |
21 | use core::sync::atomic::{AtomicUsize, Ordering};
   |                          ^^^^^^^^^^^  ^^^^^^^^

warning: unused import: `CrossSpaceResult`
   --> kernel/src/kmess.rs:170:33
    |
170 |     use crate::vm::{AddressRef, CrossSpaceResult};
    |                                 ^^^^^^^^^^^^^^^^

warning: unused import: `PhysBytes`
   --> kernel/src/kmess.rs:172:23
    |
172 |     use minix_types::{PhysBytes, VirBytes};
    |                       ^^^^^^^^^

warning: unused import: `core::ptr::addr_of`
    --> kernel/src/misc.rs:2457:21
     |
2457 |                 use core::ptr::addr_of;
     |                     ^^^^^^^^^^^^^^^^^^

warning: unused import: `core::ptr::addr_of`
    --> kernel/src/misc.rs:2488:25
     |
2488 |                     use core::ptr::addr_of;
     |                         ^^^^^^^^^^^^^^^^^^

warning: unused import: `AtomicBool`
  --> kernel/src/krandom.rs:31:26
   |
31 | use core::sync::atomic::{AtomicBool, Ordering};
   |                          ^^^^^^^^^^

warning: unused import: `AtomicI32`
  --> kernel/src/globals.rs:16:38
   |
16 | use core::sync::atomic::{AtomicBool, AtomicI32, AtomicU64};
   |                                      ^^^^^^^^^

warning: unused import: `minix_platform::platform_desc`
   --> kernel/src/lib.rs:530:9
    |
530 |     use minix_platform::platform_desc;
    |         ^^^^^^^^^^^^^^^^^^^^^^^^^^^^^

warning: unused import: `VmLoadError`
    --> kernel/src/lib.rs:1325:22
     |
1325 |         load_vm_elf, VmLoadError,
     |                      ^^^^^^^^^^^

warning: unused import: `ProcName`
    --> kernel/src/lib.rs:1327:31
     |
1327 |     use crate::proc::{ProcNr, ProcName, RtsFlagsBits, proc_nr, KERNEL_TASKS, BOOT_MODULE_PROC_NRS};
     |                               ^^^^^^^^

warning: unused import: `crate::proc_table::NR_TASKS`
    --> kernel/src/lib.rs:1328:9
     |
1328 |     use crate::proc_table::NR_TASKS;
     |         ^^^^^^^^^^^^^^^^^^^^^^^^^^^

warning: unused import: `VmBootRegions`
    --> kernel/src/lib.rs:1544:78
     |
1544 |                 use minix_arch::arch::frame::{VmBootAllocator, VmBootRegion, VmBootRegions};
     |                                                                              ^^^^^^^^^^^^^

warning: unused import: `PlatformDesc`
   --> kernel/src/smp.rs:929:45
    |
929 |         use minix_platform::{platform_desc, PlatformDesc};
    |                                             ^^^^^^^^^^^^

warning: unused import: `PlatformDesc`
   --> kernel/src/lib.rs:849:41
    |
849 |     use minix_platform::{platform_desc, PlatformDesc};
    |                                         ^^^^^^^^^^^^

warning: unused import: `PlatformDesc`
    --> kernel/src/lib.rs:1237:41
     |
1237 |     use minix_platform::{platform_desc, PlatformDesc};
     |                                         ^^^^^^^^^^^^

warning: unused import: `PlatformDesc`
    --> kernel/src/lib.rs:2439:41
     |
2439 |     use minix_platform::{platform_desc, PlatformDesc};
     |                                         ^^^^^^^^^^^^

warning[E0133]: dereference of raw pointer is unsafe and requires unsafe block
   --> kernel/src/proc_table.rs:724:14
    |
724 |         &mut *core::ptr::addr_of_mut!(self.procs[idx])
    |              ^^^^^^^^^^^^^^^^^^^^^^^^^^^^^^^^^^^^^^^^^ dereference of raw pointer
    |
    = note: for more information, see <https://doc.rust-lang.org/edition-guide/rust-2024/unsafe-op-in-unsafe-fn.html>
    = note: raw pointers may be null, dangling or unaligned; they can violate aliasing rules and cause data races: all of these are undefined behavior
note: an unsafe function restricts its caller, but its body is safe by default
   --> kernel/src/proc_table.rs:715:5
    |
715 |     pub unsafe fn caller_slot_mut<'a>(&mut self, nr: ProcNr) -> &'a mut KProcess {
    |     ^^^^^^^^^^^^^^^^^^^^^^^^^^^^^^^^^^^^^^^^^^^^^^^^^^^^^^^^^^^^^^^^^^^^^^^^^^^^
    = note: `#[warn(unsafe_op_in_unsafe_fn)]` (part of `#[warn(rust_2024_compatibility)]`) on by default

warning[E0133]: call to unsafe function `trap_dispatch::x86_ipc_dispatch_body` is unsafe and requires unsafe block
   --> kernel/src/trap_dispatch.rs:463:9
    |
463 |         x86_ipc_dispatch_body(frame, cur_nr);
    |         ^^^^^^^^^^^^^^^^^^^^^^^^^^^^^^^^^^^^ call to unsafe function
    |
    = note: for more information, see <https://doc.rust-lang.org/edition-guide/rust-2024/unsafe-op-in-unsafe-fn.html>
    = note: consult the function's documentation for information on how to avoid undefined behavior
note: an unsafe function restricts its caller, but its body is safe by default
   --> kernel/src/trap_dispatch.rs:364:1
    |
364 | pub unsafe extern "C" fn x86_trap_dispatch_body(frame: &mut TrapFrame) {
    | ^^^^^^^^^^^^^^^^^^^^^^^^^^^^^^^^^^^^^^^^^^^^^^^^^^^^^^^^^^^^^^^^^^^^^^

warning: unused variable: `priv_table`
   --> kernel/src/clock.rs:614:5
    |
614 |     priv_table: &crate::kpriv::PrivTable,
    |     ^^^^^^^^^^ help: if this is intentional, prefix it with an underscore: `_priv_table`
    |
    = note: `#[warn(unused_variables)]` (part of `#[warn(unused)]`) on by default

warning: unused variable: `kernel_info`
   --> kernel/src/lib.rs:529:14
    |
529 | pub fn kmain(kernel_info: &KernelInfo) -> ! {
    |              ^^^^^^^^^^^ help: if this is intentional, prefix it with an underscore: `_kernel_info`

warning: variable does not need to be mutable
    --> kernel/src/lib.rs:1245:9
     |
1245 |     let mut clock = ClockState::new();
     |         ----^^^^^
     |         |
     |         help: remove this `mut`
     |
     = note: `#[warn(unused_mut)]` (part of `#[warn(unused)]`) on by default

warning: function `riscv64_timer_arm` is never used
    --> kernel/src/trap_dispatch.rs:1483:4
     |
1483 | fn riscv64_timer_arm() {
     |    ^^^^^^^^^^^^^^^^^
     |
     = note: `#[warn(dead_code)]` (part of `#[warn(unused)]`) on by default

warning: function `copy_msg_to_user` is never used
    --> kernel/src/syscall.rs:3174:4
     |
3174 | fn copy_msg_to_user(caller_nr: ProcNr, proc_table: &mut crate::proc_table::ProcessTable, msg: &Message) {
     |    ^^^^^^^^^^^^^^^^

warning: constant `CP_CPUSTATES` is never used
   --> kernel/src/clock.rs:603:18
    |
603 | pub(crate) const CP_CPUSTATES: usize = 5;
    |                  ^^^^^^^^^^^^

warning: method `write_str` is never used
  --> kernel/src/kmess.rs:66:12
   |
49 | impl KmessRing {
   | -------------- method in this implementation
...
66 |     pub fn write_str(&mut self, s: &str) {
   |            ^^^^^^^^^

warning: function `record_str` is never used
   --> kernel/src/kmess.rs:109:8
    |
109 | pub fn record_str(s: &str) {
    |        ^^^^^^^^^^

warning: function `console_write_str` is never used
   --> kernel/src/kmess.rs:130:8
    |
130 | pub fn console_write_str(s: &str) {
    |        ^^^^^^^^^^^^^^^^^

warning: function `cursor` is never used
   --> kernel/src/kmess.rs:149:8
    |
149 | pub fn cursor() -> (usize, usize) {
    |        ^^^^^^

warning: constant `EFAULT` is never used
   --> kernel/src/kmess.rs:175:11
    |
175 |     const EFAULT: i32 = 14;
    |           ^^^^^^

warning: static `CLOCK_UPTIME` is never used
   --> kernel/src/globals.rs:513:19
    |
513 | pub(crate) static CLOCK_UPTIME: core::sync::atomic::AtomicU64 =
    |                   ^^^^^^^^^^^^

warning: static `CLOCK_REALTIME` is never used
   --> kernel/src/globals.rs:518:19
    |
518 | pub(crate) static CLOCK_REALTIME: core::sync::atomic::AtomicU64 =
    |                   ^^^^^^^^^^^^^^

warning: static `CLOCK_BOOTTIME` is never used
   --> kernel/src/globals.rs:524:19
    |
524 | pub(crate) static CLOCK_BOOTTIME: core::sync::atomic::AtomicU64 =
    |                   ^^^^^^^^^^^^^^

warning: direct cast of function item into an integer
   --> kernel/src/smp.rs:978:83
    |
978 |                 rust_entry_va: minix_arch::x86_64::ap_early_entry::ap_early_entry as u64,
    |                                                                                   ^^^^^^
    |
    = note: `#[warn(function_casts_as_integer)]` on by default
help: first cast to a pointer `as *const ()`
    |
978 |                 rust_entry_va: minix_arch::x86_64::ap_early_entry::ap_early_entry as *const () as u64,
    |                                                                                   ++++++++++++

For more information about this error, try `rustc --explain E0133`.
warning: `minix-kernel` (lib) generated 40 warnings (run `cargo fix --lib -p minix-kernel` to apply 25 suggestions)
warning: unused import: `DTB`
  --> boot-shim/src/uefi_helpers.rs:23:34
   |
23 |     BootPrepareResult, BootShim, DTB, KernelInfo, MemoryRegion, PlatformDescSource, RSDP,
   |                                  ^^^
   |
   = note: `#[warn(unused_imports)]` (part of `#[warn(unused)]`) on by default

warning: constant `DEVICE_TREE_GUID` is never used
  --> boot-shim/src/uefi_helpers.rs:34:7
   |
34 | const DEVICE_TREE_GUID: Guid = uefi::guid!("b1b621d2-f19c-41c5-8310-daa6f018a8d3");
   |       ^^^^^^^^^^^^^^^^
   |
   = note: `#[warn(dead_code)]` (part of `#[warn(unused)]`) on by default

warning: `boot-shim` (lib) generated 2 warnings (run `cargo fix --lib -p boot-shim` to apply 1 suggestion)
warning: unreachable expression
  --> boot-shim/src/main.rs:69:5
   |
66 |     minix_kernel::arch_boot(&result.kernel_info, result.root_page);
   |     -------------------------------------------------------------- any code following this expression is unreachable
...
69 |     unreachable!()
   |     ^^^^^^^^^^^^^^ unreachable expression
   |
   = note: `#[warn(unreachable_code)]` (part of `#[warn(unused)]`) on by default

warning: `boot-shim` (bin "boot-shim") generated 1 warning
    Finished `release` profile [optimized] target(s) in 0.13s
  [cargo] 生产内核镜像构建（kernel-image，NS8-A）
warning: field `sswi_setip_base` is never read
  --> libs/minix-platform/src/device_tree.rs:77:5
   |
63 | pub struct DeviceTreeDesc {
   |            -------------- field in this struct
...
77 |     sswi_setip_base: Option<usize>,
   |     ^^^^^^^^^^^^^^^
   |
   = note: `DeviceTreeDesc` has a derived impl for the trait `Clone`, but this is intentionally ignored during dead code analysis
   = note: `#[warn(dead_code)]` (part of `#[warn(unused)]`) on by default

warning: constant `MADT_TYPE_GICC` is never used
  --> libs/minix-platform/src/acpi.rs:66:7
   |
66 | const MADT_TYPE_GICC: u8 = 11;
   |       ^^^^^^^^^^^^^^

warning: constant `MADT_TYPE_GICD` is never used
  --> libs/minix-platform/src/acpi.rs:70:7
   |
70 | const MADT_TYPE_GICD: u8 = 12;
   |       ^^^^^^^^^^^^^^

warning: `minix-platform` (lib) generated 3 warnings
warning: unnecessary parentheses around assigned value
   --> arch/src/arch/boot.rs:423:34
    |
423 |             let seg_bytes_here = (((seg.memsz - page_off as u64) as usize)
    |                                  ^
424 |                 .min(page_size as usize - seg_start_in_page));
    |                                                             ^
    |
    = note: `#[warn(unused_parens)]` (part of `#[warn(unused)]`) on by default
help: remove these parentheses
    |
423 ~             let seg_bytes_here = ((seg.memsz - page_off as u64) as usize)
424 ~                 .min(page_size as usize - seg_start_in_page);
    |

warning: unused import: `core::mem::offset_of`
  --> arch/src/x86_64/trap_stub.rs:52:5
   |
52 | use core::mem::offset_of;
   |     ^^^^^^^^^^^^^^^^^^^^
   |
   = note: `#[warn(unused_imports)]` (part of `#[warn(unused)]`) on by default

warning: unused import: `crate::DirectMapArch`
  --> arch/src/x86_64/ap_early_entry.rs:28:5
   |
28 | use crate::DirectMapArch;
   |     ^^^^^^^^^^^^^^^^^^^^

warning: unused import: `minix_types::PhysBytes`
  --> arch/src/x86_64/ap_early_entry.rs:30:5
   |
30 | use minix_types::PhysBytes;
   |     ^^^^^^^^^^^^^^^^^^^^^^

warning: unused import: `crate::X86_64DirectMap`
  --> arch/src/x86_64/ap_early_entry.rs:31:5
   |
31 | use crate::X86_64DirectMap;
   |     ^^^^^^^^^^^^^^^^^^^^^^

warning: unused variable: `period_ms`
  --> arch/src/x86_64/clock.rs:69:36
   |
69 |     fn init_local_timer(&mut self, period_ms: u32, tsc_per_ms: u64, _cpu_id: u32) -> u32 {
   |                                    ^^^^^^^^^ help: if this is intentional, prefix it with an underscore: `_period_ms`
   |
   = note: `#[warn(unused_variables)]` (part of `#[warn(unused)]`) on by default

warning: unused variable: `bootstrap_pa`
   --> arch/src/x86_64/ap_early_entry.rs:273:41
    |
273 | pub unsafe extern "C" fn ap_early_entry(bootstrap_pa: usize) -> ! {
    |                                         ^^^^^^^^^^^^ help: if this is intentional, prefix it with an underscore: `_bootstrap_pa`

warning: constant `GDT_DESC_BYTES` is never used
  --> arch/src/x86_64/ap_early_entry.rs:81:7
   |
81 | const GDT_DESC_BYTES: [u8; 10] =
   |       ^^^^^^^^^^^^^^
   |
   = note: `#[warn(dead_code)]` (part of `#[warn(unused)]`) on by default

warning: `minix-arch` (lib) generated 8 warnings (run `cargo fix --lib -p minix-arch` to apply 7 suggestions)
warning: unused import: `minix_arch::CpuContextArch as _`
    --> kernel/src/proc.rs:1766:9
     |
1766 |     use minix_arch::CpuContextArch as _;
     |         ^^^^^^^^^^^^^^^^^^^^^^^^^^^^^^^
     |
     = note: `#[warn(unused_imports)]` (part of `#[warn(unused)]`) on by default

warning: unused imports: `CurrentDirectMap` and `DirectMapArch`
    --> kernel/src/syscall.rs:2763:30
     |
2763 |             use minix_arch::{CurrentDirectMap, DirectMapArch};
     |                              ^^^^^^^^^^^^^^^^  ^^^^^^^^^^^^^

warning: unused import: `minix_arch::DirectMapArch as _`
    --> kernel/src/syscall.rs:3305:13
     |
3305 |         use minix_arch::DirectMapArch as _;
     |             ^^^^^^^^^^^^^^^^^^^^^^^^^^^^^^

warning: unused import: `minix_arch::DirectMapArch as _`
    --> kernel/src/syscall.rs:3308:17
     |
3308 |             use minix_arch::DirectMapArch as _;
     |                 ^^^^^^^^^^^^^^^^^^^^^^^^^^^^^^

warning: unused import: `crate::sched::Scheduler`
  --> kernel/src/smp.rs:55:5
   |
55 | use crate::sched::Scheduler;
   |     ^^^^^^^^^^^^^^^^^^^^^^^

warning: unused import: `minix_arch::smp::SmpArch as _`
   --> kernel/src/smp.rs:921:13
    |
921 |         use minix_arch::smp::SmpArch as _;
    |             ^^^^^^^^^^^^^^^^^^^^^^^^^^^^^

warning: unused imports: `AP_STARTUP_VECTOR` and `ProtectionArch`
   --> kernel/src/smp.rs:924:45
    |
924 |                 fill_bootstrap, install_at, AP_STARTUP_VECTOR, SCRATCH_LIN,
    |                                             ^^^^^^^^^^^^^^^^^
925 |             },
926 |             CurrentSmpArch, ProtectionArch, SmpArch,
    |                             ^^^^^^^^^^^^^^

warning: unused imports: `AtomicUsize` and `Ordering`
  --> kernel/src/kmess.rs:21:26
   |
21 | use core::sync::atomic::{AtomicUsize, Ordering};
   |                          ^^^^^^^^^^^  ^^^^^^^^

warning: unused import: `CrossSpaceResult`
   --> kernel/src/kmess.rs:170:33
    |
170 |     use crate::vm::{AddressRef, CrossSpaceResult};
    |                                 ^^^^^^^^^^^^^^^^

warning: unused import: `PhysBytes`
   --> kernel/src/kmess.rs:172:23
    |
172 |     use minix_types::{PhysBytes, VirBytes};
    |                       ^^^^^^^^^

warning: unused import: `core::ptr::addr_of`
    --> kernel/src/misc.rs:2457:21
     |
2457 |                 use core::ptr::addr_of;
     |                     ^^^^^^^^^^^^^^^^^^

warning: unused import: `core::ptr::addr_of`
    --> kernel/src/misc.rs:2488:25
     |
2488 |                     use core::ptr::addr_of;
     |                         ^^^^^^^^^^^^^^^^^^

warning: unused import: `AtomicBool`
  --> kernel/src/krandom.rs:31:26
   |
31 | use core::sync::atomic::{AtomicBool, Ordering};
   |                          ^^^^^^^^^^

warning: unused import: `AtomicI32`
  --> kernel/src/globals.rs:16:38
   |
16 | use core::sync::atomic::{AtomicBool, AtomicI32, AtomicU64};
   |                                      ^^^^^^^^^

warning: unused import: `minix_platform::platform_desc`
   --> kernel/src/lib.rs:530:9
    |
530 |     use minix_platform::platform_desc;
    |         ^^^^^^^^^^^^^^^^^^^^^^^^^^^^^

warning: unused import: `VmLoadError`
    --> kernel/src/lib.rs:1325:22
     |
1325 |         load_vm_elf, VmLoadError,
     |                      ^^^^^^^^^^^

warning: unused import: `ProcName`
    --> kernel/src/lib.rs:1327:31
     |
1327 |     use crate::proc::{ProcNr, ProcName, RtsFlagsBits, proc_nr, KERNEL_TASKS, BOOT_MODULE_PROC_NRS};
     |                               ^^^^^^^^

warning: unused import: `crate::proc_table::NR_TASKS`
    --> kernel/src/lib.rs:1328:9
     |
1328 |     use crate::proc_table::NR_TASKS;
     |         ^^^^^^^^^^^^^^^^^^^^^^^^^^^

warning: unused import: `VmBootRegions`
    --> kernel/src/lib.rs:1544:78
     |
1544 |                 use minix_arch::arch::frame::{VmBootAllocator, VmBootRegion, VmBootRegions};
     |                                                                              ^^^^^^^^^^^^^

warning: unused import: `PlatformDesc`
   --> kernel/src/smp.rs:929:45
    |
929 |         use minix_platform::{platform_desc, PlatformDesc};
    |                                             ^^^^^^^^^^^^

warning: unused import: `PlatformDesc`
   --> kernel/src/lib.rs:849:41
    |
849 |     use minix_platform::{platform_desc, PlatformDesc};
    |                                         ^^^^^^^^^^^^

warning: unused import: `PlatformDesc`
    --> kernel/src/lib.rs:1237:41
     |
1237 |     use minix_platform::{platform_desc, PlatformDesc};
     |                                         ^^^^^^^^^^^^

warning: unused import: `PlatformDesc`
    --> kernel/src/lib.rs:2439:41
     |
2439 |     use minix_platform::{platform_desc, PlatformDesc};
     |                                         ^^^^^^^^^^^^

warning[E0133]: dereference of raw pointer is unsafe and requires unsafe block
   --> kernel/src/proc_table.rs:724:14
    |
724 |         &mut *core::ptr::addr_of_mut!(self.procs[idx])
    |              ^^^^^^^^^^^^^^^^^^^^^^^^^^^^^^^^^^^^^^^^^ dereference of raw pointer
    |
    = note: for more information, see <https://doc.rust-lang.org/edition-guide/rust-2024/unsafe-op-in-unsafe-fn.html>
    = note: raw pointers may be null, dangling or unaligned; they can violate aliasing rules and cause data races: all of these are undefined behavior
note: an unsafe function restricts its caller, but its body is safe by default
   --> kernel/src/proc_table.rs:715:5
    |
715 |     pub unsafe fn caller_slot_mut<'a>(&mut self, nr: ProcNr) -> &'a mut KProcess {
    |     ^^^^^^^^^^^^^^^^^^^^^^^^^^^^^^^^^^^^^^^^^^^^^^^^^^^^^^^^^^^^^^^^^^^^^^^^^^^^
    = note: `#[warn(unsafe_op_in_unsafe_fn)]` (part of `#[warn(rust_2024_compatibility)]`) on by default

warning[E0133]: call to unsafe function `trap_dispatch::x86_ipc_dispatch_body` is unsafe and requires unsafe block
   --> kernel/src/trap_dispatch.rs:463:9
    |
463 |         x86_ipc_dispatch_body(frame, cur_nr);
    |         ^^^^^^^^^^^^^^^^^^^^^^^^^^^^^^^^^^^^ call to unsafe function
    |
    = note: for more information, see <https://doc.rust-lang.org/edition-guide/rust-2024/unsafe-op-in-unsafe-fn.html>
    = note: consult the function's documentation for information on how to avoid undefined behavior
note: an unsafe function restricts its caller, but its body is safe by default
   --> kernel/src/trap_dispatch.rs:364:1
    |
364 | pub unsafe extern "C" fn x86_trap_dispatch_body(frame: &mut TrapFrame) {
    | ^^^^^^^^^^^^^^^^^^^^^^^^^^^^^^^^^^^^^^^^^^^^^^^^^^^^^^^^^^^^^^^^^^^^^^

warning: unused variable: `priv_table`
   --> kernel/src/clock.rs:614:5
    |
614 |     priv_table: &crate::kpriv::PrivTable,
    |     ^^^^^^^^^^ help: if this is intentional, prefix it with an underscore: `_priv_table`
    |
    = note: `#[warn(unused_variables)]` (part of `#[warn(unused)]`) on by default

warning: unused variable: `kernel_info`
   --> kernel/src/lib.rs:529:14
    |
529 | pub fn kmain(kernel_info: &KernelInfo) -> ! {
    |              ^^^^^^^^^^^ help: if this is intentional, prefix it with an underscore: `_kernel_info`

warning: variable does not need to be mutable
    --> kernel/src/lib.rs:1245:9
     |
1245 |     let mut clock = ClockState::new();
     |         ----^^^^^
     |         |
     |         help: remove this `mut`
     |
     = note: `#[warn(unused_mut)]` (part of `#[warn(unused)]`) on by default

warning: function `riscv64_timer_arm` is never used
    --> kernel/src/trap_dispatch.rs:1483:4
     |
1483 | fn riscv64_timer_arm() {
     |    ^^^^^^^^^^^^^^^^^
     |
     = note: `#[warn(dead_code)]` (part of `#[warn(unused)]`) on by default

warning: function `copy_msg_to_user` is never used
    --> kernel/src/syscall.rs:3174:4
     |
3174 | fn copy_msg_to_user(caller_nr: ProcNr, proc_table: &mut crate::proc_table::ProcessTable, msg: &Message) {
     |    ^^^^^^^^^^^^^^^^

warning: constant `CP_CPUSTATES` is never used
   --> kernel/src/clock.rs:603:18
    |
603 | pub(crate) const CP_CPUSTATES: usize = 5;
    |                  ^^^^^^^^^^^^

warning: method `write_str` is never used
  --> kernel/src/kmess.rs:66:12
   |
49 | impl KmessRing {
   | -------------- method in this implementation
...
66 |     pub fn write_str(&mut self, s: &str) {
   |            ^^^^^^^^^

warning: function `record_str` is never used
   --> kernel/src/kmess.rs:109:8
    |
109 | pub fn record_str(s: &str) {
    |        ^^^^^^^^^^

warning: function `console_write_str` is never used
   --> kernel/src/kmess.rs:130:8
    |
130 | pub fn console_write_str(s: &str) {
    |        ^^^^^^^^^^^^^^^^^

warning: function `cursor` is never used
   --> kernel/src/kmess.rs:149:8
    |
149 | pub fn cursor() -> (usize, usize) {
    |        ^^^^^^

warning: constant `EFAULT` is never used
   --> kernel/src/kmess.rs:175:11
    |
175 |     const EFAULT: i32 = 14;
    |           ^^^^^^

warning: static `CLOCK_UPTIME` is never used
   --> kernel/src/globals.rs:513:19
    |
513 | pub(crate) static CLOCK_UPTIME: core::sync::atomic::AtomicU64 =
    |                   ^^^^^^^^^^^^

warning: static `CLOCK_REALTIME` is never used
   --> kernel/src/globals.rs:518:19
    |
518 | pub(crate) static CLOCK_REALTIME: core::sync::atomic::AtomicU64 =
    |                   ^^^^^^^^^^^^^^

warning: static `CLOCK_BOOTTIME` is never used
   --> kernel/src/globals.rs:524:19
    |
524 | pub(crate) static CLOCK_BOOTTIME: core::sync::atomic::AtomicU64 =
    |                   ^^^^^^^^^^^^^^

warning: direct cast of function item into an integer
   --> kernel/src/smp.rs:978:83
    |
978 |                 rust_entry_va: minix_arch::x86_64::ap_early_entry::ap_early_entry as u64,
    |                                                                                   ^^^^^^
    |
    = note: `#[warn(function_casts_as_integer)]` on by default
help: first cast to a pointer `as *const ()`
    |
978 |                 rust_entry_va: minix_arch::x86_64::ap_early_entry::ap_early_entry as *const () as u64,
    |                                                                                   ++++++++++++

For more information about this error, try `rustc --explain E0133`.
warning: `minix-kernel` (lib) generated 40 warnings (run `cargo fix --lib -p minix-kernel` to apply 25 suggestions)
    Finished `release` profile [optimized] target(s) in 0.06s
  [cargo] mkfs_mfs 宿主工具构建
warning: value assigned to `new_file` is never read
   --> fs/mfs/src/link.rs:501:13
    |
501 |             new_file = None;
    |             ^^^^^^^^^^^^^^^
    |
    = help: maybe it is overwritten before being read?
    = note: `#[warn(unused_assignments)]` (part of `#[warn(unused)]`) on by default

warning: `minix-fs-mfs` (lib) generated 1 warning
    Finished `release` profile [optimized] target(s) in 0.06s
  [mkdir] /home/xzhao/github/minix-rs/os/target/image/x86_64/staging/EFI/minix/modules
  [mkdir] /home/xzhao/github/minix-rs/os/target/image/x86_64/staging/EFI/BOOT
  [copy] 模块装机（文件名 = boot-shim MODULE_NAMES 条目）: /home/xzhao/github/minix-rs/os/target/x86_64-unknown-none/release/minix-ds → /home/xzhao/github/minix-rs/os/target/image/x86_64/staging/EFI/minix/modules/ds
  [copy] 模块装机（文件名 = boot-shim MODULE_NAMES 条目）: /home/xzhao/github/minix-rs/os/target/x86_64-unknown-none/release/minix-rs → /home/xzhao/github/minix-rs/os/target/image/x86_64/staging/EFI/minix/modules/rs
  [copy] 模块装机（文件名 = boot-shim MODULE_NAMES 条目）: /home/xzhao/github/minix-rs/os/target/x86_64-unknown-none/release/minix-pm → /home/xzhao/github/minix-rs/os/target/image/x86_64/staging/EFI/minix/modules/pm
  [copy] 模块装机（文件名 = boot-shim MODULE_NAMES 条目）: /home/xzhao/github/minix-rs/os/target/x86_64-unknown-none/release/minix-sched → /home/xzhao/github/minix-rs/os/target/image/x86_64/staging/EFI/minix/modules/sched
  [copy] 模块装机（文件名 = boot-shim MODULE_NAMES 条目）: /home/xzhao/github/minix-rs/os/target/x86_64-unknown-none/release/minix-vfs → /home/xzhao/github/minix-rs/os/target/image/x86_64/staging/EFI/minix/modules/vfs
  [copy] 模块装机（文件名 = boot-shim MODULE_NAMES 条目）: /home/xzhao/github/minix-rs/os/target/x86_64-unknown-none/release/minix-driver-memory → /home/xzhao/github/minix-rs/os/target/image/x86_64/staging/EFI/minix/modules/memory
  [copy] 模块装机（文件名 = boot-shim MODULE_NAMES 条目）: /home/xzhao/github/minix-rs/os/target/x86_64-unknown-none/release/minix-driver-tty → /home/xzhao/github/minix-rs/os/target/image/x86_64/staging/EFI/minix/modules/tty
  [copy] 模块装机（文件名 = boot-shim MODULE_NAMES 条目）: /home/xzhao/github/minix-rs/os/target/x86_64-unknown-none/release/minix-mib → /home/xzhao/github/minix-rs/os/target/image/x86_64/staging/EFI/minix/modules/mib
  [copy] 模块装机（文件名 = boot-shim MODULE_NAMES 条目）: /home/xzhao/github/minix-rs/os/target/x86_64-unknown-none/release/minix-vm → /home/xzhao/github/minix-rs/os/target/image/x86_64/staging/EFI/minix/modules/vm
  [copy] 模块装机（文件名 = boot-shim MODULE_NAMES 条目）: /home/xzhao/github/minix-rs/os/target/x86_64-unknown-none/release/minix-fs-pfs → /home/xzhao/github/minix-rs/os/target/image/x86_64/staging/EFI/minix/modules/pfs
  [copy] 模块装机（文件名 = boot-shim MODULE_NAMES 条目）: /home/xzhao/github/minix-rs/os/target/x86_64-unknown-none/release/minix-fs-mfs → /home/xzhao/github/minix-rs/os/target/image/x86_64/staging/EFI/minix/modules/mfs
  [copy] 模块装机（文件名 = boot-shim MODULE_NAMES 条目）: /home/xzhao/github/minix-rs/os/target/x86_64-unknown-none/release/minix-init → /home/xzhao/github/minix-rs/os/target/image/x86_64/staging/EFI/minix/modules/init
  [copy] 内核 ELF 装机（loader::KERNEL_PATH 契约位）: /home/xzhao/github/minix-rs/os/target/x86_64-unknown-none/release/kernel → /home/xzhao/github/minix-rs/os/target/image/x86_64/staging/EFI/minix/kernel.elf
  [write] imgrd 原型文件（/etc 最小集 + /dev/console） → /home/xzhao/github/minix-rs/os/target/image/x86_64/imgrd.proto
  [tool] mkfs_mfs 播种 imgrd（装机消费 S32 决定半）
    > /home/xzhao/github/minix-rs/os/target/release/mkfs_mfs /home/xzhao/github/minix-rs/os/target/image/x86_64/imgrd.img 2048 0 4096 -p /home/xzhao/github/minix-rs/os/target/image/x86_64/imgrd.proto
/home/xzhao/github/minix-rs/os/target/image/x86_64/imgrd.img: 2048 blocks, 4096 inodes, block size 4096
  [copy] imgrd 入包（消费通道归 NS6 设计）: /home/xzhao/github/minix-rs/os/target/image/x86_64/imgrd.img → /home/xzhao/github/minix-rs/os/target/image/x86_64/staging/EFI/minix/imgrd
  [tool] 64MiB 空盘
    > dd if=/dev/zero of=/home/xzhao/github/minix-rs/os/target/image/x86_64/minix.img bs=1M count=64 status=none
  [tool] FAT 文件系统
    > mkfs.vfat /home/xzhao/github/minix-rs/os/target/image/x86_64/minix.img
mkfs.fat 4.2 (2021-01-31)
  [tool] ESP 目录树
    > mmd -i /home/xzhao/github/minix-rs/os/target/image/x86_64/minix.img ::EFI ::EFI/BOOT ::EFI/minix ::EFI/minix/modules
  [copy] boot-shim 入包为固件默认加载项: /home/xzhao/github/minix-rs/os/target/x86_64-unknown-uefi/release/boot-shim.efi → /home/xzhao/github/minix-rs/os/target/image/x86_64/staging/EFI/BOOT/BOOTX64.EFI
  [write] startup.nsh（固件自动引导脚本，test-sysboot 判例） → /home/xzhao/github/minix-rs/os/target/image/x86_64/staging/startup.nsh
  [tool] 文件入 ESP
    > mcopy -i /home/xzhao/github/minix-rs/os/target/image/x86_64/minix.img /home/xzhao/github/minix-rs/os/target/image/x86_64/staging/EFI/BOOT/BOOTX64.EFI ::EFI/BOOT/BOOTX64.EFI
  [tool] 文件入 ESP
    > mcopy -i /home/xzhao/github/minix-rs/os/target/image/x86_64/minix.img /home/xzhao/github/minix-rs/os/target/image/x86_64/staging/startup.nsh ::startup.nsh
  [tool] 文件入 ESP
    > mcopy -i /home/xzhao/github/minix-rs/os/target/image/x86_64/minix.img /home/xzhao/github/minix-rs/os/target/image/x86_64/staging/EFI/minix/kernel.elf ::EFI/minix/kernel.elf
  [tool] 文件入 ESP
    > mcopy -i /home/xzhao/github/minix-rs/os/target/image/x86_64/minix.img /home/xzhao/github/minix-rs/os/target/image/x86_64/staging/EFI/minix/imgrd ::EFI/minix/imgrd
  [tool] 文件入 ESP
    > mcopy -i /home/xzhao/github/minix-rs/os/target/image/x86_64/minix.img /home/xzhao/github/minix-rs/os/target/image/x86_64/staging/EFI/minix/modules/ds ::EFI/minix/modules/ds
  [tool] 文件入 ESP
    > mcopy -i /home/xzhao/github/minix-rs/os/target/image/x86_64/minix.img /home/xzhao/github/minix-rs/os/target/image/x86_64/staging/EFI/minix/modules/rs ::EFI/minix/modules/rs
  [tool] 文件入 ESP
    > mcopy -i /home/xzhao/github/minix-rs/os/target/image/x86_64/minix.img /home/xzhao/github/minix-rs/os/target/image/x86_64/staging/EFI/minix/modules/pm ::EFI/minix/modules/pm
  [tool] 文件入 ESP
    > mcopy -i /home/xzhao/github/minix-rs/os/target/image/x86_64/minix.img /home/xzhao/github/minix-rs/os/target/image/x86_64/staging/EFI/minix/modules/sched ::EFI/minix/modules/sched
  [tool] 文件入 ESP
    > mcopy -i /home/xzhao/github/minix-rs/os/target/image/x86_64/minix.img /home/xzhao/github/minix-rs/os/target/image/x86_64/staging/EFI/minix/modules/vfs ::EFI/minix/modules/vfs
  [tool] 文件入 ESP
    > mcopy -i /home/xzhao/github/minix-rs/os/target/image/x86_64/minix.img /home/xzhao/github/minix-rs/os/target/image/x86_64/staging/EFI/minix/modules/memory ::EFI/minix/modules/memory
  [tool] 文件入 ESP
    > mcopy -i /home/xzhao/github/minix-rs/os/target/image/x86_64/minix.img /home/xzhao/github/minix-rs/os/target/image/x86_64/staging/EFI/minix/modules/tty ::EFI/minix/modules/tty
  [tool] 文件入 ESP
    > mcopy -i /home/xzhao/github/minix-rs/os/target/image/x86_64/minix.img /home/xzhao/github/minix-rs/os/target/image/x86_64/staging/EFI/minix/modules/mib ::EFI/minix/modules/mib
  [tool] 文件入 ESP
    > mcopy -i /home/xzhao/github/minix-rs/os/target/image/x86_64/minix.img /home/xzhao/github/minix-rs/os/target/image/x86_64/staging/EFI/minix/modules/vm ::EFI/minix/modules/vm
  [tool] 文件入 ESP
    > mcopy -i /home/xzhao/github/minix-rs/os/target/image/x86_64/minix.img /home/xzhao/github/minix-rs/os/target/image/x86_64/staging/EFI/minix/modules/pfs ::EFI/minix/modules/pfs
  [tool] 文件入 ESP
    > mcopy -i /home/xzhao/github/minix-rs/os/target/image/x86_64/minix.img /home/xzhao/github/minix-rs/os/target/image/x86_64/staging/EFI/minix/modules/mfs ::EFI/minix/modules/mfs
  [tool] 文件入 ESP
    > mcopy -i /home/xzhao/github/minix-rs/os/target/image/x86_64/minix.img /home/xzhao/github/minix-rs/os/target/image/x86_64/staging/EFI/minix/modules/init ::EFI/minix/modules/init
✅ 镜像就绪：/home/xzhao/github/minix-rs/os/target/image/x86_64/minix.img
   布局：/EFI/BOOT/BOOTX64.EFI + /EFI/minix/{kernel.elf, imgrd, modules/×12}
image assembled: /home/xzhao/github/minix-rs/os/target/image/x86_64/minix.img
ESP verified: kernel.elf + imgrd + all 12 module names present
serial: scheduler hand-off reached — waiting for the T4 command marker
FAIL: T4 marker 'rc: minimal boot script marker' never appeared within 60s
      (init/multi-user chain or the /etc rc content — see the tail)
nk4a: sa1-after cr3=0x0x000000001e76d000
nk4a: pre-restore- rip=0x00000000002014ad rsp=0x00007fffffffc0b8 rbx=0x0000000000010001
nk4a: vm-pf recv
nk4a: pf-exit noaddr cr2=0x0
<unset> 0x0000000000000002 0x0000000000216a76 
boot-shim panic: panicked at kernel/src/syscall_signal.rs:300:13:
cause_sig: sig manager 2 gets lethal signal 11 for itselfkernel panic: panicked at kernel/src/syscall_signal.rs:300:13:
cause_sig: sig manager 2 gets lethal signal 11 for itselfkernel on CPU 0x0000000000000000: trap: vector 0x000000000000000d err 0x0000000000000000 rip 0x000000001ddb9719 cs 0x0000000000000008 rflags 0x0000000000000097 rsp 0xffff8000003ff9a0 ss 0x0000000000000010
nk4a: pfm5-dump
boot-shim panic: panicked at kernel/src/trap_dispatch.rs:723:13:
kernel exception vector 13 at rip 0x1ddb9719 errcode 0x0 [dispatch_body @ 0x1ddafe30]kernel panic: panicked at kernel/src/trap_dispatch.rs:723:13:
kernel exception vector 13 at rip 0x1ddb9719 errcode 0x0 [dispatch_body @ 0x1ddafe30]kernel on CPU 0x0000000000000000: (stacktrace skipped: recursive panic)
qemu-system-x86_64: terminating on signal 15 from pid 1363496 (bash)
