== pattern-gate 全量检查 root=/home/xzhao/github/minix-rs/.wt/c-64-zcode-glm （附增量门 RANGE=HEAD） ==
[P1] SKIP  .review/zcode 缺席（.review 不入 git，本检查仅主树有意义）
[P2] PASS  43/43 防回归测试全部在位
[P3] PASS  端点哨兵/MIB 调用号权威派生 + 0x1800 pin 在位
[P4] PASS  16 个测试文件与 [[test]] 声明一一对应
[P5] PASS  2 个冒烟 marker 均有 emit 点
[P6] PASS  cross-arch-kernel-build 门在位且用 build 非 check
[P7] PASS  退出码吞没对账通过（存量 3 处在基线）
[P8] PASS  CRLF 对账通过（存量 6 处在基线，建议顺手转 LF）
[P9] PASS  会话产物防线三条规则在位
[P10] REPORT tracked todo/new_todo 现有 489 处 Fix #N 裸引（存量不拦；新增由 --diff 拦）
[P12] PASS  共享路径 asm/rdmsr 架构门对账通过（存量 3 处在基线）
[P14] PASS  RTS 裸操作对账通过（存量 219 处在基线）
[P15] PASS  vendored 目录防线在位（跟踪 0 + gitignore 条目）
[P16] PASS  trap 腿消息物化在位（定义 1 + 调用点 3）
[P10] PASS  增量无新增 Fix #N 裸引
[P11] PASS  增量 C 锚点存在性/落窗通过（检查 0 个 token）
[P13] PASS  增量反引号常量符号存在性通过（检查 0 个 token）
----
PASS=15 FAIL=0 SKIP=1
