# NK4-B P4 M4.4 载体时钟补齐 — 判别性对账（两轮真机复跑 + 修前对照）
# 生成时刻: 2026-09-23T01:15:27+08:00
# 运行方式: tmp/nk4a/wrap-rt-birth-riscv64.sh（只改日志保留与 OS_ROOT 两处，判据逐字节继承版管脚本）
# 计数一律用 grep -Fa：模式里含字面 '+'，用 BRE 时 '\+' 会被读成量词（第一版就因此把
#   clock_line 全计成 0，是一次方法伪影，已当场推翻重跑，见 §5）

## 1. 两轮串口日志指纹（应逐字节同形）
6e3118e3cd2ee219f3d2b80611bb3a37  /home/xzhao/github/minix-rs/notes/rewrite/fork-syscall-rewrite/evidence/20260922-nk4b-p4-m44-clock/serial_clk1.log
6e3118e3cd2ee219f3d2b80611bb3a37  /home/xzhao/github/minix-rs/notes/rewrite/fork-syscall-rewrite/evidence/20260922-nk4b-p4-m44-clock/serial_clk2.log

## 2. 判别性断言（修前 vs 修后；四个计数都锁整行字面串）
file                     clock_line CLOCK_STATE_panic kernel_leg_panic RT_BIRTH_MAIN_OK
m41-rt-birth-run1.log    0          1                1              0           
m41-rt-birth-run2.log    0          1                1              0           
serial_clk1.log          1          0                1              0           
serial_clk2.log          1          0                1              0            

# 注：kernel_leg_panic 那一列锁的是通用前缀 "### PANIC in test-rt-birth-riscv64"，
# 修前修后都是 1，所以它本身不判别——判别的是 panic 的落点：修前落在
# kernel/src/lib.rs:0x75d（CLOCK_STATE 访问器），修后落在
# kernel/src/trap_dispatch.rs:0x62e（内核腿 trap 分发）。两列合起来读：
# clock_line 0→1 且 CLOCK_STATE_panic 1→0 = 本修的效果；kernel_leg_panic 恒为 1
# 且落点右移 = 出生链往前走了一步、但整条链仍未通（下一个缺件见
# sum-user-access-forensics.log）。           

## 3. 修前（M4.1 run1）序列尾部：pick-> 之后即 CLOCK_STATE panic
nk4a: pick->0x0000000000000008
### PANIC in test-rt-birth-riscv64: kernel/src/lib.rs:0x000000000000075d CLOCK_STATE not initialized — init_clock_and_interrupts must run first
 ###
qemu-system-riscv64: terminating on signal 15 from pid 1366467 (bash)

## 4. 修后（clk1）：CLOCK_STATE 消失，新断点在内核读用户栈
70:  clock + controller initialized (lines masked)
83:  entering scheduler (switch_to_user)
84:entering scheduler
85:nk4a: pick->0x0000000000000008
86:kernel-leg trap scause=0x000000000000000d stval=0x0000003fffffef6c sepc=0x000000008020d418 sstatus=0x0000000200004100
87:### PANIC in test-rt-birth-riscv64: kernel/src/trap_dispatch.rs:0x000000000000062e riscv64 kernel-leg trap: scause 0xd stval 0x3fffffef6c sepc 0x8020d418

## 5. 方法伪影记录（保留错误样本，别删）
错误命令：grep -ac 'clock \+ controller initialized' serial_clk1.log → 0
正确命令：grep -Fac 'clock + controller initialized' serial_clk1.log → 1
原因：BRE 里 '\+' 是量词（作用于前一个空格），不是字面加号；模式里有字面
      '+' 时必须用 -F。这是本弧线第 4 次栽在观察手段上。
