# m44-kernel-build-warming-census.log — NK4-B P4 M4.4 事实二取证（2026-09-22）
# 命令：cd os && (ulimit -v 3145728; cargo build -p minix-kernel \
#         --target riscv64gc-unknown-none-elf --no-default-features --release)
# 只保留汇总行（generated/error/Compiling/Finished），单条 warning 正文已滤掉。
# 结论（本文件四轮实测）：三轮缓存态复跑都可见「generated 45 warnings」且无 error
#       行——cargo 在缓存命中态会重放 warning 计数。第 4 轮曾得出相反结果，
#       当场定性为**方法伪影**（不是 cargo 行为）：那条 grep 的模式写成
#       `` ^warning: .minix-(kernel|arch|plat). generated ``，漏了实际行里符号名与
#       generated 之间的 ` (lib)`（完整形状是 `` ^warning: `<crate>` (lib) generated ``）。
#       换回正确模式后同一命令重放行重新出现。因此「45 warning」可复跑；
#       但它是当前代码状态的计数快照，不当不变量使用（新增 warning 时应允许它变）。

## 第 1 轮 — touch os/kernel/src/lib.rs 后冷构建
warning: `minix-plat` (lib) generated 2 warnings (run `cargo fix --lib -p minix-plat` to apply 2 suggestions)
warning: `minix-arch` (lib) generated 17 warnings (run `cargo fix --lib -p minix-arch` to apply 9 suggestions)
   Compiling minix-kernel v0.1.0 (/home/xzhao/github/minix-rs/os/kernel)
warning: `minix-kernel` (lib) generated 45 warnings (run `cargo fix --lib -p minix-kernel` to apply 28 suggestions)
    Finished `release` profile [optimized] target(s) in 1.91s

## 第 2 轮 — 紧接着复跑（minix-kernel 已 Fresh，上游两 crate 仍被检查）
warning: `minix-plat` (lib) generated 2 warnings (run `cargo fix --lib -p minix-plat` to apply 2 suggestions)
warning: `minix-arch` (lib) generated 17 warnings (run `cargo fix --lib -p minix-arch` to apply 9 suggestions)
warning: `minix-kernel` (lib) generated 45 warnings (run `cargo fix --lib -p minix-kernel` to apply 28 suggestions)
    Finished `release` profile [optimized] target(s) in 0.06s

## 第 3 轮 — 再复跑（全链 Fresh）
warning: `minix-plat` (lib) generated 2 warnings (run `cargo fix --lib -p minix-plat` to apply 2 suggestions)
warning: `minix-arch` (lib) generated 17 warnings (run `cargo fix --lib -p minix-arch` to apply 9 suggestions)
warning: `minix-kernel` (lib) generated 45 warnings (run `cargo fix --lib -p minix-kernel` to apply 28 suggestions)
    Finished `release` profile [optimized] target(s) in 0.05s

第 3 轮输出行数（实测 4：三条 generated 汇总 + 一条 Finished）：
4

## 第 4 轮 — 同一条 cargo 命令、错误的 grep 模式（方法伪影，当场推翻）
# 命令尾的过滤模式写成：'^(error|warning: .minix-(kernel|arch|plat). generated)|Compiling|Fresh|Finished'
# 输出只剩：    Finished `release` profile [optimized] target(s) in 0.06s
# 原因：真实汇总行形状是 `warning: `<crate>` (lib) generated N warnings`，模式里
#       `.minix-(kernel|arch|plat). generated` 要求符号名后紧跟 generated，漏了
#       ` (lib)` 四个字符 → 不匹配。与 cargo 缓存机制无关；换回正确模式后重放行重现。
