# m44-elf-sections-and-symbols.log — NK4-B P4 M4.4 事实五取证（2026-09-22）
# 工件：os/target/riscv64gc-unknown-none-elf/release/kernel（由 kernel-image/check-layout.sh riscv64 同一条构建命令产出）
# 判别点：第 4 节为 NOBITS 的 .bss，其起始址与 IMAGE_ALLOCATOR 符号址相同；
#          同一符号的类型列为小写 b（= .bss），而 IMAGE_HEAP / KERNEL_ENTRY_ANCHOR 为 r。

$ readelf -S os/target/riscv64gc-unknown-none-elf/release/kernel
There are 8 section headers, starting at offset 0x128740:

Section Headers:
  [Nr] Name              Type             Address           Offset
       Size              EntSize          Flags  Link  Info  Align
  [ 0]                   NULL             0000000000000000  00000000
       0000000000000000  0000000000000000           0     0     0
  [ 1] .text             PROGBITS         ffffffc000000000  00001000
       0000000000022eca  0000000000000000  AX       0     0     4
  [ 2] .rodata           PROGBITS         ffffffc000023000  00024000
       0000000000026be8  0000000000000000 AMSR       0     0     8
  [ 3] .data             PROGBITS         ffffffc00004a000  0004b000
       0000000000095448  0000000000000000  WA       0     0     4096
  [ 4] .bss              NOBITS           ffffffc0000e0000  000e1000
       0000000000120000  0000000000000000  WA       0     0     8
  [ 5] .symtab           SYMTAB           0000000000000000  000e1000
       000000000002bf98  0000000000000018           7   7299     8
  [ 6] .shstrtab         STRTAB           0000000000000000  0010cf98
       0000000000000034  0000000000000000           0     0     1
  [ 7] .strtab           STRTAB           0000000000000000  0010cfcc
       000000000001b76d  0000000000000000           0     0     1
Key to Flags:
  W (write), A (alloc), X (execute), M (merge), S (strings), I (info),
  L (link order), O (extra OS processing required), G (group), T (TLS),
  C (compressed), x (unknown), o (OS specific), E (exclude),
  R (retain), D (mbind), p (processor specific)

$ readelf -l os/target/riscv64gc-unknown-none-elf/release/kernel | grep -E 'LOAD|Entry'
Entry point 0xffffffc000000000
  LOAD           0x0000000000001000 0xffffffc000000000 0x0000000080200000
  LOAD           0x0000000000024000 0xffffffc000023000 0x0000000080223000
  LOAD           0x000000000004b000 0xffffffc00004a000 0x000000008024a000
  LOAD           0x00000000000e1000 0xffffffc0000e0000 0x00000000802e0000

$ nm os/target/riscv64gc-unknown-none-elf/release/kernel | grep IMAGE_
ffffffc000023008 r _ZN6kernel10IMAGE_HEAP17h894a19735a379935E
ffffffc0000e0000 b _ZN6kernel15IMAGE_ALLOCATOR17hd9d318ad3821095bE
ffffffc000023000 r _ZN6kernel19KERNEL_ENTRY_ANCHOR17h09691760060df184E
ffffffc000134f00 B kernel_boot_stack_top
