### 1) aarch64 UEFI 裸机 bin 构建（新放行的一腿）+ 工件形态
  A64-SHIM-EXIT=0
  /home/xzhao/github/minix-rs/os/target/aarch64-unknown-uefi/release/boot-shim.efi: PE32+ executable (EFI application) Aarch64, for MS Windows, 4 sections
### 2) x86_64 UEFI 腿不回归（对外特性名仍是 fw-x86-uefi）
  X64-SHIM-EXIT=0
  target/x86_64-unknown-uefi/release/boot-shim.efi: PE32+ executable (EFI application) x86-64, for MS Windows, 6 sections
### 3) 宿主裸机隔离未退化（X-2/NK5）+ 宿主测试计数（CI 镜像内跑，挂仓根为 /work）
  WS-BINS-EXIT=0
  默认特性 test result: ok. 14 passed; 0 failed; 0 ignored; 0 measured; 0 filtered out; finished in 0.00s
  默认特性 test result: ok. 0 passed; 0 failed; 0 ignored; 0 measured; 0 filtered out; finished in 0.00s
  test-all test result: ok. 27 passed; 0 failed; 0 ignored; 0 measured; 0 filtered out; finished in 0.00s
  test-all test result: ok. 0 passed; 0 failed; 0 ignored; 0 measured; 0 filtered out; finished in 0.00s
  隔离破坏关键词数: 0
### 4) 反向判别：把 bin 的门改回架构专属名，aarch64 腿必须产不出工件
  正例（门 = fw-uefi-image）EXIT=0，工件：-rwxr-xr-x 2 xzhao xzhao 924160 Sep 22 21:16 /home/xzhao/github/minix-rs/os/target/aarch64-unknown-uefi/release/boot-shim.efi
  变异后: boot-shim/Cargo.toml:# `required-features` 是「全部必须开」的语义，一个 bin 不能让两个架构特性
  变异后: boot-shim/Cargo.toml:required-features = ["fw-x86-uefi"]
  负例（门 = fw-x86-uefi）EXIT=0（退出码 0 但无工件 = bin 被跳过）
  -rwxr-xr-x 2 xzhao xzhao 924160 Sep 22 21:16 /home/xzhao/github/minix-rs/os/target/aarch64-unknown-uefi/release/boot-shim.efi
  RESTORE-OK
  还原复跑 EXIT=0，工件：-rwxr-xr-x 2 xzhao xzhao 924160 Sep 22 21:16 /home/xzhao/github/minix-rs/os/target/aarch64-unknown-uefi/release/boot-shim.efi

### 归档补记（同一次会话内）：本文件第 4 节作废，不删（保留错误现场）
第 4 节用 `cargo clean -p boot-shim` 想造出「无工件」现场，实测它没有删掉
target/aarch64-unknown-uefi/release/ 下的 .efi —— 三次 ls 的时间戳与链接数都
指向同一次构建，所以那节的「正例/负例都有工件」不能区分门的有无，什么也没证明。
替代品：m33-shim-gate-negative.log（改成显式 `rm -f` 工件后重建，并先证明
「删了会再生」，再证明门变异后「删了不再生」）。
第 1–3 节（两架构构建退出码 + 工件形态 + 宿主隔离与计数）不受影响，仍然有效。
另注：工件时间戳不能用 `date -r` 判断新旧——cargo 用硬链接复用 deps/ 下的
同一份文件，链接数 2、mtime 保持原构建时刻。
