UEFI firmware (version 2024.02-2ubuntu0.9 built at 12:48:22 on Jun  2 2026)
[2J[01;01H[=3h[2J[01;01H[2J[01;01H[=3h[2J[01;01HBdsDxe: loading Boot0001 "UEFI Non-Block Boot Device" from PciRoot(0x0)/Pci(0x1,0x0)
BdsDxe: starting Boot0001 "UEFI Non-Block Boot Device" from PciRoot(0x0)/Pci(0x1,0x0)
boot-shim: prepare_boot enter
boot-shim: root+bump allocated
boot-shim: loading kernel.elf from ESP&
boot-shim: kernel loaded (entry staged)
boot-shim: 12 boot modules loaded
boot-shim: locating platform sources&
boot-shim: reserved-big ty=BOOT_SERVICES_DATA base=4784e000 pages=6a4
boot-shim: reserved-big ty=BOOT_SERVICES_DATA base=5ec20000 pages=e18
boot-shim: memmaps conv=12 reserved=25
boot-shim: memmap ok (final pre-EBS snapshot)
boot-shim: building KernelInfo&
boot-shim: exiting boot services&
boot-shim: [raw] boot services exited
boot-shim: [raw] pt_alloc registered, entering kernel arch_boot
kernel: entering validate
kernel: v0 enter
kernel: v1 asserts ok
kernel: v2 fallback region ok
kernel: v3 pt_alloc ok
kernel: step0 validate ok
kernel: step1+2 mappings ok
kernel: step4 DM coverage ok
kernel: kmain Phase A enter
kernel: kmain A.1 validate ok
kernel: kmain A.1b console+kinfo ok
kernel: kmain A.2a memmap copy ok
kernel: kmain A.2b module cuts ok
kernel: kmain A/A.2 memmap+modules ok
boot-shim panic: panicked at libs/minix-platform/src/global.rs:273:9:
platform::init_from_kinfo: no platform source parsed successfully and not a dev build (no QemuVirt fallback in release)kernel panic: panicked at libs/minix-platform/src/global.rs:273:9:
platform::init_from_kinfo: no platform source parsed successfully and not a dev build (no QemuVirt fallback in release)kernel on CPU 0x0000000000000000: (stacktrace unavailable on this arch)
