[2J[01;01H[=3h[2J[01;01H[2J[01;01H[=3h[2J[01;01H[2J[01;01H[=3h[2J[01;01HBdsDxe: loading Boot0002 "EFI Internal Shell" from Fv(7CB8BDC9-F8EB-4F34-AAEA-3EE4AF6516A1)/FvFile(7C04A583-9E3E-4F1C-AD65-E05268D0B4D1)
BdsDxe: starting Boot0002 "EFI Internal Shell" from Fv(7CB8BDC9-F8EB-4F34-AAEA-3EE4AF6516A1)/FvFile(7C04A583-9E3E-4F1C-AD65-E05268D0B4D1)
[2J[01;01H[01;01HUEFI Interactive Shell v2.2
EDK II
UEFI v2.70 (Ubuntu distribution of EDK II, 0x00010000)
[1m[33m[40mMapping table[0m[37m[40m
[1m[33m[40m      FS0:[0m[37m[40m [1m[37m[40mAlias(s):[0m[37m[40mF0a65535a:;BLK0:
          PciRoot(0x0)/Pci(0x1F,0x2)/Sata(0x0,0xFFFF,0x0)
[1m[33m[40m     BLK1:[0m[37m[40m [1m[37m[40mAlias(s):[0m[37m[40m
          PciRoot(0x0)/Pci(0x1F,0x2)/Sata(0x2,0xFFFF,0x0)
[09;01HPress [1m[37m[40mESC[0m[37m[40m in 5 seconds to skip [1m[33m[40mstartup.nsh[0m[37m[40m or any other key to continue.[09;01HPress [1m[37m[40mESC[0m[37m[40m in 4 seconds to skip [1m[33m[40mstartup.nsh[0m[37m[40m or any other key to continue.[09;01HPress [1m[37m[40mESC[0m[37m[40m in 3 seconds to skip [1m[33m[40mstartup.nsh[0m[37m[40m or any other key to continue.[09;01HPress [1m[37m[40mESC[0m[37m[40m in 2 seconds to skip [1m[33m[40mstartup.nsh[0m[37m[40m or any other key to continue.[09;01HPress [1m[37m[40mESC[0m[37m[40m in 1 seconds to skip [1m[33m[40mstartup.nsh[0m[37m[40m or any other key to continue.
[1m[33m[40mShell> [0m[37m[40mecho -off
boot-shim: prepare_boot enter
boot-shim: root+bump allocated
boot-shim: loading kernel.elf from ESP…
boot-shim: kernel loaded (entry staged)
boot-shim: 12 boot modules loaded
boot-shim: locating platform sources…
boot-shim: reserved-big ty=BOOT_SERVICES_DATA base=900000 pages=e80
boot-shim: reserved-big ty=BOOT_SERVICES_DATA base=1dfdf000 pages=693
boot-shim: reserved-big ty=BOOT_SERVICES_DATA base=1ed19000 pages=412
boot-shim: reserved-big ty=BOOT_SERVICES_DATA base=1f7ff000 pages=601
boot-shim: memmaps conv=12 reserved=118
boot-shim: memmap ok (final pre-EBS snapshot)
boot-shim: building KernelInfo…
boot-shim: exiting boot services…
boot-shim: [raw] boot services exited
boot-shim: [raw] pt_alloc registered, entering kernel arch_boot
kernel: arch_boot arg=0x000000001fe962b8 blen=0x0000000000000000
kernel: arch_boot reslen=0x0000000000000076 r0=0x0000000000000000+0x0000000000001000
kernel: arch_boot entered
kernel: entering validate
kernel: v0 enter
kernel: v1 asserts ok
kernel: v2 fallback region ok
kernel: v3 pt_alloc ok
kernel: step0 validate ok
kernel: step1+2 mappings ok
kernel: step4 DM coverage ok
kernel: arch_boot_impl done, jumping to kmain
kernel: preA rdi=0x000000001dc34120 kinfo=0x000000001dc34120 rsp=0xffff8000003cef18 blen=0x0000000000000000
kernel: kmain Phase A enter
kernel: kmain A.1 validate ok
kernel: kmain A.1b console+kinfo ok
kernel: kmain A.2a memmap copy ok
kernel: kmain A.2b module cuts ok
kernel: kmain A/A.2 memmap+modules ok
kernel: kmain A.5 platform ok
nk4a: gs0 gsbase=0x0x0000000000000000 kgsbase=0x0x0000000000000000
kernel: kmain B clock+intr ok
nk4a: gs1 gsbase=0x0x000000001dd340c0
kernel: kmain B.5 kerninfo page ok
kernel: diag pc=0x000000000023ac00 pa=0x000000001fe3c000 flags=0x000000000000000d
kernel: vm_handoff free n=0x0000000000000009 deducted=0x0000000000000013
  base=0x0000000000001000 size=0x000000000009f000
  base=0x0000000000100000 size=0x0000000000100000
  base=0x0000000000808000 size=0x0000000000003000
  base=0x000000000080c000 size=0x0000000000004000
  base=0x0000000001780000 size=0x000000001a3f5000
  base=0x000000001bb95000 size=0x0000000001e89000
  base=0x000000001dabe000 size=0x0000000000032000
  base=0x000000001dd5b000 size=0x000000000001d000
nk4a: ident-windows res=0x0000000000000076 zero=0x0000000000000000 low=0x0000000000000001 maxend=0x00000000fee01000 n=0x000000000000000c
kernel: kmain C proc_init ok
kernel: kmain D memory_init ok

MINIX-RS 0.1.0 (rust rewrite) — scheduling live
entering scheduler
nk4a: pick->0x0000000000000008
nk4a: sa0-0x0000000000000008 root=0x0x000000001dfde000 cur=0x0x000000001dfde000
nk4a: gs2 gsbase=0x0x000000001dd340c0
nk4a: probe text va=0x0x000000001dbf5000 -> pa=0x0x000000001dbf5000 fl=0x0x000000000000041b
nk4a: probe stk va=0x0xffff8000003ce000 -> pa=0x0x00000000003ce000 fl=0x0x000000000000041b
nk4a: probe dm va=0x0xffff808000200000 -> pa=0x0x0000000000200000 fl=0x0x0000000000000413
nk4a: sa1-after cr3=0x0x000000001dfde000
nk4a: pre-restore- rip=0x000000000023ac00 rsp=0x00007fffffffefcc
nk4a: birth enternk4a: birth s3 runtime oknk4a: birth s5 -> mainnk4a: vm enternk4a: params read oknk4a: vs0x0000000000000000 rip=0x0x000000000020220e
nk4a: server new oknk4a: vs0x0000000000000001 rip=0x0x000000000023e699
nk4a: relocate oknk4a: vs0x0000000000000002 rip=0x0x0000000000230180
nk4a: vs0x0000000000000003 rip=0x0x000000000023019b
nk4a: vm slot oknk4a: vs0x0000000000000004 rip=0x0x000000000023049e
nk4a: vs0x0000000000000005 rip=0x0x0000000000230288
nk4a: vs0x0000000000000006 rip=0x0x000000000020dc75
nk4a: setaddr nr=0x0000000000000006 flags=0x0x0000000000018080 runnable=no queued=no
nk4a: vmq entry MISSING
nk4a: exec endpt=0x0000000000000006 ip=0x000000000020ae20 stack=0x00007fffffffea78 ps_str=0x00007fffffffefe0
nk4a: exec-store nr=0x0000000000000006 rip=0x000000000020ae20 rsp=0x00007fffffffea78
nk4a: vs0x0000000000000007 rip=0x0x0000000000221d50
nk4a: bootinh-clear nr=0x0000000000000006 flags=0x0x0000000000008080 runnable=no queued=no
nk4a: exec ds oknk4a: vs0x0000000000000008 rip=0x0x000000000020dc75
nk4a: vs0x0000000000000009 rip=0x0x0000000000230880
nk4a: setaddr nr=0x0000000000000002 flags=0x0x0000000000010000 runnable=no queued=no
nk4a: vmq entry MISSING
nk4a: exec endpt=0x0000000000000002 ip=0x00000000002246c0 stack=0x00007fffffffea78 ps_str=0x00007fffffffefe0
nk4a: exec-store nr=0x0000000000000002 rip=0x00000000002246c0 rsp=0x00007fffffffea78
nk4a: bootinh-clear nr=0x0000000000000002 flags=0x0x0000000000000000 runnable=yes queued=yes
nk4a: exec rs oknk4a: vs0x000000000000000a rip=0x0x000000000020dc75
nk4a: vs0x000000000000000b rip=0x0x000000000020dc75
nk4a: vs0x000000000000000c rip=0x0x000000000020dcef
nk4a: setaddr nr=0x0000000000000000 flags=0x0x0000000000018080 runnable=no queued=no
nk4a: vmq entry MISSING
nk4a: exec endpt=0x0000000000000000 ip=0x0000000000222e00 stack=0x00007fffffffea78 ps_str=0x00007fffffffefe0
nk4a: exec-store nr=0x0000000000000000 rip=0x0000000000222e00 rsp=0x00007fffffffea78
nk4a: bootinh-clear nr=0x0000000000000000 flags=0x0x0000000000008080 runnable=no queued=no
nk4a: exec pm oknk4a: vs0x000000000000000d rip=0x0x000000000020dc75
nk4a: vs0x000000000000000e rip=0x0x000000000020dc75
nk4a: setaddr nr=0x0000000000000004 flags=0x0x0000000000018080 runnable=no queued=no
nk4a: vmq entry MISSING
nk4a: exec endpt=0x0000000000000004 ip=0x0000000000205fe0 stack=0x00007fffffffea78 ps_str=0x00007fffffffefe0
nk4a: exec-store nr=0x0000000000000004 rip=0x0000000000205fe0 rsp=0x00007fffffffea78
nk4a: bootinh-clear nr=0x0000000000000004 flags=0x0x0000000000008080 runnable=no queued=no
nk4a: exec sched oknk4a: vs0x000000000000000f rip=0x0x000000000020dc75
nk4a: vs0x0000000000000010 rip=0x0x000000000020dc66
nk4a: setaddr nr=0x0000000000000001 flags=0x0x0000000000018080 runnable=no queued=no
nk4a: vmq entry MISSING
nk4a: exec endpt=0x0000000000000001 ip=0x000000000023b1c0 stack=0x00007fffffffea78 ps_str=0x00007fffffffefe0
nk4a: exec-store nr=0x0000000000000001 rip=0x000000000023b1c0 rsp=0x00007fffffffea78
nk4a: bootinh-clear nr=0x0000000000000001 flags=0x0x0000000000008080 runnable=no queued=no
nk4a: exec vfs oknk4a: vs0x0000000000000011 rip=0x0x000000000023e699
nk4a: vs0x0000000000000012 rip=0x0x000000000020dc66
nk4a: vs0x0000000000000013 rip=0x0x00000000002303b5
nk4a: setaddr nr=0x0000000000000003 flags=0x0x0000000000018080 runnable=no queued=no
nk4a: vmq entry MISSING
nk4a: exec endpt=0x0000000000000003 ip=0x00000000002072f0 stack=0x00007fffffffea78 ps_str=0x00007fffffffefe0
nk4a: exec-store nr=0x0000000000000003 rip=0x00000000002072f0 rsp=0x00007fffffffea78
nk4a: bootinh-clear nr=0x0000000000000003 flags=0x0x0000000000008080 runnable=no queued=no
nk4a: exec memory oknk4a: vs0x0000000000000014 rip=0x0x000000000023049e
nk4a: vs0x0000000000000015 rip=0x0x0000000000230880
nk4a: setaddr nr=0x0000000000000005 flags=0x0x0000000000018080 runnable=no queued=no
nk4a: vmq entry MISSING
nk4a: exec endpt=0x0000000000000005 ip=0x0000000000207840 stack=0x00007fffffffea78 ps_str=0x00007fffffffefe0
nk4a: exec-store nr=0x0000000000000005 rip=0x0000000000207840 rsp=0x00007fffffffea78
nk4a: bootinh-clear nr=0x0000000000000005 flags=0x0x0000000000008080 runnable=no queued=no
nk4a: exec tty oknk4a: vs0x0000000000000016 rip=0x0x000000000020dc75
nk4a: vs0x0000000000000017 rip=0x0x0000000000230880
nk4a: setaddr nr=0x0000000000000007 flags=0x0x0000000000018080 runnable=no queued=no
nk4a: vmq entry MISSING
nk4a: exec endpt=0x0000000000000007 ip=0x00000000002100a0 stack=0x00007fffffffea78 ps_str=0x00007fffffffefe0
nk4a: exec-store nr=0x0000000000000007 rip=0x00000000002100a0 rsp=0x00007fffffffea78
nk4a: vs0x0000000000000018 rip=0x0x0000000000221d50
nk4a: bootinh-clear nr=0x0000000000000007 flags=0x0x0000000000008080 runnable=no queued=no
nk4a: exec mib oknk4a: vs0x0000000000000019 rip=0x0x000000000020dc75
nk4a: vs0x000000000000001a rip=0x0x000000000020dc75
nk4a: setaddr nr=0x0000000000000009 flags=0x0x0000000000018080 runnable=no queued=no
nk4a: vmq entry MISSING
nk4a: exec endpt=0x0000000000000009 ip=0x0000000000209c90 stack=0x00007fffffffea78 ps_str=0x00007fffffffefe0
nk4a: exec-store nr=0x0000000000000009 rip=0x0000000000209c90 rsp=0x00007fffffffea78
nk4a: bootinh-clear nr=0x0000000000000009 flags=0x0x0000000000008080 runnable=no queued=no
nk4a: exec pfs oknk4a: vs0x000000000000001b rip=0x0x00000000002302f1
nk4a: vs0x000000000000001c rip=0x0x000000000020dc66
nk4a: setaddr nr=0x000000000000000a flags=0x0x0000000000018080 runnable=no queued=no
nk4a: vmq entry MISSING
nk4a: exec endpt=0x000000000000000a ip=0x0000000000226590 stack=0x00007fffffffea78 ps_str=0x00007fffffffefe0
nk4a: exec-store nr=0x000000000000000a rip=0x0000000000226590 rsp=0x00007fffffffea78
nk4a: bootinh-clear nr=0x000000000000000a flags=0x0x0000000000008080 runnable=no queued=no
nk4a: vs0x000000000000001d rip=0x0x0000000000221cac
nk4a: exec mfs oknk4a: vs0x000000000000001e rip=0x0x000000000020dc75
nk4a: vs0x000000000000001f rip=0x0x000000000020dcef
nk4a: setaddr nr=0x000000000000000b flags=0x0x0000000000018080 runnable=no queued=no
nk4a: vmq entry MISSING
nk4a: exec endpt=0x000000000000000b ip=0x000000000022248c stack=0x00007fffffffea78 ps_str=0x00007fffffffefe0
nk4a: exec-store nr=0x000000000000000b rip=0x000000000022248c rsp=0x00007fffffffea78
nk4a: bootinh-clear nr=0x000000000000000b flags=0x0x0000000000008080 runnable=no queued=no
nk4a: exec init oknk4a: init donenk4a: run enternk4a: ipc-entry nr=0x0000000000000002 caller=0x0000000000000008
nk4a: rcv-eng
nk4a: rcv-p4
nk4a: pick->0x0000000000000002
nk4a: sa0-0x0000000000000002 root=0x0x00000000035b0000 cur=0x0x000000001dfde000
nk4a: gs2 gsbase=0x0x000000001dd340c0
nk4a: probe text va=0x0x000000001dbf5000 -> pa=0x0x000000001dbf5000 fl=0x0x000000000000001b
nk4a: probe stk va=0x0xffff8000003ff000 -> pa=0x0x00000000003ff000 fl=0x0x0000000000000013
nk4a: probe dm va=0x0xffff808000200000 -> pa=0x0x0000000000200000 fl=0x0x0000000000000013
nk4a: cr3-done-0x0x00000000035b0000
nk4a: sa1-after cr3=0x0x00000000035b0000
nk4a: pre-restore- rip=0x00000000002246c0 rsp=0x00007fffffffea78
nk4a: vs0x0000000000000021 rip=0x0x00000000002246c0
nk4a: pf#0x0000000000000000 rip=0x00000000002246c0 err=0x0000000000000014 cr2=0x00000000002246c0 rsp=0x00007fffffffea78 walk=NP
nk4a: pfm1-gate
nk4a: pfm2-smp
nk4a: pfm3-tbl
nk4a: pfm4-hand
nk4a: anchor fwd=0x0x000000001dc1f580 finish=0x0x000000001dbf43a0 sched=0x0x000000001dbf11f0
nk4a: pick->0x0000000000000008
nk4a: sa0-0x0000000000000008 root=0x0x000000001dfde000 cur=0x0x00000000035b0000
nk4a: gs2 gsbase=0x0x000000001dd340c0
nk4a: probe text va=0x0x000000001dbf5000 -> pa=0x0x000000001dbf5000 fl=0x0x000000000000041b
nk4a: probe stk va=0x0xffff8000003ff000 -> pa=0x0x00000000003ff000 fl=0x0x000000000000041b
nk4a: probe dm va=0x0xffff808000200000 -> pa=0x0x0000000000200000 fl=0x0x0000000000000413
nk4a: cr3-done-0x0x000000001dfde000
nk4a: sa1-after cr3=0x0x000000001dfde000
nk4a: pre-restore- rip=0x00000000002014ad rsp=0x00007fffffffc0b8
nk4a: vs0x0000000000000023 rip=0x0x00000000002014ad
nk4a: rcv0 src=2 type=0xcff
nk4a: vm-pf recv
nk4a: vm-pf bytes 0000000000000000
nk4a: ipc-entry nr=0x0000000000000002 caller=0x0000000000000008
nk4a: rcv-eng
nk4a: rcv-p4
nk4a: pick->0x0000000000000002
nk4a: sa0-0x0000000000000002 root=0x0x00000000035b0000 cur=0x0x000000001dfde000
nk4a: gs2 gsbase=0x0x000000001dd340c0
nk4a: probe text va=0x0x000000001dbf5000 -> pa=0x0x000000001dbf5000 fl=0x0x000000000000001b
nk4a: probe stk va=0x0xffff8000003ff000 -> pa=0x0x00000000003ff000 fl=0x0x0000000000000013
nk4a: probe dm va=0x0xffff808000200000 -> pa=0x0x0000000000200000 fl=0x0x0000000000000013
nk4a: cr3-done-0x0x00000000035b0000
nk4a: sa1-after cr3=0x0x00000000035b0000
nk4a: pre-restore- rip=0x00000000002246c0 rsp=0x00007fffffffea78
nk4a: pf#0x0000000000000001 rip=0x00000000002246c7 err=0x0000000000000006 cr2=0x00007fffffffea68 rsp=0x00007fffffffea70 walk=NP
nk4a: pfm1-gate
nk4a: pfm2-smp
nk4a: pfm3-tbl
nk4a: pfm4-hand
nk4a: pick->0x0000000000000008
nk4a: sa0-0x0000000000000008 root=0x0x000000001dfde000 cur=0x0x00000000035b0000
nk4a: gs2 gsbase=0x0x000000001dd340c0
nk4a: probe text va=0x0x000000001dbf5000 -> pa=0x0x000000001dbf5000 fl=0x0x000000000000041b
nk4a: probe stk va=0x0xffff8000003ff000 -> pa=0x0x00000000003ff000 fl=0x0x000000000000041b
nk4a: probe dm va=0x0xffff808000200000 -> pa=0x0x0000000000200000 fl=0x0x0000000000000413
nk4a: cr3-done-0x0x000000001dfde000
nk4a: sa1-after cr3=0x0x000000001dfde000
nk4a: pre-restore- rip=0x00000000002014ad rsp=0x00007fffffffc0b8
nk4a: vs0x0000000000000026 rip=0x0x000000000023c6e8
nk4a: rcv1 src=2 type=0xcff
nk4a: vm-pf recv
nk4a: vm-pf bytes 0000000000000000
nk4a: ipc-entry nr=0x0000000000000002 caller=0x0000000000000008
nk4a: rcv-eng
nk4a: rcv-p4
nk4a: pick->0x0000000000000002
nk4a: sa0-0x0000000000000002 root=0x0x00000000035b0000 cur=0x0x000000001dfde000
nk4a: gs2 gsbase=0x0x000000001dd340c0
nk4a: probe text va=0x0x000000001dbf5000 -> pa=0x0x000000001dbf5000 fl=0x0x000000000000001b
nk4a: probe stk va=0x0xffff8000003ff000 -> pa=0x0x00000000003ff000 fl=0x0x0000000000000013
nk4a: probe dm va=0x0xffff808000200000 -> pa=0x0x0000000000200000 fl=0x0x0000000000000013
nk4a: cr3-done-0x0x00000000035b0000
nk4a: sa1-after cr3=0x0x00000000035b0000
nk4a: pre-restore- rip=0x00000000002246c7 rsp=0x00007fffffffea70
nk4a: pf#0x0000000000000002 rip=0x000000000021cf20 err=0x0000000000000014 cr2=0x000000000021cf20 rsp=0x00007fffffffea68 walk=NP
nk4a: pfm1-gate
nk4a: pfm2-smp
nk4a: pfm3-tbl
nk4a: pfm4-hand
nk4a: pick->0x0000000000000008
nk4a: sa0-0x0000000000000008 root=0x0x000000001dfde000 cur=0x0x00000000035b0000
nk4a: gs2 gsbase=0x0x000000001dd340c0
nk4a: probe text va=0x0x000000001dbf5000 -> pa=0x0x000000001dbf5000 fl=0x0x000000000000041b
nk4a: probe stk va=0x0xffff8000003ff000 -> pa=0x0x00000000003ff000 fl=0x0x000000000000041b
nk4a: probe dm va=0x0xffff808000200000 -> pa=0x0x0000000000200000 fl=0x0x0000000000000413
nk4a: cr3-done-0x0x000000001dfde000
nk4a: sa1-after cr3=0x0x000000001dfde000
nk4a: pre-restore- rip=0x00000000002014ad rsp=0x00007fffffffc0b8
nk4a: rcv2 src=2 type=0xcff
nk4a: vm-pf recv
nk4a: vm-pf bytes 48b8696222000000
nk4a: ipc-entry nr=0x0000000000000002 caller=0x0000000000000008
nk4a: rcv-eng
nk4a: rcv-p4
nk4a: pick->0x0000000000000002
nk4a: sa0-0x0000000000000002 root=0x0x00000000035b0000 cur=0x0x000000001dfde000
nk4a: gs2 gsbase=0x0x000000001dd340c0
nk4a: probe text va=0x0x000000001dbf5000 -> pa=0x0x000000001dbf5000 fl=0x0x000000000000001b
nk4a: probe stk va=0x0xffff8000003ff000 -> pa=0x0x00000000003ff000 fl=0x0x0000000000000013
nk4a: probe dm va=0x0xffff808000200000 -> pa=0x0x0000000000200000 fl=0x0x0000000000000013
nk4a: cr3-done-0x0x00000000035b0000
nk4a: sa1-after cr3=0x0x00000000035b0000
nk4a: pre-restore- rip=0x000000000021cf20 rsp=0x00007fffffffea68
nk4a: kc0x0000000000000001 caller=0x0000000000000002 call=0x000000000000002c
nk4a: memreq-notify o=0x0000000000000001
nk4a: sys-susp vmreq=y pending=y
nk4a: pick->0x0000000000000008
nk4a: sa0-0x0000000000000008 root=0x0x000000001dfde000 cur=0x0x00000000035b0000
nk4a: gs2 gsbase=0x0x000000001dd340c0
nk4a: probe text va=0x0x000000001dbf5000 -> pa=0x0x000000001dbf5000 fl=0x0x000000000000041b
nk4a: probe stk va=0x0xffff8000003ff000 -> pa=0x0x00000000003ff000 fl=0x0x000000000000041b
nk4a: probe dm va=0x0xffff808000200000 -> pa=0x0x0000000000200000 fl=0x0x0000000000000413
nk4a: cr3-done-0x0x000000001dfde000
nk4a: sa1-after cr3=0x0x000000001dfde000
nk4a: pre-restore- rip=0x00000000002014ad rsp=0x00007fffffffc0b8
nk4a: vs0x000000000000002a rip=0x0x00000000002014ad
nk4a: rcv3 src=-2 type=0x1000
nk4a: do-memory enter
nk4a: memreq target=2 start=0x222e58 len=0x11 ok=1
nk4a: do-memory done
nk4a: ipc-entry nr=0x0000000000000002 caller=0x0000000000000008
nk4a: pick->0x0000000000000002
nk4a: sa0-0x0000000000000002 root=0x0x00000000035b0000 cur=0x0x000000001dfde000
nk4a: gs2 gsbase=0x0x000000001dd340c0
nk4a: probe text va=0x0x000000001dbf5000 -> pa=0x0x000000001dbf5000 fl=0x0x000000000000001b
nk4a: probe stk va=0x0xffff8000003ff000 -> pa=0x0x00000000003ff000 fl=0x0x0000000000000013
nk4a: probe dm va=0x0xffff808000200000 -> pa=0x0x0000000000200000 fl=0x0x0000000000000013
nk4a: cr3-done-0x0x00000000035b0000
nk4a: sa1-after cr3=0x0x00000000035b0000
nk4a: kc0x0000000000000002 caller=0x0000000000000002 call=0x000000000000002c
nk4a: birth enternk4a: pre-restore- rip=0x000000000021cfa1 rsp=0x00007fffffffe9f0
nk4a: vs0x000000000000002c rip=0x0x000000000021cfa1
nk4a: pf#0x0000000000000003 rip=0x000000000021c73c err=0x0000000000000004 cr2=0x0000000000229708 rsp=0x00007fffffffe9e8 walk=NP
nk4a: pfm1-gate
nk4a: pfm2-smp
nk4a: pfm3-tbl
nk4a: pfm4-hand
nk4a: pick->0x0000000000000008
nk4a: sa0-0x0000000000000008 root=0x0x000000001dfde000 cur=0x0x00000000035b0000
nk4a: gs2 gsbase=0x0x000000001dd340c0
nk4a: probe text va=0x0x000000001dbf5000 -> pa=0x0x000000001dbf5000 fl=0x0x000000000000041b
nk4a: probe stk va=0x0xffff8000003ff000 -> pa=0x0x00000000003ff000 fl=0x0x000000000000041b
nk4a: probe dm va=0x0xffff808000200000 -> pa=0x0x0000000000200000 fl=0x0x0000000000000413
nk4a: cr3-done-0x0x000000001dfde000
nk4a: sa1-after cr3=0x0x000000001dfde000
nk4a: pre-restore- rip=0x00000000002014ad rsp=0x00007fffffffc0b8
nk4a: rcv4 src=2 type=0xcff
nk4a: vm-pf recv
nk4a: vm-pf bytes 0000000000000000
nk4a: ipc-entry nr=0x0000000000000002 caller=0x0000000000000008
nk4a: pick->0x0000000000000002
nk4a: sa0-0x0000000000000002 root=0x0x00000000035b0000 cur=0x0x000000001dfde000
nk4a: gs2 gsbase=0x0x000000001dd340c0
nk4a: probe text va=0x0x000000001dbf5000 -> pa=0x0x000000001dbf5000 fl=0x0x000000000000001b
nk4a: probe stk va=0x0xffff8000003ff000 -> pa=0x0x00000000003ff000 fl=0x0x0000000000000013
nk4a: probe dm va=0x0xffff808000200000 -> pa=0x0x0000000000200000 fl=0x0x0000000000000013
nk4a: cr3-done-0x0x00000000035b0000
nk4a: sa1-after cr3=0x0x00000000035b0000
nk4a: pre-restore- rip=0x000000000021c73c rsp=0x00007fffffffe9e8
nk4a: pf#0x0000000000000004 rip=0x0000000000226620 err=0x0000000000000014 cr2=0x0000000000226620 rsp=0x00007fffffffe7d8 walk=NP
nk4a: pick->0x0000000000000008
nk4a: sa0-0x0000000000000008 root=0x0x000000001dfde000 cur=0x0x00000000035b0000
nk4a: gs2 gsbase=0x0x000000001dd340c0
nk4a: probe text va=0x0x000000001dbf5000 -> pa=0x0x000000001dbf5000 fl=0x0x000000000000041b
nk4a: probe stk va=0x0xffff8000003ff000 -> pa=0x0x00000000003ff000 fl=0x0x000000000000041b
nk4a: probe dm va=0x0xffff808000200000 -> pa=0x0x0000000000200000 fl=0x0x0000000000000413
nk4a: cr3-done-0x0x000000001dfde000
nk4a: sa1-after cr3=0x0x000000001dfde000
nk4a: pre-restore- rip=0x00000000002014ad rsp=0x00007fffffffc0b8
nk4a: vs0x0000000000000030 rip=0x0x00000000002014ad
nk4a: rcv5 src=2 type=0xcff
nk4a: vm-pf recv
nk4a: vm-pf bytes fe80fbee75624180
nk4a: ipc-entry nr=0x0000000000000002 caller=0x0000000000000008
nk4a: pick->0x0000000000000002
nk4a: sa0-0x0000000000000002 root=0x0x00000000035b0000 cur=0x0x000000001dfde000
nk4a: gs2 gsbase=0x0x000000001dd340c0
nk4a: probe text va=0x0x000000001dbf5000 -> pa=0x0x000000001dbf5000 fl=0x0x000000000000001b
nk4a: probe stk va=0x0xffff8000003ff000 -> pa=0x0x00000000003ff000 fl=0x0x0000000000000013
nk4a: probe dm va=0x0xffff808000200000 -> pa=0x0x0000000000200000 fl=0x0x0000000000000013
nk4a: cr3-done-0x0x00000000035b0000
nk4a: sa1-after cr3=0x0x00000000035b0000
nk4a: pre-restore- rip=0x0000000000226620 rsp=0x00007fffffffe7d8
nk4a: pf#0x0000000000000005 rip=0x000000000021c76e err=0x0000000000000006 cr2=0x00000000002289d8 rsp=0x00007fffffffe7e0 walk=NP
nk4a: pick->0x0000000000000008
nk4a: sa0-0x0000000000000008 root=0x0x000000001dfde000 cur=0x0x00000000035b0000
nk4a: gs2 gsbase=0x0x000000001dd340c0
nk4a: probe text va=0x0x000000001dbf5000 -> pa=0x0x000000001dbf5000 fl=0x0x000000000000041b
nk4a: probe stk va=0x0xffff8000003ff000 -> pa=0x0x00000000003ff000 fl=0x0x000000000000041b
nk4a: probe dm va=0x0xffff808000200000 -> pa=0x0x0000000000200000 fl=0x0x0000000000000413
nk4a: cr3-done-0x0x000000001dfde000
nk4a: sa1-after cr3=0x0x000000001dfde000
nk4a: pre-restore- rip=0x00000000002014ad rsp=0x00007fffffffc0b8
nk4a: rcv6 src=2 type=0xcff
nk4a: vm-pf recv
nk4a: vm-pf bytes 0000000000000000
nk4a: ipc-entry nr=0x0000000000000002 caller=0x0000000000000008
nk4a: pick->0x0000000000000002
nk4a: sa0-0x0000000000000002 root=0x0x00000000035b0000 cur=0x0x000000001dfde000
nk4a: gs2 gsbase=0x0x000000001dd340c0
nk4a: probe text va=0x0x000000001dbf5000 -> pa=0x0x000000001dbf5000 fl=0x0x000000000000001b
nk4a: probe stk va=0x0xffff8000003ff000 -> pa=0x0x00000000003ff000 fl=0x0x0000000000000013
nk4a: probe dm va=0x0xffff808000200000 -> pa=0x0x0000000000200000 fl=0x0x0000000000000013
nk4a: cr3-done-0x0x00000000035b0000
nk4a: sa1-after cr3=0x0x00000000035b0000
nk4a: pre-restore- rip=0x000000000021c76e rsp=0x00007fffffffe7e0
nk4a: pf#0x0000000000000006 rip=0x000000000021cffa err=0x0000000000000014 cr2=0x000000000021d000 rsp=0x00007fffffffe9f0 walk=NP
nk4a: pick->0x0000000000000008
nk4a: sa0-0x0000000000000008 root=0x0x000000001dfde000 cur=0x0x00000000035b0000
nk4a: gs2 gsbase=0x0x000000001dd340c0
nk4a: probe text va=0x0x000000001dbf5000 -> pa=0x0x000000001dbf5000 fl=0x0x000000000000041b
nk4a: probe stk va=0x0xffff8000003ff000 -> pa=0x0x00000000003ff000 fl=0x0x000000000000041b
nk4a: probe dm va=0x0xffff808000200000 -> pa=0x0x0000000000200000 fl=0x0x0000000000000413
nk4a: cr3-done-0x0x000000001dfde000
nk4a: sa1-after cr3=0x0x000000001dfde000
nk4a: pre-restore- rip=0x00000000002014ad rsp=0x00007fffffffc0b8
nk4a: rcv7 src=2 type=0xcff
nk4a: vs0x0000000000000035 rip=0x0x0000000000205661
nk4a: vm-pf recv
nk4a: vm-pf bytes 00000048c744241c
nk4a: ipc-entry nr=0x0000000000000002 caller=0x0000000000000008
nk4a: pick->0x0000000000000002
nk4a: sa0-0x0000000000000002 root=0x0x00000000035b0000 cur=0x0x000000001dfde000
nk4a: gs2 gsbase=0x0x000000001dd340c0
nk4a: probe text va=0x0x000000001dbf5000 -> pa=0x0x000000001dbf5000 fl=0x0x000000000000001b
nk4a: probe stk va=0x0xffff8000003ff000 -> pa=0x0x00000000003ff000 fl=0x0x0000000000000013
nk4a: probe dm va=0x0xffff808000200000 -> pa=0x0x0000000000200000 fl=0x0x0000000000000013
nk4a: cr3-done-0x0x00000000035b0000
nk4a: sa1-after cr3=0x0x00000000035b0000
nk4a: pre-restore- rip=0x000000000021cffa rsp=0x00007fffffffe9f0
nk4a: kc0x0000000000000003 caller=0x0000000000000002 call=0x000000000000002c
nk4a: birth s3 runtime oknk4a: kc0x0000000000000004 caller=0x0000000000000002 call=0x000000000000002c
nk4a: birth s5 -> mainnk4a: pf#0x0000000000000007 rip=0x0000000000201670 err=0x0000000000000014 cr2=0x0000000000201670 rsp=0x00007fffffffe9e8 walk=NP
nk4a: pick->0x0000000000000008
nk4a: sa0-0x0000000000000008 root=0x0x000000001dfde000 cur=0x0x00000000035b0000
nk4a: gs2 gsbase=0x0x000000001dd340c0
nk4a: probe text va=0x0x000000001dbf5000 -> pa=0x0x000000001dbf5000 fl=0x0x000000000000041b
nk4a: probe stk va=0x0xffff8000003ff000 -> pa=0x0x00000000003ff000 fl=0x0x000000000000041b
nk4a: probe dm va=0x0xffff808000200000 -> pa=0x0x0000000000200000 fl=0x0x0000000000000413
nk4a: cr3-done-0x0x000000001dfde000
nk4a: sa1-after cr3=0x0x000000001dfde000
nk4a: pre-restore- rip=0x00000000002014ad rsp=0x00007fffffffc0b8
nk4a: rcv8 src=2 type=0xcff
nk4a: vm-pf recv
nk4a: vm-pf bytes 0000000000000000
nk4a: ipc-entry nr=0x0000000000000002 caller=0x0000000000000008
nk4a: pick->0x0000000000000002
nk4a: sa0-0x0000000000000002 root=0x0x00000000035b0000 cur=0x0x000000001dfde000
nk4a: gs2 gsbase=0x0x000000001dd340c0
nk4a: probe text va=0x0x000000001dbf5000 -> pa=0x0x000000001dbf5000 fl=0x0x000000000000001b
nk4a: probe stk va=0x0xffff8000003ff000 -> pa=0x0x00000000003ff000 fl=0x0x0000000000000013
nk4a: probe dm va=0x0xffff808000200000 -> pa=0x0x0000000000200000 fl=0x0x0000000000000013
nk4a: cr3-done-0x0x00000000035b0000
nk4a: sa1-after cr3=0x0x00000000035b0000
nk4a: pre-restore- rip=0x0000000000201670 rsp=0x00007fffffffe9e8
nk4a: pf#0x0000000000000008 rip=0x000000000020167e err=0x0000000000000006 cr2=0x00007fffffffd9c8 rsp=0x00007fffffffd9c8 walk=NP
nk4a: pick->0x0000000000000008
nk4a: sa0-0x0000000000000008 root=0x0x000000001dfde000 cur=0x0x00000000035b0000
nk4a: gs2 gsbase=0x0x000000001dd340c0
nk4a: probe text va=0x0x000000001dbf5000 -> pa=0x0x000000001dbf5000 fl=0x0x000000000000041b
nk4a: probe stk va=0x0xffff8000003ff000 -> pa=0x0x00000000003ff000 fl=0x0x000000000000041b
nk4a: probe dm va=0x0xffff808000200000 -> pa=0x0x0000000000200000 fl=0x0x0000000000000413
nk4a: cr3-done-0x0x000000001dfde000
nk4a: sa1-after cr3=0x0x000000001dfde000
nk4a: pre-restore- rip=0x00000000002014ad rsp=0x00007fffffffc0b8
nk4a: vs0x000000000000003a rip=0x0x00000000002014ad
nk4a: rcv9 src=2 type=0xcff
nk4a: vm-pf recv
nk4a: vm-pf bytes 0000000000000000
nk4a: ipc-entry nr=0x0000000000000002 caller=0x0000000000000008
nk4a: pick->0x0000000000000002
nk4a: sa0-0x0000000000000002 root=0x0x00000000035b0000 cur=0x0x000000001dfde000
nk4a: gs2 gsbase=0x0x000000001dd340c0
nk4a: probe text va=0x0x000000001dbf5000 -> pa=0x0x000000001dbf5000 fl=0x0x000000000000001b
nk4a: probe stk va=0x0xffff8000003ff000 -> pa=0x0x00000000003ff000 fl=0x0x0000000000000013
nk4a: probe dm va=0x0xffff808000200000 -> pa=0x0x0000000000200000 fl=0x0x0000000000000013
nk4a: cr3-done-0x0x00000000035b0000
nk4a: sa1-after cr3=0x0x00000000035b0000
nk4a: pre-restore- rip=0x000000000020167e rsp=0x00007fffffffd9c8
nk4a: pf#0x0000000000000009 rip=0x000000000020168d err=0x0000000000000006 cr2=0x00007fffffffc9c8 rsp=0x00007fffffffc9c8 walk=NP
nk4a: pick->0x0000000000000008
nk4a: sa0-0x0000000000000008 root=0x0x000000001dfde000 cur=0x0x00000000035b0000
nk4a: gs2 gsbase=0x0x000000001dd340c0
nk4a: probe text va=0x0x000000001dbf5000 -> pa=0x0x000000001dbf5000 fl=0x0x000000000000041b
nk4a: probe stk va=0x0xffff8000003ff000 -> pa=0x0x00000000003ff000 fl=0x0x000000000000041b
nk4a: probe dm va=0x0xffff808000200000 -> pa=0x0x0000000000200000 fl=0x0x0000000000000413
nk4a: cr3-done-0x0x000000001dfde000
nk4a: sa1-after cr3=0x0x000000001dfde000
nk4a: pre-restore- rip=0x00000000002014ad rsp=0x00007fffffffc0b8
nk4a: rcv10 src=2 type=0xcff
nk4a: vm-pf recv
nk4a: vm-pf bytes 0000000000000000
nk4a: ipc-entry nr=0x0000000000000002 caller=0x0000000000000008
nk4a: pick->0x0000000000000002
nk4a: sa0-0x0000000000000002 root=0x0x00000000035b0000 cur=0x0x000000001dfde000
nk4a: gs2 gsbase=0x0x000000001dd340c0
nk4a: probe text va=0x0x000000001dbf5000 -> pa=0x0x000000001dbf5000 fl=0x0x000000000000001b
nk4a: probe stk va=0x0xffff8000003ff000 -> pa=0x0x00000000003ff000 fl=0x0x0000000000000013
nk4a: probe dm va=0x0xffff808000200000 -> pa=0x0x0000000000200000 fl=0x0x0000000000000013
nk4a: cr3-done-0x0x00000000035b0000
nk4a: sa1-after cr3=0x0x00000000035b0000
nk4a: pre-restore- rip=0x000000000020168d rsp=0x00007fffffffc9c8
nk4a: kc0x0000000000000005 caller=0x0000000000000002 call=0x000000000000001a
nk4a: vs0x000000000000003e rip=0x0x000000000020173c
nk4a: pf#0x000000000000000a rip=0x00000000002021b0 err=0x0000000000000014 cr2=0x00000000002021b0 rsp=0x00007fffffffc388 walk=NP
nk4a: pick->0x0000000000000008
nk4a: sa0-0x0000000000000008 root=0x0x000000001dfde000 cur=0x0x00000000035b0000
nk4a: gs2 gsbase=0x0x000000001dd340c0
nk4a: probe text va=0x0x000000001dbf5000 -> pa=0x0x000000001dbf5000 fl=0x0x000000000000041b
nk4a: probe stk va=0x0xffff8000003ff000 -> pa=0x0x00000000003ff000 fl=0x0x000000000000041b
nk4a: probe dm va=0x0xffff808000200000 -> pa=0x0x0000000000200000 fl=0x0x0000000000000413
nk4a: cr3-done-0x0x000000001dfde000
nk4a: sa1-after cr3=0x0x000000001dfde000
nk4a: pre-restore- rip=0x00000000002014ad rsp=0x00007fffffffc0b8
nk4a: rcv11 src=2 type=0xcff
nk4a: vm-pf recv
nk4a: vm-pf bytes 8b3c24ba01000000
nk4a: ipc-entry nr=0x0000000000000002 caller=0x0000000000000008
nk4a: pick->0x0000000000000002
nk4a: sa0-0x0000000000000002 root=0x0x00000000035b0000 cur=0x0x000000001dfde000
nk4a: gs2 gsbase=0x0x000000001dd340c0
nk4a: probe text va=0x0x000000001dbf5000 -> pa=0x0x000000001dbf5000 fl=0x0x000000000000001b
nk4a: probe stk va=0x0xffff8000003ff000 -> pa=0x0x00000000003ff000 fl=0x0x0000000000000013
nk4a: probe dm va=0x0xffff808000200000 -> pa=0x0x0000000000200000 fl=0x0x0000000000000013
nk4a: cr3-done-0x0x00000000035b0000
nk4a: sa1-after cr3=0x0x00000000035b0000
nk4a: pre-restore- rip=0x00000000002021b0 rsp=0x00007fffffffc388
nk4a: pf#0x000000000000000b rip=0x0000000000226659 err=0x0000000000000006 cr2=0x000000000022a000 rsp=0x00007fffffffc348 walk=NP
nk4a: pick->0x0000000000000008
nk4a: sa0-0x0000000000000008 root=0x0x000000001dfde000 cur=0x0x00000000035b0000
nk4a: gs2 gsbase=0x0x000000001dd340c0
nk4a: probe text va=0x0x000000001dbf5000 -> pa=0x0x000000001dbf5000 fl=0x0x000000000000041b
nk4a: probe stk va=0x0xffff8000003ff000 -> pa=0x0x00000000003ff000 fl=0x0x000000000000041b
nk4a: probe dm va=0x0xffff808000200000 -> pa=0x0x0000000000200000 fl=0x0x0000000000000413
nk4a: cr3-done-0x0x000000001dfde000
nk4a: sa1-after cr3=0x0x000000001dfde000
nk4a: pre-restore- rip=0x00000000002014ad rsp=0x00007fffffffc0b8
nk4a: rcv12 src=2 type=0xcff
nk4a: vm-pf recv
nk4a: vm-pf bytes 0000000000000000
nk4a: ipc-entry nr=0x0000000000000002 caller=0x0000000000000008
nk4a: pick->0x0000000000000002
nk4a: sa0-0x0000000000000002 root=0x0x00000000035b0000 cur=0x0x000000001dfde000
nk4a: gs2 gsbase=0x0x000000001dd340c0
nk4a: probe text va=0x0x000000001dbf5000 -> pa=0x0x000000001dbf5000 fl=0x0x000000000000001b
nk4a: probe stk va=0x0xffff8000003ff000 -> pa=0x0x00000000003ff000 fl=0x0x0000000000000013
nk4a: probe dm va=0x0xffff808000200000 -> pa=0x0x0000000000200000 fl=0x0x0000000000000013
nk4a: cr3-done-0x0x00000000035b0000
nk4a: sa1-after cr3=0x0x00000000035b0000
nk4a: pre-restore- rip=0x0000000000226659 rsp=0x00007fffffffc348
nk4a: vs0x0000000000000043 rip=0x0x0000000000226659
nk4a: pf#0x000000000000000c rip=0x000000000021e004 err=0x0000000000000014 cr2=0x000000000021e004 rsp=0x00007fffffffc350 walk=NP
nk4a: pick->0x0000000000000008
nk4a: sa0-0x0000000000000008 root=0x0x000000001dfde000 cur=0x0x00000000035b0000
nk4a: gs2 gsbase=0x0x000000001dd340c0
nk4a: probe text va=0x0x000000001dbf5000 -> pa=0x0x000000001dbf5000 fl=0x0x000000000000041b
nk4a: probe stk va=0x0xffff8000003ff000 -> pa=0x0x00000000003ff000 fl=0x0x000000000000041b
nk4a: probe dm va=0x0xffff808000200000 -> pa=0x0x0000000000200000 fl=0x0x0000000000000413
nk4a: cr3-done-0x0x000000001dfde000
nk4a: sa1-after cr3=0x0x000000001dfde000
nk4a: pre-restore- rip=0x00000000002014ad rsp=0x00007fffffffc0b8
nk4a: rcv13 src=2 type=0xcff
nk4a: vm-pf recv
nk4a: vm-pf bytes ca4889d148c70101
nk4a: ipc-entry nr=0x0000000000000002 caller=0x0000000000000008
nk4a: pick->0x0000000000000002
nk4a: sa0-0x0000000000000002 root=0x0x00000000035b0000 cur=0x0x000000001dfde000
nk4a: gs2 gsbase=0x0x000000001dd340c0
nk4a: probe text va=0x0x000000001dbf5000 -> pa=0x0x000000001dbf5000 fl=0x0x000000000000001b
nk4a: probe stk va=0x0xffff8000003ff000 -> pa=0x0x00000000003ff000 fl=0x0x0000000000000013
nk4a: probe dm va=0x0xffff808000200000 -> pa=0x0x0000000000200000 fl=0x0x0000000000000013
nk4a: cr3-done-0x0x00000000035b0000
nk4a: sa1-after cr3=0x0x00000000035b0000
nk4a: pre-restore- rip=0x000000000021e004 rsp=0x00007fffffffc350
nk4a: kc0x0000000000000006 caller=0x0000000000000002 call=0x000000000000001a
nk4a: pf#0x000000000000000d rip=0x000000000020f990 err=0x0000000000000014 cr2=0x000000000020f990 rsp=0x00007fffffffc388 walk=NP
nk4a: pick->0x0000000000000008
nk4a: sa0-0x0000000000000008 root=0x0x000000001dfde000 cur=0x0x00000000035b0000
nk4a: gs2 gsbase=0x0x000000001dd340c0
nk4a: probe text va=0x0x000000001dbf5000 -> pa=0x0x000000001dbf5000 fl=0x0x000000000000041b
nk4a: probe stk va=0x0xffff8000003ff000 -> pa=0x0x00000000003ff000 fl=0x0x000000000000041b
nk4a: probe dm va=0x0xffff808000200000 -> pa=0x0x0000000000200000 fl=0x0x0000000000000413
nk4a: cr3-done-0x0x000000001dfde000
nk4a: sa1-after cr3=0x0x000000001dfde000
nk4a: pre-restore- rip=0x00000000002014ad rsp=0x00007fffffffc0b8
nk4a: rcv14 src=2 type=0xcff
nk4a: vm-pf recv
nk4a: vm-pf bytes ca4d89c54889cd41
nk4a: ipc-entry nr=0x0000000000000002 caller=0x0000000000000008
nk4a: pick->0x0000000000000002
nk4a: sa0-0x0000000000000002 root=0x0x00000000035b0000 cur=0x0x000000001dfde000
nk4a: gs2 gsbase=0x0x000000001dd340c0
nk4a: probe text va=0x0x000000001dbf5000 -> pa=0x0x000000001dbf5000 fl=0x0x000000000000001b
nk4a: probe stk va=0x0xffff8000003ff000 -> pa=0x0x00000000003ff000 fl=0x0x0000000000000013
nk4a: probe dm va=0x0xffff808000200000 -> pa=0x0x0000000000200000 fl=0x0x0000000000000013
nk4a: cr3-done-0x0x00000000035b0000
nk4a: sa1-after cr3=0x0x00000000035b0000
nk4a: pre-restore- rip=0x000000000020f990 rsp=0x00007fffffffc388
nk4a: vs0x0000000000000048 rip=0x0x000000000020f990
nk4a: pf#0x000000000000000e rip=0x0000000000208a90 err=0x0000000000000014 cr2=0x0000000000208a90 rsp=0x00007fffffffc388 walk=NP
nk4a: pick->0x0000000000000008
nk4a: sa0-0x0000000000000008 root=0x0x000000001dfde000 cur=0x0x00000000035b0000
nk4a: gs2 gsbase=0x0x000000001dd340c0
nk4a: probe text va=0x0x000000001dbf5000 -> pa=0x0x000000001dbf5000 fl=0x0x000000000000041b
nk4a: probe stk va=0x0xffff8000003ff000 -> pa=0x0x00000000003ff000 fl=0x0x000000000000041b
nk4a: probe dm va=0x0xffff808000200000 -> pa=0x0x0000000000200000 fl=0x0x0000000000000413
nk4a: cr3-done-0x0x000000001dfde000
nk4a: sa1-after cr3=0x0x000000001dfde000
nk4a: pre-restore- rip=0x00000000002014ad rsp=0x00007fffffffc0b8
nk4a: rcv15 src=2 type=0xcff
nk4a: vm-pf recv
nk4a: vm-pf bytes f0e9bfdfffff48b8
nk4a: pick->0x0000000000000002
nk4a: sa0-0x0000000000000002 root=0x0x00000000035b0000 cur=0x0x000000001dfde000
nk4a: gs2 gsbase=0x0x000000001dd340c0
nk4a: probe text va=0x0x000000001dbf5000 -> pa=0x0x000000001dbf5000 fl=0x0x000000000000001b
nk4a: probe stk va=0x0xffff8000003ff000 -> pa=0x0x00000000003ff000 fl=0x0x0000000000000013
nk4a: probe dm va=0x0xffff808000200000 -> pa=0x0x0000000000200000 fl=0x0x0000000000000013
nk4a: cr3-done-0x0x00000000035b0000
nk4a: sa1-after cr3=0x0x00000000035b0000
nk4a: pre-restore- rip=0x0000000000208a90 rsp=0x00007fffffffc388
nk4a: pf#0x000000000000000f rip=0x0000000000226659 err=0x0000000000000006 cr2=0x000000000022b000 rsp=0x00007fffffffc1c8 walk=NP
nk4a: pick->0x0000000000000008
nk4a: sa0-0x0000000000000008 root=0x0x000000001dfde000 cur=0x0x00000000035b0000
nk4a: gs2 gsbase=0x0x000000001dd340c0
nk4a: probe text va=0x0x000000001dbf5000 -> pa=0x0x000000001dbf5000 fl=0x0x000000000000041b
nk4a: probe stk va=0x0xffff8000003ff000 -> pa=0x0x00000000003ff000 fl=0x0x000000000000041b
nk4a: probe dm va=0x0xffff808000200000 -> pa=0x0x0000000000200000 fl=0x0x0000000000000413
nk4a: cr3-done-0x0x000000001dfde000
nk4a: sa1-after cr3=0x0x000000001dfde000
nk4a: pre-restore- rip=0x00000000002014ad rsp=0x00007fffffffc0b8
nk4a: vm-pf recv
nk4a: vm-pf bytes 0000000000000000
nk4a: pick->0x0000000000000002
nk4a: sa0-0x0000000000000002 root=0x0x00000000035b0000 cur=0x0x000000001dfde000
nk4a: gs2 gsbase=0x0x000000001dd340c0
nk4a: probe text va=0x0x000000001dbf5000 -> pa=0x0x000000001dbf5000 fl=0x0x000000000000001b
nk4a: probe stk va=0x0xffff8000003ff000 -> pa=0x0x00000000003ff000 fl=0x0x0000000000000013
nk4a: probe dm va=0x0xffff808000200000 -> pa=0x0x0000000000200000 fl=0x0x0000000000000013
nk4a: cr3-done-0x0x00000000035b0000
nk4a: sa1-after cr3=0x0x00000000035b0000
nk4a: pre-restore- rip=0x0000000000226659 rsp=0x00007fffffffc1c8
nk4a: pf#0x0000000000000010 rip=0x0000000000213700 err=0x0000000000000014 cr2=0x0000000000213700 rsp=0x00007fffffffc208 walk=NP
nk4a: pick->0x0000000000000008
nk4a: sa0-0x0000000000000008 root=0x0x000000001dfde000 cur=0x0x00000000035b0000
nk4a: gs2 gsbase=0x0x000000001dd340c0
nk4a: probe text va=0x0x000000001dbf5000 -> pa=0x0x000000001dbf5000 fl=0x0x000000000000041b
nk4a: probe stk va=0x0xffff8000003ff000 -> pa=0x0x00000000003ff000 fl=0x0x000000000000041b
nk4a: probe dm va=0x0xffff808000200000 -> pa=0x0x0000000000200000 fl=0x0x0000000000000413
nk4a: cr3-done-0x0x000000001dfde000
nk4a: sa1-after cr3=0x0x000000001dfde000
nk4a: pre-restore- rip=0x00000000002014ad rsp=0x00007fffffffc0b8
nk4a: vs0x000000000000004e rip=0x0x00000000002014ad
nk4a: vm-pf recv
nk4a: vm-pf bytes 084a8b5c002041be
nk4a: pick->0x0000000000000002
nk4a: sa0-0x0000000000000002 root=0x0x00000000035b0000 cur=0x0x000000001dfde000
nk4a: gs2 gsbase=0x0x000000001dd340c0
nk4a: probe text va=0x0x000000001dbf5000 -> pa=0x0x000000001dbf5000 fl=0x0x000000000000001b
nk4a: probe stk va=0x0xffff8000003ff000 -> pa=0x0x00000000003ff000 fl=0x0x0000000000000013
nk4a: probe dm va=0x0xffff808000200000 -> pa=0x0x0000000000200000 fl=0x0x0000000000000013
nk4a: cr3-done-0x0x00000000035b0000
nk4a: sa1-after cr3=0x0x00000000035b0000
nk4a: pre-restore- rip=0x0000000000213700 rsp=0x00007fffffffc208
nk4a: pf#0x0000000000000011 rip=0x000000000021370c err=0x0000000000000006 cr2=0x00007fffffffb1f0 rsp=0x00007fffffffb1f0 walk=NP
nk4a: pick->0x0000000000000008
nk4a: sa0-0x0000000000000008 root=0x0x000000001dfde000 cur=0x0x00000000035b0000
nk4a: gs2 gsbase=0x0x000000001dd340c0
nk4a: probe text va=0x0x000000001dbf5000 -> pa=0x0x000000001dbf5000 fl=0x0x000000000000041b
nk4a: probe stk va=0x0xffff8000003ff000 -> pa=0x0x00000000003ff000 fl=0x0x000000000000041b
nk4a: probe dm va=0x0xffff808000200000 -> pa=0x0x0000000000200000 fl=0x0x0000000000000413
nk4a: cr3-done-0x0x000000001dfde000
nk4a: sa1-after cr3=0x0x000000001dfde000
nk4a: pre-restore- rip=0x00000000002014ad rsp=0x00007fffffffc0b8
nk4a: vm-pf recv
nk4a: vm-pf bytes 0000000000000000
nk4a: pick->0x0000000000000002
nk4a: sa0-0x0000000000000002 root=0x0x00000000035b0000 cur=0x0x000000001dfde000
nk4a: gs2 gsbase=0x0x000000001dd340c0
nk4a: probe text va=0x0x000000001dbf5000 -> pa=0x0x000000001dbf5000 fl=0x0x000000000000001b
nk4a: probe stk va=0x0xffff8000003ff000 -> pa=0x0x00000000003ff000 fl=0x0x0000000000000013
nk4a: probe dm va=0x0xffff808000200000 -> pa=0x0x0000000000200000 fl=0x0x0000000000000013
nk4a: cr3-done-0x0x00000000035b0000
nk4a: sa1-after cr3=0x0x00000000035b0000
nk4a: pre-restore- rip=0x000000000021370c rsp=0x00007fffffffb1f0
nk4a: pf#0x0000000000000012 rip=0x00000000002145f1 err=0x0000000000000014 cr2=0x00000000002145f1 rsp=0x00007fffffffb1c0 walk=NP
nk4a: pick->0x0000000000000008
nk4a: sa0-0x0000000000000008 root=0x0x000000001dfde000 cur=0x0x00000000035b0000
nk4a: gs2 gsbase=0x0x000000001dd340c0
nk4a: probe text va=0x0x000000001dbf5000 -> pa=0x0x000000001dbf5000 fl=0x0x000000000000041b
nk4a: probe stk va=0x0xffff8000003ff000 -> pa=0x0x00000000003ff000 fl=0x0x000000000000041b
nk4a: probe dm va=0x0xffff808000200000 -> pa=0x0x0000000000200000 fl=0x0x0000000000000413
nk4a: cr3-done-0x0x000000001dfde000
nk4a: sa1-after cr3=0x0x000000001dfde000
nk4a: pre-restore- rip=0x00000000002014ad rsp=0x00007fffffffc0b8
nk4a: vs0x0000000000000053 rip=0x0x00000000002014ad
nk4a: vm-pf recv
nk4a: vm-pf bytes 0600000000000048
nk4a: pick->0x0000000000000002
nk4a: sa0-0x0000000000000002 root=0x0x00000000035b0000 cur=0x0x000000001dfde000
nk4a: gs2 gsbase=0x0x000000001dd340c0
nk4a: probe text va=0x0x000000001dbf5000 -> pa=0x0x000000001dbf5000 fl=0x0x000000000000001b
nk4a: probe stk va=0x0xffff8000003ff000 -> pa=0x0x00000000003ff000 fl=0x0x0000000000000013
nk4a: probe dm va=0x0xffff808000200000 -> pa=0x0x0000000000200000 fl=0x0x0000000000000013
nk4a: cr3-done-0x0x00000000035b0000
nk4a: sa1-after cr3=0x0x00000000035b0000
nk4a: pre-restore- rip=0x00000000002145f1 rsp=0x00007fffffffb1c0
nk4a: pf#0x0000000000000013 rip=0x00000000002247db err=0x0000000000000004 cr2=0x0000000000227970 rsp=0x00007fffffffb1b0 walk=NP
nk4a: pick->0x0000000000000008
nk4a: sa0-0x0000000000000008 root=0x0x000000001dfde000 cur=0x0x00000000035b0000
nk4a: gs2 gsbase=0x0x000000001dd340c0
nk4a: probe text va=0x0x000000001dbf5000 -> pa=0x0x000000001dbf5000 fl=0x0x000000000000041b
nk4a: probe stk va=0x0xffff8000003ff000 -> pa=0x0x00000000003ff000 fl=0x0x000000000000041b
nk4a: probe dm va=0x0xffff808000200000 -> pa=0x0x0000000000200000 fl=0x0x0000000000000413
nk4a: cr3-done-0x0x000000001dfde000
nk4a: sa1-after cr3=0x0x000000001dfde000
nk4a: pre-restore- rip=0x00000000002014ad rsp=0x00007fffffffc0b8
nk4a: vm-pf recv
nk4a: vm-pf bytes 0000000000000000
nk4a: pick->0x0000000000000002
nk4a: sa0-0x0000000000000002 root=0x0x00000000035b0000 cur=0x0x000000001dfde000
nk4a: gs2 gsbase=0x0x000000001dd340c0
nk4a: probe text va=0x0x000000001dbf5000 -> pa=0x0x000000001dbf5000 fl=0x0x000000000000001b
nk4a: probe stk va=0x0xffff8000003ff000 -> pa=0x0x00000000003ff000 fl=0x0x0000000000000013
nk4a: probe dm va=0x0xffff808000200000 -> pa=0x0x0000000000200000 fl=0x0x0000000000000013
nk4a: cr3-done-0x0x00000000035b0000
nk4a: sa1-after cr3=0x0x00000000035b0000
nk4a: pre-restore- rip=0x00000000002247db rsp=0x00007fffffffb1b0
nk4a: pick->0x0000000000000008
nk4a: sa0-0x0000000000000008 root=0x0x000000001dfde000 cur=0x0x00000000035b0000
nk4a: gs2 gsbase=0x0x000000001dd340c0
nk4a: probe text va=0x0x000000001dbf5000 -> pa=0x0x000000001dbf5000 fl=0x0x000000000000041b
nk4a: probe stk va=0x0xffff8000003ff000 -> pa=0x0x00000000003ff000 fl=0x0x000000000000041b
nk4a: probe dm va=0x0xffff808000200000 -> pa=0x0x0000000000200000 fl=0x0x0000000000000413
nk4a: cr3-done-0x0x000000001dfde000
nk4a: sa1-after cr3=0x0x000000001dfde000
nk4a: pre-restore- rip=0x00000000002014ad rsp=0x00007fffffffc0b8
nk4a: vm-pf recv
nk4a: vm-pf bytes 0000000000000000
nk4a: pick->0x0000000000000002
nk4a: sa0-0x0000000000000002 root=0x0x00000000035b0000 cur=0x0x000000001dfde000
nk4a: gs2 gsbase=0x0x000000001dd340c0
nk4a: probe text va=0x0x000000001dbf5000 -> pa=0x0x000000001dbf5000 fl=0x0x000000000000001b
nk4a: probe stk va=0x0xffff8000003ff000 -> pa=0x0x00000000003ff000 fl=0x0x0000000000000013
nk4a: probe dm va=0x0xffff808000200000 -> pa=0x0x0000000000200000 fl=0x0x0000000000000013
nk4a: cr3-done-0x0x00000000035b0000
nk4a: sa1-after cr3=0x0x00000000035b0000
nk4a: pre-restore- rip=0x000000000021c29b rsp=0x00007fffffffaf80
nk4a: vs0x0000000000000059 rip=0x0x000000000021c29b
nk4a: pick->0x0000000000000008
nk4a: sa0-0x0000000000000008 root=0x0x000000001dfde000 cur=0x0x00000000035b0000
nk4a: gs2 gsbase=0x0x000000001dd340c0
nk4a: probe text va=0x0x000000001dbf5000 -> pa=0x0x000000001dbf5000 fl=0x0x000000000000041b
nk4a: probe stk va=0x0xffff8000003ff000 -> pa=0x0x00000000003ff000 fl=0x0x000000000000041b
nk4a: probe dm va=0x0xffff808000200000 -> pa=0x0x0000000000200000 fl=0x0x0000000000000413
nk4a: cr3-done-0x0x000000001dfde000
nk4a: sa1-after cr3=0x0x000000001dfde000
nk4a: pre-restore- rip=0x00000000002014ad rsp=0x00007fffffffc0b8
nk4a: vm-pf recv
nk4a: vm-pf bytes 0000000000000000
nk4a: pick->0x0000000000000002
nk4a: sa0-0x0000000000000002 root=0x0x00000000035b0000 cur=0x0x000000001dfde000
nk4a: gs2 gsbase=0x0x000000001dd340c0
nk4a: probe text va=0x0x000000001dbf5000 -> pa=0x0x000000001dbf5000 fl=0x0x000000000000001b
nk4a: probe stk va=0x0xffff8000003ff000 -> pa=0x0x00000000003ff000 fl=0x0x0000000000000013
nk4a: probe dm va=0x0xffff808000200000 -> pa=0x0x0000000000200000 fl=0x0x0000000000000013
nk4a: cr3-done-0x0x00000000035b0000
nk4a: sa1-after cr3=0x0x00000000035b0000
nk4a: pre-restore- rip=0x0000000000224f33 rsp=0x00007fffffffaf10
nk4a: pick->0x0000000000000008
nk4a: sa0-0x0000000000000008 root=0x0x000000001dfde000 cur=0x0x00000000035b0000
nk4a: gs2 gsbase=0x0x000000001dd340c0
nk4a: probe text va=0x0x000000001dbf5000 -> pa=0x0x000000001dbf5000 fl=0x0x000000000000041b
nk4a: probe stk va=0x0xffff8000003ff000 -> pa=0x0x00000000003ff000 fl=0x0x000000000000041b
nk4a: probe dm va=0x0xffff808000200000 -> pa=0x0x0000000000200000 fl=0x0x0000000000000413
nk4a: cr3-done-0x0x000000001dfde000
nk4a: sa1-after cr3=0x0x000000001dfde000
nk4a: pre-restore- rip=0x00000000002014ad rsp=0x00007fffffffc0b8
nk4a: vm-pf recv
nk4a: vm-pf bytes a802751931d24c8b
nk4a: pick->0x0000000000000002
nk4a: sa0-0x0000000000000002 root=0x0x00000000035b0000 cur=0x0x000000001dfde000
nk4a: gs2 gsbase=0x0x000000001dd340c0
nk4a: probe text va=0x0x000000001dbf5000 -> pa=0x0x000000001dbf5000 fl=0x0x000000000000001b
nk4a: probe stk va=0x0xffff8000003ff000 -> pa=0x0x00000000003ff000 fl=0x0x0000000000000013
nk4a: probe dm va=0x0xffff808000200000 -> pa=0x0x0000000000200000 fl=0x0x0000000000000013
nk4a: cr3-done-0x0x00000000035b0000
nk4a: sa1-after cr3=0x0x00000000035b0000
nk4a: pre-restore- rip=0x0000000000225062 rsp=0x00007fffffffaf10
nk4a: pick->0x0000000000000008
nk4a: sa0-0x0000000000000008 root=0x0x000000001dfde000 cur=0x0x00000000035b0000
nk4a: gs2 gsbase=0x0x000000001dd340c0
nk4a: probe text va=0x0x000000001dbf5000 -> pa=0x0x000000001dbf5000 fl=0x0x000000000000041b
nk4a: probe stk va=0x0xffff8000003ff000 -> pa=0x0x00000000003ff000 fl=0x0x000000000000041b
nk4a: probe dm va=0x0xffff808000200000 -> pa=0x0x0000000000200000 fl=0x0x0000000000000413
nk4a: cr3-done-0x0x000000001dfde000
nk4a: sa1-after cr3=0x0x000000001dfde000
nk4a: pre-restore- rip=0x00000000002014ad rsp=0x00007fffffffc0b8
nk4a: vs0x000000000000005f rip=0x0x00000000002014ad
nk4a: vm-pf recv
nk4a: vm-pf bytes 2c0100000d000000
nk4a: pick->0x0000000000000002
nk4a: sa0-0x0000000000000002 root=0x0x00000000035b0000 cur=0x0x000000001dfde000
nk4a: gs2 gsbase=0x0x000000001dd340c0
nk4a: probe text va=0x0x000000001dbf5000 -> pa=0x0x000000001dbf5000 fl=0x0x000000000000001b
nk4a: probe stk va=0x0xffff8000003ff000 -> pa=0x0x00000000003ff000 fl=0x0x0000000000000013
nk4a: probe dm va=0x0xffff808000200000 -> pa=0x0x0000000000200000 fl=0x0x0000000000000013
nk4a: cr3-done-0x0x00000000035b0000
nk4a: sa1-after cr3=0x0x00000000035b0000
nk4a: pre-restore- rip=0x000000000021c700 rsp=0x00007fffffffaf08
nk4a: pick->0x0000000000000008
nk4a: sa0-0x0000000000000008 root=0x0x000000001dfde000 cur=0x0x00000000035b0000
nk4a: gs2 gsbase=0x0x000000001dd340c0
nk4a: probe text va=0x0x000000001dbf5000 -> pa=0x0x000000001dbf5000 fl=0x0x000000000000041b
nk4a: probe stk va=0x0xffff8000003ff000 -> pa=0x0x00000000003ff000 fl=0x0x000000000000041b
nk4a: probe dm va=0x0xffff808000200000 -> pa=0x0x0000000000200000 fl=0x0x0000000000000413
nk4a: cr3-done-0x0x000000001dfde000
nk4a: sa1-after cr3=0x0x000000001dfde000
nk4a: pre-restore- rip=0x00000000002014ad rsp=0x00007fffffffc0b8
nk4a: vm-pf recv
nk4a: vm-pf bytes 0000000000000000
nk4a: pick->0x0000000000000002
nk4a: sa0-0x0000000000000002 root=0x0x00000000035b0000 cur=0x0x000000001dfde000
nk4a: gs2 gsbase=0x0x000000001dd340c0
nk4a: probe text va=0x0x000000001dbf5000 -> pa=0x0x000000001dbf5000 fl=0x0x000000000000001b
nk4a: probe stk va=0x0xffff8000003ff000 -> pa=0x0x00000000003ff000 fl=0x0x0000000000000013
nk4a: probe dm va=0x0xffff808000200000 -> pa=0x0x0000000000200000 fl=0x0x0000000000000013
nk4a: cr3-done-0x0x00000000035b0000
nk4a: sa1-after cr3=0x0x00000000035b0000
nk4a: pre-restore- rip=0x000000000021eb4b rsp=0x00007fffffffaf70
nk4a: kc0x0000000000000007 caller=0x0000000000000002 call=0x000000000000002c
/rustc/e408947bfd200af42db322daf0fadfe7e26d3bd1/library/alloc/src/alloc.rs:566: memory allocation of 256512 bytes failed
nk4a: picknone rs_flags=0x0x0000000000000004
nk4a: vs0x0000000000000064 rip=0x0x000000001dbf2f49
nk4a: vs0x0000000000000065 rip=0x0x000000001dbf2f49
nk4a: vs0x0000000000000066 rip=0x0x000000001dbf2f49
nk4a: vs0x0000000000000067 rip=0x0x000000001dbf2f49
nk4a: vs0x0000000000000068 rip=0x0x000000001dbf2f49
nk4a: vs0x0000000000000069 rip=0x0x000000001dbf2f49
nk4a: vs0x000000000000006a rip=0x0x000000001dbf2f49
nk4a: vs0x000000000000006b rip=0x0x000000001dbf2f49
nk4a: vs0x000000000000006c rip=0x0x000000001dbf2f49
nk4a: vs0x000000000000006d rip=0x0x000000001dbf2f49
nk4a: vs0x000000000000006e rip=0x0x000000001dbf2f49
nk4a: vs0x000000000000006f rip=0x0x000000001dbf2f49
nk4a: vs0x0000000000000070 rip=0x0x000000001dbf2f49
nk4a: vs0x0000000000000071 rip=0x0x000000001dbf2f49
nk4a: vs0x0000000000000072 rip=0x0x000000001dbf2f49
nk4a: vs0x0000000000000073 rip=0x0x000000001dbf2f49
nk4a: vs0x0000000000000074 rip=0x0x000000001dbf2f49
nk4a: vs0x0000000000000075 rip=0x0x000000001dbf2f49
nk4a: vs0x0000000000000076 rip=0x0x000000001dbf2f49
nk4a: vs0x0000000000000077 rip=0x0x000000001dbf2f49
nk4a: vs0x0000000000000078 rip=0x0x000000001dbf2f49
nk4a: vs0x0000000000000079 rip=0x0x000000001dbf2f49
nk4a: vs0x000000000000007a rip=0x0x000000001dbf2f49
nk4a: vs0x000000000000007b rip=0x0x000000001dbf2f49
nk4a: vs0x000000000000007c rip=0x0x000000001dbf2f49
nk4a: vs0x000000000000007d rip=0x0x000000001dbf2f49
nk4a: vs0x000000000000007e rip=0x0x000000001dbf2f49
nk4a: vs0x000000000000007f rip=0x0x000000001dbf2f49
nk4a: vs0x0000000000000080 rip=0x0x000000001dbf2f49
nk4a: vs0x0000000000000081 rip=0x0x000000001dbf2f49
nk4a: vs0x0000000000000082 rip=0x0x000000001dbf2f49
nk4a: vs0x0000000000000083 rip=0x0x000000001dbf2f49
nk4a: vs0x0000000000000084 rip=0x0x000000001dbf2f49
nk4a: vs0x0000000000000085 rip=0x0x000000001dbf2f49
nk4a: vs0x0000000000000086 rip=0x0x000000001dbf2f49
nk4a: vs0x0000000000000087 rip=0x0x000000001dbf2f49
nk4a: vs0x0000000000000088 rip=0x0x000000001dbf2f49
nk4a: vs0x0000000000000089 rip=0x0x000000001dbf2f49
nk4a: vs0x000000000000008a rip=0x0x000000001dbf2f49
nk4a: vs0x000000000000008b rip=0x0x000000001dbf2f49
nk4a: vs0x000000000000008c rip=0x0x000000001dbf2f49
nk4a: vs0x000000000000008d rip=0x0x000000001dbf2f49
nk4a: vs0x000000000000008e rip=0x0x000000001dbf2f49
nk4a: vs0x000000000000008f rip=0x0x000000001dbf2f49
nk4a: vs0x0000000000000090 rip=0x0x000000001dbf2f49
nk4a: vs0x0000000000000091 rip=0x0x000000001dbf2f49
nk4a: vs0x0000000000000092 rip=0x0x000000001dbf2f49
nk4a: vs0x0000000000000093 rip=0x0x000000001dbf2f49
nk4a: vs0x0000000000000094 rip=0x0x000000001dbf2f49
nk4a: vs0x0000000000000095 rip=0x0x000000001dbf2f49
nk4a: vs0x0000000000000096 rip=0x0x000000001dbf2f49
nk4a: vs0x0000000000000097 rip=0x0x000000001dbf2f49
nk4a: vs0x0000000000000098 rip=0x0x000000001dbf2f49
nk4a: vs0x0000000000000099 rip=0x0x000000001dbf2f49
nk4a: vs0x000000000000009a rip=0x0x000000001dbf2f49
nk4a: vs0x000000000000009b rip=0x0x000000001dbf2f49
nk4a: vs0x000000000000009c rip=0x0x000000001dbf2f49
nk4a: vs0x000000000000009d rip=0x0x000000001dbf2f49
nk4a: vs0x000000000000009e rip=0x0x000000001dbf2f49
nk4a: vs0x000000000000009f rip=0x0x000000001dbf2f49
nk4a: vs0x00000000000000a0 rip=0x0x000000001dbf2f49
nk4a: vs0x00000000000000a1 rip=0x0x000000001dbf2f49
nk4a: vs0x00000000000000a2 rip=0x0x000000001dbf2f49
nk4a: vs0x00000000000000a3 rip=0x0x000000001dbf2f49
nk4a: vs0x00000000000000a4 rip=0x0x000000001dbf2f49
nk4a: vs0x00000000000000a5 rip=0x0x000000001dbf2f49
nk4a: vs0x00000000000000a6 rip=0x0x000000001dbf2f49
nk4a: vs0x00000000000000a7 rip=0x0x000000001dbf2f49
nk4a: vs0x00000000000000a8 rip=0x0x000000001dbf2f49
nk4a: vs0x00000000000000a9 rip=0x0x000000001dbf2f49
nk4a: vs0x00000000000000aa rip=0x0x000000001dbf2f49
nk4a: vs0x00000000000000ab rip=0x0x000000001dbf2f49
nk4a: vs0x00000000000000ac rip=0x0x000000001dbf2f49
nk4a: vs0x00000000000000ad rip=0x0x000000001dbf2f49
nk4a: vs0x00000000000000ae rip=0x0x000000001dbf2f49
nk4a: vs0x00000000000000af rip=0x0x000000001dbf2f49
nk4a: vs0x00000000000000b0 rip=0x0x000000001dbf2f49
nk4a: vs0x00000000000000b1 rip=0x0x000000001dbf2f49
nk4a: vs0x00000000000000b2 rip=0x0x000000001dbf2f49
nk4a: vs0x00000000000000b3 rip=0x0x000000001dbf2f49
nk4a: vs0x00000000000000b4 rip=0x0x000000001dbf2f49
nk4a: vs0x00000000000000b5 rip=0x0x000000001dbf2f49
nk4a: vs0x00000000000000b6 rip=0x0x000000001dbf2f49
nk4a: vs0x00000000000000b7 rip=0x0x000000001dbf2f49
nk4a: vs0x00000000000000b8 rip=0x0x000000001dbf2f49
nk4a: vs0x00000000000000b9 rip=0x0x000000001dbf2f49
nk4a: vs0x00000000000000ba rip=0x0x000000001dbf2f49
nk4a: vs0x00000000000000bb rip=0x0x000000001dbf2f49
nk4a: vs0x00000000000000bc rip=0x0x000000001dbf2f49
nk4a: vs0x00000000000000bd rip=0x0x000000001dbf2f49
nk4a: vs0x00000000000000be rip=0x0x000000001dbf2f49
nk4a: vs0x00000000000000bf rip=0x0x000000001dbf2f49
nk4a: vs0x00000000000000c0 rip=0x0x000000001dbf2f49
nk4a: vs0x00000000000000c1 rip=0x0x000000001dbf2f49
nk4a: vs0x00000000000000c2 rip=0x0x000000001dbf2f49
nk4a: vs0x00000000000000c3 rip=0x0x000000001dbf2f49
nk4a: vs0x00000000000000c4 rip=0x0x000000001dbf2f49
nk4a: vs0x00000000000000c5 rip=0x0x000000001dbf2f49
nk4a: vs0x00000000000000c6 rip=0x0x000000001dbf2f49
nk4a: vs0x00000000000000c7 rip=0x0x000000001dbf2f49
nk4a: vs0x00000000000000c8 rip=0x0x000000001dbf2f49
nk4a: vs0x00000000000000c9 rip=0x0x000000001dbf2f49
nk4a: vs0x00000000000000ca rip=0x0x000000001dbf2f49
nk4a: vs0x00000000000000cb rip=0x0x000000001dbf2f49
nk4a: vs0x00000000000000cc rip=0x0x000000001dbf2f49
nk4a: vs0x00000000000000cd rip=0x0x000000001dbf2f49
nk4a: vs0x00000000000000ce rip=0x0x000000001dbf2f49
nk4a: vs0x00000000000000cf rip=0x0x000000001dbf2f49
nk4a: vs0x00000000000000d0 rip=0x0x000000001dbf2f49
nk4a: vs0x00000000000000d1 rip=0x0x000000001dbf2f49
nk4a: vs0x00000000000000d2 rip=0x0x000000001dbf2f49
nk4a: vs0x00000000000000d3 rip=0x0x000000001dbf2f49
nk4a: vs0x00000000000000d4 rip=0x0x000000001dbf2f49
nk4a: vs0x00000000000000d5 rip=0x0x000000001dbf2f49
nk4a: vs0x00000000000000d6 rip=0x0x000000001dbf2f49
nk4a: vs0x00000000000000d7 rip=0x0x000000001dbf2f49
nk4a: vs0x00000000000000d8 rip=0x0x000000001dbf2f49
nk4a: vs0x00000000000000d9 rip=0x0x000000001dbf2f49
nk4a: vs0x00000000000000da rip=0x0x000000001dbf2f49
nk4a: vs0x00000000000000db rip=0x0x000000001dbf2f49
nk4a: vs0x00000000000000dc rip=0x0x000000001dbf2f49
nk4a: vs0x00000000000000dd rip=0x0x000000001dbf2f49
nk4a: vs0x00000000000000de rip=0x0x000000001dbf2f49
nk4a: vs0x00000000000000df rip=0x0x000000001dbf2f49
nk4a: vs0x00000000000000e0 rip=0x0x000000001dbf2f49
nk4a: vs0x00000000000000e1 rip=0x0x000000001dbf2f49
nk4a: vs0x00000000000000e2 rip=0x0x000000001dbf2f49
nk4a: vs0x00000000000000e3 rip=0x0x000000001dbf2f49
nk4a: vs0x00000000000000e4 rip=0x0x000000001dbf2f49
nk4a: vs0x00000000000000e5 rip=0x0x000000001dbf2f49
nk4a: vs0x00000000000000e6 rip=0x0x000000001dbf2f49
nk4a: vs0x00000000000000e7 rip=0x0x000000001dbf2f49
nk4a: vs0x00000000000000e8 rip=0x0x000000001dbf2f49
nk4a: vs0x00000000000000e9 rip=0x0x000000001dbf2f49
nk4a: vs0x00000000000000ea rip=0x0x000000001dbf2f49
nk4a: vs0x00000000000000eb rip=0x0x000000001dbf2f49
nk4a: vs0x00000000000000ec rip=0x0x000000001dbf2f49
nk4a: vs0x00000000000000ed rip=0x0x000000001dbf2f49
nk4a: vs0x00000000000000ee rip=0x0x000000001dbf2f49
nk4a: vs0x00000000000000ef rip=0x0x000000001dbf2f49
nk4a: vs0x00000000000000f0 rip=0x0x000000001dbf2f49
nk4a: vs0x00000000000000f1 rip=0x0x000000001dbf2f49
nk4a: vs0x00000000000000f2 rip=0x0x000000001dbf2f49
nk4a: vs0x00000000000000f3 rip=0x0x000000001dbf2f49
nk4a: vs0x00000000000000f4 rip=0x0x000000001dbf2f49
nk4a: vs0x00000000000000f5 rip=0x0x000000001dbf2f49
nk4a: vs0x00000000000000f6 rip=0x0x000000001dbf2f49
nk4a: vs0x00000000000000f7 rip=0x0x000000001dbf2f49
nk4a: vs0x00000000000000f8 rip=0x0x000000001dbf2f49
nk4a: vs0x00000000000000f9 rip=0x0x000000001dbf2f49
nk4a: vs0x00000000000000fa rip=0x0x000000001dbf2f49
nk4a: vs0x00000000000000fb rip=0x0x000000001dbf2f49
nk4a: vs0x00000000000000fc rip=0x0x000000001dbf2f49
nk4a: vs0x00000000000000fd rip=0x0x000000001dbf2f49
nk4a: vs0x00000000000000fe rip=0x0x000000001dbf2f49
nk4a: vs0x00000000000000ff rip=0x0x000000001dbf2f49
nk4a: vs0x0000000000000100 rip=0x0x000000001dbf2f49
nk4a: vs0x0000000000000101 rip=0x0x000000001dbf2f49
nk4a: vs0x0000000000000102 rip=0x0x000000001dbf2f49
nk4a: vs0x0000000000000103 rip=0x0x000000001dbf2f49
nk4a: vs0x0000000000000104 rip=0x0x000000001dbf2f49
nk4a: vs0x0000000000000105 rip=0x0x000000001dbf2f49
nk4a: vs0x0000000000000106 rip=0x0x000000001dbf2f49
nk4a: vs0x0000000000000107 rip=0x0x000000001dbf2f49
nk4a: vs0x0000000000000108 rip=0x0x000000001dbf2f49
nk4a: vs0x0000000000000109 rip=0x0x000000001dbf2f49
nk4a: vs0x000000000000010a rip=0x0x000000001dbf2f49
nk4a: vs0x000000000000010b rip=0x0x000000001dbf2f49
nk4a: vs0x000000000000010c rip=0x0x000000001dbf2f49
nk4a: vs0x000000000000010d rip=0x0x000000001dbf2f49
nk4a: vs0x000000000000010e rip=0x0x000000001dbf2f49
nk4a: vs0x000000000000010f rip=0x0x000000001dbf2f49
nk4a: vs0x0000000000000110 rip=0x0x000000001dbf2f49
nk4a: vs0x0000000000000111 rip=0x0x000000001dbf2f49
nk4a: vs0x0000000000000112 rip=0x0x000000001dbf2f49
nk4a: vs0x0000000000000113 rip=0x0x000000001dbf2f49
nk4a: vs0x0000000000000114 rip=0x0x000000001dbf2f49
nk4a: vs0x0000000000000115 rip=0x0x000000001dbf2f49
nk4a: vs0x0000000000000116 rip=0x0x000000001dbf2f49
nk4a: vs0x0000000000000117 rip=0x0x000000001dbf2f49
nk4a: vs0x0000000000000118 rip=0x0x000000001dbf2f49
nk4a: vs0x0000000000000119 rip=0x0x000000001dbf2f49
nk4a: vs0x000000000000011a rip=0x0x000000001dbf2f49
nk4a: vs0x000000000000011b rip=0x0x000000001dbf2f49
nk4a: vs0x000000000000011c rip=0x0x000000001dbf2f49
nk4a: vs0x000000000000011d rip=0x0x000000001dbf2f49
nk4a: vs0x000000000000011e rip=0x0x000000001dbf2f49
nk4a: vs0x000000000000011f rip=0x0x000000001dbf2f49
nk4a: vs0x0000000000000120 rip=0x0x000000001dbf2f49
nk4a: vs0x0000000000000121 rip=0x0x000000001dbf2f49
nk4a: vs0x0000000000000122 rip=0x0x000000001dbf2f49
nk4a: vs0x0000000000000123 rip=0x0x000000001dbf2f49
nk4a: vs0x0000000000000124 rip=0x0x000000001dbf2f49
nk4a: vs0x0000000000000125 rip=0x0x000000001dbf2f49
nk4a: vs0x0000000000000126 rip=0x0x000000001dbf2f49
nk4a: vs0x0000000000000127 rip=0x0x000000001dbf2f49
nk4a: vs0x0000000000000128 rip=0x0x000000001dbf2f49
nk4a: vs0x0000000000000129 rip=0x0x000000001dbf2f49
nk4a: vs0x000000000000012a rip=0x0x000000001dbf2f49
nk4a: vs0x000000000000012b rip=0x0x000000001dbf2f49
nk4a: vs0x000000000000012c rip=0x0x000000001dbf2f49
nk4a: vs0x000000000000012d rip=0x0x000000001dbf2f49
nk4a: vs0x000000000000012e rip=0x0x000000001dbf2f49
nk4a: vs0x000000000000012f rip=0x0x000000001dbf2f49
nk4a: vs0x0000000000000130 rip=0x0x000000001dbf2f49
nk4a: vs0x0000000000000131 rip=0x0x000000001dbf2f49
nk4a: vs0x0000000000000132 rip=0x0x000000001dbf2f49
nk4a: vs0x0000000000000133 rip=0x0x000000001dbf2f49
nk4a: vs0x0000000000000134 rip=0x0x000000001dbf2f49
nk4a: vs0x0000000000000135 rip=0x0x000000001dbf2f49
nk4a: vs0x0000000000000136 rip=0x0x000000001dbf2f49
nk4a: vs0x0000000000000137 rip=0x0x000000001dbf2f49
nk4a: vs0x0000000000000138 rip=0x0x000000001dbf2f49
nk4a: vs0x0000000000000139 rip=0x0x000000001dbf2f49
nk4a: vs0x000000000000013a rip=0x0x000000001dbf2f49
nk4a: vs0x000000000000013b rip=0x0x000000001dbf2f49
nk4a: vs0x000000000000013c rip=0x0x000000001dbf2f49
nk4a: vs0x000000000000013d rip=0x0x000000001dbf2f49
nk4a: vs0x000000000000013e rip=0x0x000000001dbf2f49
nk4a: vs0x000000000000013f rip=0x0x000000001dbf2f49
nk4a: vs0x0000000000000140 rip=0x0x000000001dbf2f49
nk4a: vs0x0000000000000141 rip=0x0x000000001dbf2f49
nk4a: vs0x0000000000000142 rip=0x0x000000001dbf2f49
nk4a: vs0x0000000000000143 rip=0x0x000000001dbf2f49
nk4a: vs0x0000000000000144 rip=0x0x000000001dbf2f49
nk4a: vs0x0000000000000145 rip=0x0x000000001dbf2f49
nk4a: vs0x0000000000000146 rip=0x0x000000001dbf2f49
nk4a: vs0x0000000000000147 rip=0x0x000000001dbf2f49
nk4a: vs0x0000000000000148 rip=0x0x000000001dbf2f49
nk4a: vs0x0000000000000149 rip=0x0x000000001dbf2f49
nk4a: vs0x000000000000014a rip=0x0x000000001dbf2f49
nk4a: vs0x000000000000014b rip=0x0x000000001dbf2f49
nk4a: vs0x000000000000014c rip=0x0x000000001dbf2f49
nk4a: vs0x000000000000014d rip=0x0x000000001dbf2f49
nk4a: vs0x000000000000014e rip=0x0x000000001dbf2f49
nk4a: vs0x000000000000014f rip=0x0x000000001dbf2f49
nk4a: vs0x0000000000000150 rip=0x0x000000001dbf2f49
nk4a: vs0x0000000000000151 rip=0x0x000000001dbf2f49
nk4a: vs0x0000000000000152 rip=0x0x000000001dbf2f49
nk4a: vs0x0000000000000153 rip=0x0x000000001dbf2f49
nk4a: vs0x0000000000000154 rip=0x0x000000001dbf2f49
nk4a: vs0x0000000000000155 rip=0x0x000000001dbf2f49
nk4a: vs0x0000000000000156 rip=0x0x000000001dbf2f49
nk4a: vs0x0000000000000157 rip=0x0x000000001dbf2f49
nk4a: vs0x0000000000000158 rip=0x0x000000001dbf2f49
nk4a: vs0x0000000000000159 rip=0x0x000000001dbf2f49
nk4a: vs0x000000000000015a rip=0x0x000000001dbf2f49
nk4a: vs0x000000000000015b rip=0x0x000000001dbf2f49
nk4a: vs0x000000000000015c rip=0x0x000000001dbf2f49
nk4a: vs0x000000000000015d rip=0x0x000000001dbf2f49
nk4a: vs0x000000000000015e rip=0x0x000000001dbf2f49
nk4a: vs0x000000000000015f rip=0x0x000000001dbf2f49
nk4a: vs0x0000000000000160 rip=0x0x000000001dbf2f49
nk4a: vs0x0000000000000161 rip=0x0x000000001dbf2f49
nk4a: vs0x0000000000000162 rip=0x0x000000001dbf2f49
nk4a: vs0x0000000000000163 rip=0x0x000000001dbf2f49
nk4a: vs0x0000000000000164 rip=0x0x000000001dbf2f49
nk4a: vs0x0000000000000165 rip=0x0x000000001dbf2f49
nk4a: vs0x0000000000000166 rip=0x0x000000001dbf2f49
nk4a: vs0x0000000000000167 rip=0x0x000000001dbf2f49
nk4a: vs0x0000000000000168 rip=0x0x000000001dbf2f49
nk4a: vs0x0000000000000169 rip=0x0x000000001dbf2f49
nk4a: vs0x000000000000016a rip=0x0x000000001dbf2f49
nk4a: vs0x000000000000016b rip=0x0x000000001dbf2f49
nk4a: vs0x000000000000016c rip=0x0x000000001dbf2f49
nk4a: vs0x000000000000016d rip=0x0x000000001dbf2f49
nk4a: vs0x000000000000016e rip=0x0x000000001dbf2f49
nk4a: vs0x000000000000016f rip=0x0x000000001dbf2f49
nk4a: vs0x0000000000000170 rip=0x0x000000001dbf2f49
nk4a: vs0x0000000000000171 rip=0x0x000000001dbf2f49
nk4a: vs0x0000000000000172 rip=0x0x000000001dbf2f49
nk4a: vs0x0000000000000173 rip=0x0x000000001dbf2f49
nk4a: vs0x0000000000000174 rip=0x0x000000001dbf2f49
nk4a: vs0x0000000000000175 rip=0x0x000000001dbf2f49
nk4a: vs0x0000000000000176 rip=0x0x000000001dbf2f49
nk4a: vs0x0000000000000177 rip=0x0x000000001dbf2f49
nk4a: vs0x0000000000000178 rip=0x0x000000001dbf2f49
nk4a: vs0x0000000000000179 rip=0x0x000000001dbf2f49
nk4a: vs0x000000000000017a rip=0x0x000000001dbf2f49
nk4a: vs0x000000000000017b rip=0x0x000000001dbf2f49
nk4a: vs0x000000000000017c rip=0x0x000000001dbf2f49
nk4a: vs0x000000000000017d rip=0x0x000000001dbf2f49
nk4a: vs0x000000000000017e rip=0x0x000000001dbf2f49
nk4a: vs0x000000000000017f rip=0x0x000000001dbf2f49
nk4a: vs0x0000000000000180 rip=0x0x000000001dbf2f49
nk4a: vs0x0000000000000181 rip=0x0x000000001dbf2f49
nk4a: vs0x0000000000000182 rip=0x0x000000001dbf2f49
nk4a: vs0x0000000000000183 rip=0x0x000000001dbf2f49
nk4a: vs0x0000000000000184 rip=0x0x000000001dbf2f49
nk4a: vs0x0000000000000185 rip=0x0x000000001dbf2f49
nk4a: vs0x0000000000000186 rip=0x0x000000001dbf2f49
nk4a: vs0x0000000000000187 rip=0x0x000000001dbf2f49
nk4a: vs0x0000000000000188 rip=0x0x000000001dbf2f49
nk4a: vs0x0000000000000189 rip=0x0x000000001dbf2f49
nk4a: vs0x000000000000018a rip=0x0x000000001dbf2f49
nk4a: vs0x000000000000018b rip=0x0x000000001dbf2f49
nk4a: vs0x000000000000018c rip=0x0x000000001dbf2f49
nk4a: vs0x000000000000018d rip=0x0x000000001dbf2f49
nk4a: vs0x000000000000018e rip=0x0x000000001dbf2f49
nk4a: vs0x000000000000018f rip=0x0x000000001dbf2f49
