building rt-birth (aarch64-unknown-none)…
   Compiling minix-sys v0.1.0 (/home/xzhao/github/minix-rs/os/libs/minix-sys)
   Compiling minix-types v0.1.0 (/home/xzhao/github/minix-rs/os/libs/minix-types)
   Compiling rt-birth v0.1.0 (/home/xzhao/github/minix-rs/os/qemu-tests/test-kernels/user/rt-birth)
   Compiling minix-rt v0.1.0 (/home/xzhao/github/minix-rs/os/libs/minix-rt)
    Finished `release` profile [optimized] target(s) in 2.47s
building test-rt-birth-aarch64 carrier (embeds /home/xzhao/github/minix-rs/os/target/aarch64-unknown-none/release/rt-birth)…
warning: unused variable: `lapic_base`
   --> libs/minix-platform/src/acpi.rs:423:9
    |
423 |     let lapic_base = u32_le_from_slice(lapic_addr_bytes) as usize;
    |         ^^^^^^^^^^ help: if this is intentional, prefix it with an underscore: `_lapic_base`
    |
    = note: `#[warn(unused_variables)]` (part of `#[warn(unused)]`) on by default

warning: `minix-platform` (lib) generated 1 warning (run `cargo fix --lib -p minix-platform` to apply 1 suggestion)
warning[E0133]: call to unsafe function `core::ptr::read_volatile` is unsafe and requires unsafe block
  --> plat/src/arm64/interrupt.rs:99:9
   |
99 |         core::ptr::read_volatile((self.gicd_base + offset) as *const u32)
   |         ^^^^^^^^^^^^^^^^^^^^^^^^^^^^^^^^^^^^^^^^^^^^^^^^^^^^^^^^^^^^^^^^^ call to unsafe function
   |
   = note: for more information, see <https://doc.rust-lang.org/edition-guide/rust-2024/unsafe-op-in-unsafe-fn.html>
   = note: consult the function's documentation for information on how to avoid undefined behavior
note: an unsafe function restricts its caller, but its body is safe by default
  --> plat/src/arm64/interrupt.rs:98:5
   |
98 |     unsafe fn gicd_read32(&self, offset: usize) -> u32 {
   |     ^^^^^^^^^^^^^^^^^^^^^^^^^^^^^^^^^^^^^^^^^^^^^^^^^^
   = note: `#[warn(unsafe_op_in_unsafe_fn)]` (part of `#[warn(rust_2024_compatibility)]`) on by default

warning[E0133]: call to unsafe function `core::ptr::write_volatile` is unsafe and requires unsafe block
   --> plat/src/arm64/interrupt.rs:103:9
    |
103 |         core::ptr::write_volatile((self.gicd_base + offset) as *mut u32, value);
    |         ^^^^^^^^^^^^^^^^^^^^^^^^^^^^^^^^^^^^^^^^^^^^^^^^^^^^^^^^^^^^^^^^^^^^^^^ call to unsafe function
    |
    = note: for more information, see <https://doc.rust-lang.org/edition-guide/rust-2024/unsafe-op-in-unsafe-fn.html>
    = note: consult the function's documentation for information on how to avoid undefined behavior
note: an unsafe function restricts its caller, but its body is safe by default
   --> plat/src/arm64/interrupt.rs:102:5
    |
102 |     unsafe fn gicd_write32(&self, offset: usize, value: u32) {
    |     ^^^^^^^^^^^^^^^^^^^^^^^^^^^^^^^^^^^^^^^^^^^^^^^^^^^^^^^^

warning[E0133]: call to unsafe function `core::ptr::read_volatile` is unsafe and requires unsafe block
   --> plat/src/arm64/interrupt.rs:107:9
    |
107 |         core::ptr::read_volatile((self.gicr_base + offset) as *const u32)
    |         ^^^^^^^^^^^^^^^^^^^^^^^^^^^^^^^^^^^^^^^^^^^^^^^^^^^^^^^^^^^^^^^^^ call to unsafe function
    |
    = note: for more information, see <https://doc.rust-lang.org/edition-guide/rust-2024/unsafe-op-in-unsafe-fn.html>
    = note: consult the function's documentation for information on how to avoid undefined behavior
note: an unsafe function restricts its caller, but its body is safe by default
   --> plat/src/arm64/interrupt.rs:106:5
    |
106 |     unsafe fn gicr_read32(&self, offset: usize) -> u32 {
    |     ^^^^^^^^^^^^^^^^^^^^^^^^^^^^^^^^^^^^^^^^^^^^^^^^^^

warning[E0133]: call to unsafe function `core::ptr::write_volatile` is unsafe and requires unsafe block
   --> plat/src/arm64/interrupt.rs:111:9
    |
111 |         core::ptr::write_volatile((self.gicr_base + offset) as *mut u32, value);
    |         ^^^^^^^^^^^^^^^^^^^^^^^^^^^^^^^^^^^^^^^^^^^^^^^^^^^^^^^^^^^^^^^^^^^^^^^ call to unsafe function
    |
    = note: for more information, see <https://doc.rust-lang.org/edition-guide/rust-2024/unsafe-op-in-unsafe-fn.html>
    = note: consult the function's documentation for information on how to avoid undefined behavior
note: an unsafe function restricts its caller, but its body is safe by default
   --> plat/src/arm64/interrupt.rs:110:5
    |
110 |     unsafe fn gicr_write32(&self, offset: usize, value: u32) {
    |     ^^^^^^^^^^^^^^^^^^^^^^^^^^^^^^^^^^^^^^^^^^^^^^^^^^^^^^^^

For more information about this error, try `rustc --explain E0133`.
warning: `minix-plat` (lib) generated 4 warnings (run `cargo fix --lib -p minix-plat` to apply 4 suggestions)
   Compiling minix-arch v0.1.0 (/home/xzhao/github/minix-rs/os/arch)
warning: unnecessary parentheses around assigned value
   --> arch/src/arch/boot.rs:423:34
    |
423 |             let seg_bytes_here = (((seg.memsz - page_off as u64) as usize)
    |                                  ^
424 |                 .min(page_size as usize - seg_start_in_page));
    |                                                             ^
    |
    = note: `#[warn(unused_parens)]` (part of `#[warn(unused)]`) on by default
help: remove these parentheses
    |
423 ~             let seg_bytes_here = ((seg.memsz - page_off as u64) as usize)
424 ~                 .min(page_size as usize - seg_start_in_page);
    |

warning: unused import: `core::mem::offset_of`
  --> arch/src/arm64/trap_stub.rs:58:5
   |
58 | use core::mem::offset_of;
   |     ^^^^^^^^^^^^^^^^^^^^
   |
   = note: `#[warn(unused_imports)]` (part of `#[warn(unused)]`) on by default

warning: unused imports: `FaultContext` and `RecoveryPoint`
  --> arch/src/arm64/exception.rs:12:39
   |
12 | use crate::exception::{ExceptionArch, FaultContext, RecoveryPoint};
   |                                       ^^^^^^^^^^^^  ^^^^^^^^^^^^^

warning: formatting may not be suitable for sub-register argument
   --> arch/src/arm64/fpu.rs:129:22
    |
129 |                 "mrs {fpsr}, fpsr",
    |                      ^^^^^^
...
132 |                 fpsr = out(reg) dst.fpsr,
    |                                 -------- for this argument
    |
    = help: use `{1:w}` to have the register formatted as `w0` (for 32-bit values)
    = help: or use `{1:x}` to keep the default formatting of `x0` (for 64-bit values)
    = note: `#[warn(asm_sub_register)]` on by default

warning: formatting may not be suitable for sub-register argument
   --> arch/src/arm64/fpu.rs:130:22
    |
130 |                 "mrs {fpcr}, fpcr",
    |                      ^^^^^^
...
133 |                 fpcr = out(reg) dst.fpcr,
    |                                 -------- for this argument
    |
    = help: use `{2:w}` to have the register formatted as `w0` (for 32-bit values)
    = help: or use `{2:x}` to keep the default formatting of `x0` (for 64-bit values)

warning: formatting may not be suitable for sub-register argument
   --> arch/src/arm64/fpu.rs:166:28
    |
166 |                 "msr fpsr, {fpsr}",
    |                            ^^^^^^
...
169 |                 fpsr = in(reg) fpsr,
    |                                ---- for this argument
    |
    = help: use `{1:w}` to have the register formatted as `w0` (for 32-bit values)
    = help: or use `{1:x}` to keep the default formatting of `x0` (for 64-bit values)

warning: formatting may not be suitable for sub-register argument
   --> arch/src/arm64/fpu.rs:167:28
    |
167 |                 "msr fpcr, {fpcr}",
    |                            ^^^^^^
...
170 |                 fpcr = in(reg) fpcr,
    |                                ---- for this argument
    |
    = help: use `{2:w}` to have the register formatted as `w0` (for 32-bit values)
    = help: or use `{2:x}` to keep the default formatting of `x0` (for 64-bit values)

warning[E0133]: call to unsafe function `core::ptr::read_volatile` is unsafe and requires unsafe block
  --> arch/src/arm64/paging.rs:96:5
   |
96 |     core::ptr::read_volatile(table.add(idx))
   |     ^^^^^^^^^^^^^^^^^^^^^^^^^^^^^^^^^^^^^^^^ call to unsafe function
   |
   = note: for more information, see <https://doc.rust-lang.org/edition-guide/rust-2024/unsafe-op-in-unsafe-fn.html>
   = note: consult the function's documentation for information on how to avoid undefined behavior
note: an unsafe function restricts its caller, but its body is safe by default
  --> arch/src/arm64/paging.rs:95:1
   |
95 | unsafe fn read_entry(table: *mut u64, idx: usize) -> u64 {
   | ^^^^^^^^^^^^^^^^^^^^^^^^^^^^^^^^^^^^^^^^^^^^^^^^^^^^^^^^
   = note: `#[warn(unsafe_op_in_unsafe_fn)]` (part of `#[warn(rust_2024_compatibility)]`) on by default

warning[E0133]: call to unsafe function `core::ptr::mut_ptr::<impl *mut T>::add` is unsafe and requires unsafe block
  --> arch/src/arm64/paging.rs:96:30
   |
96 |     core::ptr::read_volatile(table.add(idx))
   |                              ^^^^^^^^^^^^^^ call to unsafe function
   |
   = note: for more information, see <https://doc.rust-lang.org/edition-guide/rust-2024/unsafe-op-in-unsafe-fn.html>
   = note: consult the function's documentation for information on how to avoid undefined behavior

warning[E0133]: call to unsafe function `core::ptr::write_volatile` is unsafe and requires unsafe block
   --> arch/src/arm64/paging.rs:100:5
    |
100 |     core::ptr::write_volatile(table.add(idx), val);
    |     ^^^^^^^^^^^^^^^^^^^^^^^^^^^^^^^^^^^^^^^^^^^^^^ call to unsafe function
    |
    = note: for more information, see <https://doc.rust-lang.org/edition-guide/rust-2024/unsafe-op-in-unsafe-fn.html>
    = note: consult the function's documentation for information on how to avoid undefined behavior
note: an unsafe function restricts its caller, but its body is safe by default
   --> arch/src/arm64/paging.rs:99:1
    |
 99 | unsafe fn write_entry(table: *mut u64, idx: usize, val: u64) {
    | ^^^^^^^^^^^^^^^^^^^^^^^^^^^^^^^^^^^^^^^^^^^^^^^^^^^^^^^^^^^^

warning[E0133]: call to unsafe function `core::ptr::mut_ptr::<impl *mut T>::add` is unsafe and requires unsafe block
   --> arch/src/arm64/paging.rs:100:31
    |
100 |     core::ptr::write_volatile(table.add(idx), val);
    |                               ^^^^^^^^^^^^^^ call to unsafe function
    |
    = note: for more information, see <https://doc.rust-lang.org/edition-guide/rust-2024/unsafe-op-in-unsafe-fn.html>
    = note: consult the function's documentation for information on how to avoid undefined behavior

warning[E0133]: call to unsafe function `core::ptr::read_volatile` is unsafe and requires unsafe block
   --> arch/src/arm64/paging.rs:216:5
    |
216 |     core::ptr::read_volatile(channel_to_ptr(paddr, channel))
    |     ^^^^^^^^^^^^^^^^^^^^^^^^^^^^^^^^^^^^^^^^^^^^^^^^^^^^^^^^ call to unsafe function
    |
    = note: for more information, see <https://doc.rust-lang.org/edition-guide/rust-2024/unsafe-op-in-unsafe-fn.html>
    = note: consult the function's documentation for information on how to avoid undefined behavior
note: an unsafe function restricts its caller, but its body is safe by default
   --> arch/src/arm64/paging.rs:215:1
    |
215 | unsafe fn read_pte_dm(paddr: u64, channel: PteChannel) -> u64 {
    | ^^^^^^^^^^^^^^^^^^^^^^^^^^^^^^^^^^^^^^^^^^^^^^^^^^^^^^^^^^^^^

warning[E0133]: call to unsafe function `core::ptr::write_volatile` is unsafe and requires unsafe block
   --> arch/src/arm64/paging.rs:228:5
    |
228 |     core::ptr::write_volatile(channel_to_ptr(paddr, channel), value);
    |     ^^^^^^^^^^^^^^^^^^^^^^^^^^^^^^^^^^^^^^^^^^^^^^^^^^^^^^^^^^^^^^^^ call to unsafe function
    |
    = note: for more information, see <https://doc.rust-lang.org/edition-guide/rust-2024/unsafe-op-in-unsafe-fn.html>
    = note: consult the function's documentation for information on how to avoid undefined behavior
note: an unsafe function restricts its caller, but its body is safe by default
   --> arch/src/arm64/paging.rs:227:1
    |
227 | unsafe fn write_pte_dm(paddr: u64, value: u64, vaddr_for_flush: u64, channel: PteChannel) {
    | ^^^^^^^^^^^^^^^^^^^^^^^^^^^^^^^^^^^^^^^^^^^^^^^^^^^^^^^^^^^^^^^^^^^^^^^^^^^^^^^^^^^^^^^^^

warning[E0133]: use of inline assembly is unsafe and requires unsafe block
   --> arch/src/arm64/trap_return.rs:64:9
    |
 64 | /         core::arch::asm!(
 65 | |             // Park the register-file pointer in X2 (its user slot is
 66 | |             // gp_regs[GP_X2], loaded last as a self-referential load).
 67 | |             "mov x2, x1",
...   |
125 | |             options(noreturn)
126 | |         );
    | |_________^ use of inline assembly
    |
    = note: for more information, see <https://doc.rust-lang.org/edition-guide/rust-2024/unsafe-op-in-unsafe-fn.html>
    = note: inline assembly is entirely unchecked and can cause undefined behavior
note: an unsafe function restricts its caller, but its body is safe by default
   --> arch/src/arm64/trap_return.rs:56:5
    |
 56 |     unsafe fn restore_to_user(frame: &Self::Frame, regs: &Self::RegisterFile) -> ! {
    |     ^^^^^^^^^^^^^^^^^^^^^^^^^^^^^^^^^^^^^^^^^^^^^^^^^^^^^^^^^^^^^^^^^^^^^^^^^^^^^^

warning[E0133]: use of mutable static is unsafe and requires unsafe block
  --> arch/src/arm64/smp.rs:99:5
   |
99 |     GICD_BASE = base;
   |     ^^^^^^^^^ use of mutable static
   |
   = note: for more information, see <https://doc.rust-lang.org/edition-guide/rust-2024/unsafe-op-in-unsafe-fn.html>
   = note: mutable statics can be mutated by multiple threads: aliasing violations or data races will cause undefined behavior
note: an unsafe function restricts its caller, but its body is safe by default
  --> arch/src/arm64/smp.rs:98:1
   |
98 | pub(crate) unsafe fn set_gicd_base(base: usize) {
   | ^^^^^^^^^^^^^^^^^^^^^^^^^^^^^^^^^^^^^^^^^^^^^^^

warning[E0133]: use of mutable static is unsafe and requires unsafe block
   --> arch/src/arm64/smp.rs:110:5
    |
110 |     GICD_BASE
    |     ^^^^^^^^^ use of mutable static
    |
    = note: for more information, see <https://doc.rust-lang.org/edition-guide/rust-2024/unsafe-op-in-unsafe-fn.html>
    = note: mutable statics can be mutated by multiple threads: aliasing violations or data races will cause undefined behavior
note: an unsafe function restricts its caller, but its body is safe by default
   --> arch/src/arm64/smp.rs:109:1
    |
109 | unsafe fn gicd_base() -> usize {
    | ^^^^^^^^^^^^^^^^^^^^^^^^^^^^^^

warning[E0133]: use of inline assembly is unsafe and requires unsafe block
   --> arch/src/arm64/boot.rs:179:9
    |
179 | /         core::arch::asm!(
180 | |             "mrs {tmp}, CPACR_EL1",
181 | |             "orr {tmp}, {tmp}, #(0x3 << 20)", // FPEN = 0b01
182 | |             "msr CPACR_EL1, {tmp}",
183 | |             "isb",
184 | |             tmp = out(reg) _,
185 | |         );
    | |_________^ use of inline assembly
    |
    = note: for more information, see <https://doc.rust-lang.org/edition-guide/rust-2024/unsafe-op-in-unsafe-fn.html>
    = note: inline assembly is entirely unchecked and can cause undefined behavior
note: an unsafe function restricts its caller, but its body is safe by default
   --> arch/src/arm64/boot.rs:178:5
    |
178 |     pub(super) unsafe fn enable_cpacr_el1_fpen_user() {
    |     ^^^^^^^^^^^^^^^^^^^^^^^^^^^^^^^^^^^^^^^^^^^^^^^^^

warning[E0133]: use of inline assembly is unsafe and requires unsafe block
   --> arch/src/arm64/boot.rs:189:9
    |
189 | /         core::arch::asm!(
190 | |             "mrs {tmp}, CPACR_EL1",
191 | |             "bic {tmp}, {tmp}, #(0x3 << 20)", // FPEN = 0b00
192 | |             "msr CPACR_EL1, {tmp}",
193 | |             "isb",
194 | |             tmp = out(reg) _,
195 | |         );
    | |_________^ use of inline assembly
    |
    = note: for more information, see <https://doc.rust-lang.org/edition-guide/rust-2024/unsafe-op-in-unsafe-fn.html>
    = note: inline assembly is entirely unchecked and can cause undefined behavior
note: an unsafe function restricts its caller, but its body is safe by default
   --> arch/src/arm64/boot.rs:188:5
    |
188 |     pub(super) unsafe fn enable_cpacr_el1_fpen_kernel() {
    |     ^^^^^^^^^^^^^^^^^^^^^^^^^^^^^^^^^^^^^^^^^^^^^^^^^^^

warning: method `get` is never used
  --> arch/src/arm64/protection.rs:59:25
   |
53 | impl AArch64PrivilegeLevel {
   | -------------------------- method in this implementation
...
59 |     pub(crate) const fn get(self) -> u8 {
   |                         ^^^
   |
   = note: `#[warn(dead_code)]` (part of `#[warn(unused)]`) on by default

warning: field `cpu_count` is never read
  --> arch/src/arm64/protection.rs:74:5
   |
72 | pub struct AArch64Protection {
   |            ----------------- field in this struct
73 |     /// Number of CPUs initialized (for SMP tracking).
74 |     cpu_count: u32,
   |     ^^^^^^^^^

warning: constant `FPSIMD_SIZE` is never used
  --> arch/src/arm64/fpu.rs:30:7
   |
30 | const FPSIMD_SIZE: usize = 528;
   |       ^^^^^^^^^^^

warning: constant `GP_X11` is never used
  --> arch/src/arm64/signal.rs:51:18
   |
51 | pub(super) const GP_X11: usize = 10;
   |                  ^^^^^^

   Compiling minix-kernel v0.1.0 (/home/xzhao/github/minix-rs/os/kernel)
warning: `minix-arch` (lib) generated 22 warnings (run `cargo fix --lib -p minix-arch` to apply 12 suggestions)
error[E0425]: cannot find type `TrapFrame` in this scope
   --> kernel/src/trap_dispatch.rs:119:13
    |
119 |     frame: &TrapFrame,
    |             ^^^^^^^^^ not found in this scope

warning: unused import: `minix_arch::CpuContextArch as _`
    --> kernel/src/proc.rs:1766:9
     |
1766 |     use minix_arch::CpuContextArch as _;
     |         ^^^^^^^^^^^^^^^^^^^^^^^^^^^^^^^
     |
     = note: `#[warn(unused_imports)]` (part of `#[warn(unused)]`) on by default

warning: unused import: `crate::syscall::KcallResult`
  --> kernel/src/trap_dispatch.rs:40:5
   |
40 | use crate::syscall::KcallResult;
   |     ^^^^^^^^^^^^^^^^^^^^^^^^^^^

warning: unused imports: `ExceptionArch` and `FaultContext`
  --> kernel/src/trap_dispatch.rs:41:29
   |
41 | use minix_arch::exception::{ExceptionArch, FaultContext};
   |                             ^^^^^^^^^^^^^  ^^^^^^^^^^^^

warning: unused imports: `ExceptionDispatcher`, `ExceptionOutcome`, and `ExceptionSignal`
  --> kernel/src/trap_dispatch.rs:42:40
   |
42 | ...cher::{ExceptionDispatcher, ExceptionOutcome, ExceptionSignal};
   |           ^^^^^^^^^^^^^^^^^^^  ^^^^^^^^^^^^^^^^  ^^^^^^^^^^^^^^^

warning: unused doc comment
   --> kernel/src/trap_dispatch.rs:204:5
    |
204 | /     /// 站点以首字节区分（pf2 / x33 / irq / sig / vms / rst 首字互不...
205 | |     /// 探针的 site 首字必须唯一，否则去重会合并不同站点）。
    | |____________________________________________________________^
206 |       let site_key = site.as_bytes()[0];
    |       ---------------------------------- rustdoc does not generate documentation for statements
    |
    = help: use `//` for a plain comment
    = note: `#[warn(unused_doc_comments)]` (part of `#[warn(unused)]`) on by default

warning: unused imports: `CurrentDirectMap` and `DirectMapArch`
    --> kernel/src/syscall.rs:2763:30
     |
2763 |             use minix_arch::{CurrentDirectMap, DirectMapArch};
     |                              ^^^^^^^^^^^^^^^^  ^^^^^^^^^^^^^

warning: unused import: `minix_arch::DirectMapArch as _`
    --> kernel/src/syscall.rs:3305:13
     |
3305 |         use minix_arch::DirectMapArch as _;
     |             ^^^^^^^^^^^^^^^^^^^^^^^^^^^^^^

warning: unused import: `minix_arch::DirectMapArch as _`
    --> kernel/src/syscall.rs:3308:17
     |
3308 |             use minix_arch::DirectMapArch as _;
     |                 ^^^^^^^^^^^^^^^^^^^^^^^^^^^^^^

warning: unused import: `crate::sched::Scheduler`
  --> kernel/src/smp.rs:55:5
   |
55 | use crate::sched::Scheduler;
   |     ^^^^^^^^^^^^^^^^^^^^^^^

warning: unused imports: `AtomicUsize` and `Ordering`
  --> kernel/src/kmess.rs:21:26
   |
21 | use core::sync::atomic::{AtomicUsize, Ordering};
   |                          ^^^^^^^^^^^  ^^^^^^^^

warning: unused import: `CrossSpaceResult`
   --> kernel/src/kmess.rs:170:33
    |
170 |     use crate::vm::{AddressRef, CrossSpaceResult};
    |                                 ^^^^^^^^^^^^^^^^

warning: unused import: `PhysBytes`
   --> kernel/src/kmess.rs:172:23
    |
172 |     use minix_types::{PhysBytes, VirBytes};
    |                       ^^^^^^^^^

warning: unused import: `core::ptr::addr_of`
    --> kernel/src/misc.rs:2457:21
     |
2457 |                 use core::ptr::addr_of;
     |                     ^^^^^^^^^^^^^^^^^^

warning: unused import: `core::ptr::addr_of`
    --> kernel/src/misc.rs:2488:25
     |
2488 |                     use core::ptr::addr_of;
     |                         ^^^^^^^^^^^^^^^^^^

warning: unused import: `AtomicBool`
  --> kernel/src/krandom.rs:31:26
   |
31 | use core::sync::atomic::{AtomicBool, Ordering};
   |                          ^^^^^^^^^^

warning: unused import: `AtomicI32`
  --> kernel/src/globals.rs:16:38
   |
16 | use core::sync::atomic::{AtomicBool, AtomicI32, AtomicU64};
   |                                      ^^^^^^^^^

warning: unused import: `SyncUnsafeCell`
  --> kernel/src/lib.rs:98:52
   |
98 |     PRIV_TABLE, PROC_TABLE, SMP_STATE, VM_RUNNING, SyncUnsafeCell,
   |                                                    ^^^^^^^^^^^^^^

warning: unused import: `minix_platform::platform_desc`
   --> kernel/src/lib.rs:530:9
    |
530 |     use minix_platform::platform_desc;
    |         ^^^^^^^^^^^^^^^^^^^^^^^^^^^^^

warning: unused import: `VmLoadError`
    --> kernel/src/lib.rs:1320:22
     |
1320 |         load_vm_elf, VmLoadError,
     |                      ^^^^^^^^^^^

warning: unused import: `ProcName`
    --> kernel/src/lib.rs:1322:31
     |
1322 |     use crate::proc::{ProcNr, ProcName, RtsFlagsBits, proc_nr, KERNEL_...
     |                               ^^^^^^^^

warning: unused import: `crate::proc_table::NR_TASKS`
    --> kernel/src/lib.rs:1323:9
     |
1323 |     use crate::proc_table::NR_TASKS;
     |         ^^^^^^^^^^^^^^^^^^^^^^^^^^^

warning: unused import: `VmBootRegions`
    --> kernel/src/lib.rs:1539:78
     |
1539 | ...otAllocator, VmBootRegion, VmBootRegions};
     |                               ^^^^^^^^^^^^^

error: invalid register `ecx`: unknown register
   --> kernel/src/lib.rs:658:44
    |
658 | ...   unsafe { core::arch::asm!("rdmsr", in("ecx") 0xC000_0101u32, out(...
    |                                          ^^^^^^^^^^^^^^^^^^^^^^^^

error: invalid register `eax`: unknown register
   --> kernel/src/lib.rs:658:70
    |
658 | ...in("ecx") 0xC000_0101u32, out("eax") g_lo, out("edx") g_hi, options(...
    |                              ^^^^^^^^^^^^^^^

error: invalid register `edx`: unknown register
   --> kernel/src/lib.rs:658:87
    |
658 | ...0101u32, out("eax") g_lo, out("edx") g_hi, options(nomem, nostack)) };
    |                              ^^^^^^^^^^^^^^^

error: invalid register `ecx`: unknown register
   --> kernel/src/lib.rs:661:44
    |
661 | ...   unsafe { core::arch::asm!("rdmsr", in("ecx") 0xC000_0102u32, out(...
    |                                          ^^^^^^^^^^^^^^^^^^^^^^^^

error: invalid register `eax`: unknown register
   --> kernel/src/lib.rs:661:70
    |
661 | ...in("ecx") 0xC000_0102u32, out("eax") k_lo, out("edx") k_hi, options(...
    |                              ^^^^^^^^^^^^^^^

error: invalid register `edx`: unknown register
   --> kernel/src/lib.rs:661:87
    |
661 | ...0102u32, out("eax") k_lo, out("edx") k_hi, options(nomem, nostack)) };
    |                              ^^^^^^^^^^^^^^^

error: invalid register `ecx`: unknown register
   --> kernel/src/lib.rs:676:44
    |
676 | ...   unsafe { core::arch::asm!("rdmsr", in("ecx") 0xC000_0101u32, out(...
    |                                          ^^^^^^^^^^^^^^^^^^^^^^^^

error: invalid register `eax`: unknown register
   --> kernel/src/lib.rs:676:70
    |
676 | ...in("ecx") 0xC000_0101u32, out("eax") g_lo, out("edx") g_hi, options(...
    |                              ^^^^^^^^^^^^^^^

error: invalid register `edx`: unknown register
   --> kernel/src/lib.rs:676:87
    |
676 | ...0101u32, out("eax") g_lo, out("edx") g_hi, options(nomem, nostack)) };
    |                              ^^^^^^^^^^^^^^^

error[E0609]: no field `rip` on type `AArch64ExceptionFrame`
   --> kernel/src/syscall_process.rs:415:48
    |
415 |                 Console::write_hex(probe_frame.rip);
    |                                                ^^^ unknown field
    |
    = note: available fields are: `vector`, `errcode`, `spsr_el1`, `elr_el1`, `sp_el0`, `regs`

error[E0609]: no field `rsp` on type `AArch64ExceptionFrame`
   --> kernel/src/syscall_process.rs:417:48
    |
417 |                 Console::write_hex(probe_frame.rsp);
    |                                                ^^^ unknown field
    |
    = note: available fields are: `vector`, `errcode`, `spsr_el1`, `elr_el1`, `sp_el0`, `regs`

error[E0609]: no field `rip` on type `AArch64ExceptionFrame`
    --> kernel/src/lib.rs:3346:29
     |
3346 |         C0::write_hex(frame.rip);
     |                             ^^^ unknown field
     |
     = note: available fields are: `vector`, `errcode`, `spsr_el1`, `elr_el1`, `sp_el0`, `regs`

error[E0609]: no field `rsp` on type `AArch64ExceptionFrame`
    --> kernel/src/lib.rs:3348:29
     |
3348 |         C0::write_hex(frame.rsp);
     |                             ^^^ unknown field
     |
     = note: available fields are: `vector`, `errcode`, `spsr_el1`, `elr_el1`, `sp_el0`, `regs`

error[E0609]: no field `rip` on type `AArch64ExceptionFrame`
    --> kernel/src/lib.rs:3364:19
     |
3364 |             frame.rip,
     |                   ^^^ unknown field
     |
     = note: available fields are: `vector`, `errcode`, `spsr_el1`, `elr_el1`, `sp_el0`, `regs`

error[E0609]: no field `rip` on type `AArch64ExceptionFrame`
    --> kernel/src/lib.rs:3370:19
     |
3370 |             frame.rip,
     |                   ^^^ unknown field
     |
     = note: available fields are: `vector`, `errcode`, `spsr_el1`, `elr_el1`, `sp_el0`, `regs`

error[E0609]: no field `rip` on type `AArch64ExceptionFrame`
    --> kernel/src/lib.rs:3376:19
     |
3376 |             frame.rip,
     |                   ^^^ unknown field
     |
     = note: available fields are: `vector`, `errcode`, `spsr_el1`, `elr_el1`, `sp_el0`, `regs`

warning: unused import: `PlatformDesc`
   --> kernel/src/lib.rs:844:41
    |
844 |     use minix_platform::{platform_desc, PlatformDesc};
    |                                         ^^^^^^^^^^^^

warning: unused import: `PlatformDesc`
    --> kernel/src/lib.rs:1232:41
     |
1232 |     use minix_platform::{platform_desc, PlatformDesc};
     |                                         ^^^^^^^^^^^^

warning: unused import: `PlatformDesc`
    --> kernel/src/lib.rs:2434:41
     |
2434 |     use minix_platform::{platform_desc, PlatformDesc};
     |                                         ^^^^^^^^^^^^

warning[E0133]: dereference of raw pointer is unsafe and requires unsafe block
   --> kernel/src/proc_table.rs:724:14
    |
724 |         &mut *core::ptr::addr_of_mut!(self.procs[idx])
    |              ^^^^^^^^^^^^^^^^^^^^^^^^^^^^^^^^^^^^^^^^^ dereference of raw pointer
    |
    = note: for more information, see <https://doc.rust-lang.org/edition-guide/rust-2024/unsafe-op-in-unsafe-fn.html>
    = note: raw pointers may be null, dangling or unaligned; they can violate aliasing rules and cause data races: all of these are undefined behavior
note: an unsafe function restricts its caller, but its body is safe by default
   --> kernel/src/proc_table.rs:715:5
    |
715 |     pub unsafe fn caller_slot_mut<'a>(&mut self, nr: ProcNr) -> &'a mut KProcess {
    |     ^^^^^^^^^^^^^^^^^^^^^^^^^^^^^^^^^^^^^^^^^^^^^^^^^^^^^^^^^^^^^^^^^^^^^^^^^^^^
    = note: `#[warn(unsafe_op_in_unsafe_fn)]` (part of `#[warn(rust_2024_compatibility)]`) on by default

warning[E0133]: call to unsafe function `trap_dispatch::aarch64_kernel_body` is unsafe and requires unsafe block
    --> kernel/src/trap_dispatch.rs:1679:9
     |
1679 |         aarch64_kernel_body(frame, class);
     |         ^^^^^^^^^^^^^^^^^^^^^^^^^^^^^^^^^ call to unsafe function
     |
     = note: for more information, see <https://doc.rust-lang.org/edition-guide/rust-2024/unsafe-op-in-unsafe-fn.html>
     = note: consult the function's documentation for information on how to avoid undefined behavior
note: an unsafe function restricts its caller, but its body is safe by default
    --> kernel/src/trap_dispatch.rs:1672:1
     |
1672 | / pub unsafe extern "C" fn aarch64_user_body(
1673 | |     frame: &mut minix_arch::arm64::trap_stub::AArch64TrapFrame,
1674 | |     class: u64,
1675 | | ) {
     | |_^

warning[E0133]: call to unsafe function `trap_dispatch::aarch64_kernel_call_leg` is unsafe and requires unsafe block
    --> kernel/src/trap_dispatch.rs:1693:13
     |
1693 |             aarch64_kernel_call_leg(frame);
     |             ^^^^^^^^^^^^^^^^^^^^^^^^^^^^^^ call to unsafe function
     |
     = note: for more information, see <https://doc.rust-lang.org/edition-guide/rust-2024/unsafe-op-in-unsafe-fn.html>
     = note: consult the function's documentation for information on how to avoid undefined behavior

warning: unused variable: `priv_table`
   --> kernel/src/clock.rs:614:5
    |
614 |     priv_table: &crate::kpriv::PrivTable,
    |     ^^^^^^^^^^ help: if this is intentional, prefix it with an underscore: `_priv_table`
    |
    = note: `#[warn(unused_variables)]` (part of `#[warn(unused)]`) on by default

warning: unused variable: `kernel_info`
   --> kernel/src/lib.rs:529:14
    |
529 | pub fn kmain(kernel_info: &KernelInfo) -> ! {
    |              ^^^^^^^^^^^ help: if this is intentional, prefix it with an underscore: `_kernel_info`

warning: variable does not need to be mutable
    --> kernel/src/lib.rs:1240:9
     |
1240 |     let mut clock = ClockState::new();
     |         ----^^^^^
     |         |
     |         help: remove this `mut`
     |
     = note: `#[warn(unused_mut)]` (part of `#[warn(unused)]`) on by default

Some errors have detailed explanations: E0133, E0425, E0609.
For more information about an error, try `rustc --explain E0133`.
warning: `minix-kernel` (lib) generated 31 warnings
error: could not compile `minix-kernel` (lib) due to 17 previous errors; 31 warnings emitted
FAIL: test-rt-birth-aarch64 build failed
RTBIRTH-AARCH64-EXIT=1
